Component: ARM Compiler 5.06 update 6 (build 750) Tool: armlink [4d35ed]

==============================================================================

Section Cross References

    main.o(i.bsp_event_callback) refers to app_usbd_hid_mouse.o(i.app_usbd_hid_mouse_x_move) for app_usbd_hid_mouse_x_move
    main.o(i.bsp_event_callback) refers to app_timer2.o(i.app_timer_start) for app_timer_start
    main.o(i.bsp_event_callback) refers to app_timer2.o(i.app_timer_stop) for app_timer_stop
    main.o(i.bsp_event_callback) refers to app_usbd_hid_mouse.o(i.app_usbd_hid_mouse_button_state) for app_usbd_hid_mouse_button_state
    main.o(i.bsp_event_callback) refers to app_usbd_hid_kbd.o(i.app_usbd_hid_kbd_modifier_state_set) for app_usbd_hid_kbd_modifier_state_set
    main.o(i.bsp_event_callback) refers to app_usbd_hid_kbd.o(i.app_usbd_hid_kbd_key_control) for app_usbd_hid_kbd_key_control
    main.o(i.bsp_event_callback) refers to main.o(.constdata) for m_app_hid_mouse
    main.o(i.exe_gzll_pairing) refers to nrf_gzp_host.o(i.gzp_host_execute) for gzp_host_execute
    main.o(i.exe_gzll_pairing) refers to nrf_gzp_host.o(i.gzp_id_req_received) for gzp_id_req_received
    main.o(i.exe_gzll_pairing) refers to nrf_gzp_host.o(i.gzp_id_req_grant) for gzp_id_req_grant
    main.o(i.exe_gzll_pairing) refers to nrf_gzll.o(i.nrf_gzll_get_rx_fifo_packet_count) for nrf_gzll_get_rx_fifo_packet_count
    main.o(i.exe_gzll_pairing) refers to nrf_gzll.o(i.nrf_gzll_fetch_packet_from_rx_fifo) for nrf_gzll_fetch_packet_from_rx_fifo
    main.o(i.exe_gzll_pairing) refers to nrf_gzp_host.o(i.gzp_crypt_user_data_received) for gzp_crypt_user_data_received
    main.o(i.exe_gzll_pairing) refers to nrf_gzp_host.o(i.gzp_crypt_user_data_read) for gzp_crypt_user_data_read
    main.o(i.exe_gzll_pairing) refers to main.o(.data) for length
    main.o(i.exe_gzll_pairing) refers to main.o(.bss) for payload
    main.o(i.gzll_pairing_init) refers to nrf_gzll.o(i.nrf_gzll_init) for nrf_gzll_init
    main.o(i.gzll_pairing_init) refers to nrf_gzll.o(i.nrf_gzll_get_error_code) for nrf_gzll_get_error_code
    main.o(i.gzll_pairing_init) refers to app_error_handler_keil.o(.emb_text) for app_error_handler
    main.o(i.gzll_pairing_init) refers to nrf_gzll.o(i.nrf_gzll_set_timeslot_period) for nrf_gzll_set_timeslot_period
    main.o(i.gzll_pairing_init) refers to nrf_gzp_host.o(i.gzp_init) for gzp_init
    main.o(i.gzll_pairing_init) refers to nrf_gzll.o(i.nrf_gzll_get_rx_pipes_enabled) for nrf_gzll_get_rx_pipes_enabled
    main.o(i.gzll_pairing_init) refers to nrf_gzll.o(i.nrf_gzll_set_rx_pipes_enabled) for nrf_gzll_set_rx_pipes_enabled
    main.o(i.gzll_pairing_init) refers to nrf_gzp_host.o(i.gzp_pairing_enable) for gzp_pairing_enable
    main.o(i.gzll_pairing_init) refers to nrf_gzll.o(i.nrf_gzll_enable) for nrf_gzll_enable
    main.o(i.gzll_pairing_init) refers to nrf_log_frontend.o(i.nrf_log_frontend_std_0) for nrf_log_frontend_std_0
    main.o(i.gzll_pairing_init) refers to nrf_log_frontend.o(i.nrf_log_frontend_dequeue) for nrf_log_frontend_dequeue
    main.o(i.gzll_pairing_init) refers to nrf_log_frontend.o(log_dynamic_data) for m_nrf_log_app_logs_data_dynamic
    main.o(i.gzll_pairing_init) refers to nrf_log_frontend.o(log_const_data) for m_nrf_log_app_logs_data_const
    main.o(i.hid_kbd_user_ev_handler) refers to boards.o(i.bsp_board_led_invert) for bsp_board_led_invert
    main.o(i.hid_kbd_user_ev_handler) refers to main.o(i.kbd_status) for kbd_status
    main.o(i.hid_kbd_user_ev_handler) refers to app_usbd_hid_kbd.o(i.hid_kbd_clear_buffer) for hid_kbd_clear_buffer
    main.o(i.hid_mouse_user_ev_handler) refers to boards.o(i.bsp_board_led_invert) for bsp_board_led_invert
    main.o(i.hid_mouse_user_ev_handler) refers to app_usbd_hid_mouse.o(i.hid_mouse_clear_buffer) for hid_mouse_clear_buffer
    main.o(i.init_bsp) refers to bsp.o(i.bsp_init) for bsp_init
    main.o(i.init_bsp) refers to app_error_handler_keil.o(.emb_text) for app_error_handler
    main.o(i.init_bsp) refers to bsp.o(i.bsp_event_to_button_action_assign) for bsp_event_to_button_action_assign
    main.o(i.init_bsp) refers to boards.o(i.bsp_board_init) for bsp_board_init
    main.o(i.init_bsp) refers to main.o(i.bsp_event_callback) for bsp_event_callback
    main.o(i.init_cli) refers to bsp_cli.o(i.bsp_cli_init) for bsp_cli_init
    main.o(i.init_cli) refers to app_error_handler_keil.o(.emb_text) for app_error_handler
    main.o(i.init_cli) refers to memmovea.o(.text) for __aeabi_memcpy4
    main.o(i.init_cli) refers to nrf_cli.o(i.nrf_cli_init) for nrf_cli_init
    main.o(i.init_cli) refers to nrf_cli.o(i.nrf_cli_start) for nrf_cli_start
    main.o(i.init_cli) refers to main.o(i.bsp_event_callback) for bsp_event_callback
    main.o(i.init_cli) refers to main.o(.constdata) for .constdata
    main.o(i.kbd_status) refers to app_usbd_hid_kbd.o(i.app_usbd_hid_kbd_led_state_get) for app_usbd_hid_kbd_led_state_get
[...]
    0x0000bee8   0x0000bee8   0x0000002c   Code   RO         6204    i.nrf_drv_uart_uninit  nrf_cli_uart.o
    0x0000bf14   0x0000bf14   0x0000006c   Code   RO         3289    i.nrf_ecb_crypt     nrf_ecb.o
    0x0000bf80   0x0000bf80   0x00000030   Code   RO         3290    i.nrf_ecb_init      nrf_ecb.o
    0x0000bfb0   0x0000bfb0   0x00000018   Code   RO         3291    i.nrf_ecb_set_key   nrf_ecb.o
    0x0000bfc8   0x0000bfc8   0x00000040   Code   RO         8743    i.nrf_fifo_flush    gzll_nrf52840_sd_resources_arm.lib(nrf_fifo.o)
    0x0000c008   0x0000c008   0x0000000c   Code   RO         8766    i.nrf_fifo_free_packet_num_get  gzll_nrf52840_sd_resources_arm.lib(nrf_fifo.o)
    0x0000c014   0x0000c014   0x00000058   Code   RO         8744    i.nrf_fifo_init     gzll_nrf52840_sd_resources_arm.lib(nrf_fifo.o)
    0x0000c06c   0x0000c06c   0x00000054   Code   RO         8745    i.nrf_fifo_packet_free  gzll_nrf52840_sd_resources_arm.lib(nrf_fifo.o)
    0x0000c0c0   0x0000c0c0   0x00000024   Code   RO         8764    i.nrf_fifo_packet_num_get  gzll_nrf52840_sd_resources_arm.lib(nrf_fifo.o)
    0x0000c0e4   0x0000c0e4   0x00000044   Code   RO         8746    i.nrf_fifo_packet_pop  gzll_nrf52840_sd_resources_arm.lib(nrf_fifo.o)
    0x0000c128   0x0000c128   0x00000064   Code   RO         8747    i.nrf_fifo_packet_put  gzll_nrf52840_sd_resources_arm.lib(nrf_fifo.o)
    0x0000c18c   0x0000c18c   0x00000038   Code   RO         8748    i.nrf_fifo_packet_read  gzll_nrf52840_sd_resources_arm.lib(nrf_fifo.o)
    0x0000c1c4   0x0000c1c4   0x00000040   Code   RO         8749    i.nrf_fifo_packet_reserve  gzll_nrf52840_sd_resources_arm.lib(nrf_fifo.o)
    0x0000c204   0x0000c204   0x00000008   Code   RO         8549    i.nrf_flw_call_event_get  gzll_nrf52840_sd_resources_arm.lib(nrf_flywheel.o)
    0x0000c20c   0x0000c20c   0x000000f0   Code   RO         8550    i.nrf_flw_call_prepare  gzll_nrf52840_sd_resources_arm.lib(nrf_flywheel.o)
    0x0000c2fc   0x0000c2fc   0x00000008   Code   RO         8551    i.nrf_flw_capture_task_get  gzll_nrf52840_sd_resources_arm.lib(nrf_flywheel.o)
    0x0000c304   0x0000c304   0x00000064   Code   RO         8552    i.nrf_flw_init      gzll_nrf52840_sd_resources_arm.lib(nrf_flywheel.o)
    0x0000c368   0x0000c368   0x0000000c   Code   RO         8553    i.nrf_flw_runstate_get  gzll_nrf52840_sd_resources_arm.lib(nrf_flywheel.o)
    0x0000c374   0x0000c374   0x00000018   Code   RO         8554    i.nrf_flw_start     gzll_nrf52840_sd_resources_arm.lib(nrf_flywheel.o)
    0x0000c38c   0x0000c38c   0x00000028   Code   RO         8555    i.nrf_flw_stop      gzll_nrf52840_sd_resources_arm.lib(nrf_flywheel.o)
    0x0000c3b4   0x0000c3b4   0x0000000c   Code   RO         8556    i.nrf_flw_task_is_delayed  gzll_nrf52840_sd_resources_arm.lib(nrf_flywheel.o)
    0x0000c3c0   0x0000c3c0   0x0000002a   Code   RO         6289    i.nrf_fprintf       nrf_fprintf.o
    0x0000c3ea   0x0000c3ea   0x0000001c   Code   RO         6290    i.nrf_fprintf_buffer_flush  nrf_fprintf.o
    0x0000c406   0x0000c406   0x000001f0   Code   RO         6321    i.nrf_fprintf_fmt   nrf_fprintf_format.o
    0x0000c5f6   0x0000c5f6   0x00000034   Code   RO          473    i.nrf_gpio_cfg      boards.o
    0x0000c62a   0x0000c62a   0x00000034   Code   RO         1567    i.nrf_gpio_cfg      nrfx_gpiote.o
    0x0000c65e   0x0000c65e   0x00000034   Code   RO         2185    i.nrf_gpio_cfg      nrfx_uart.o
    0x0000c692   0x0000c692   0x00000034   Code   RO         2433    i.nrf_gpio_cfg      nrfx_uarte.o
    0x0000c6c6   0x0000c6c6   0x00000018   Code   RO         2186    i.nrf_gpio_cfg_default  nrfx_uart.o
    0x0000c6de   0x0000c6de   0x00000018   Code   RO         2434    i.nrf_gpio_cfg_default  nrfx_uarte.o
    0x0000c6f6   0x0000c6f6   0x0000001a   Code   RO         2187    i.nrf_gpio_cfg_input  nrfx_uart.o
    0x0000c710   0x0000c710   0x0000001a   Code   RO         2435    i.nrf_gpio_cfg_input  nrfx_uarte.o
    0x0000c72a   0x0000c72a   0x00000018   Code   RO         2188    i.nrf_gpio_cfg_output  nrfx_uart.o
    0x0000c742   0x0000c742   0x00000018   Code   RO         2436    i.nrf_gpio_cfg_output  nrfx_uarte.o
    0x0000c75a   0x0000c75a   0x0000003a   Code   RO         1569    i.nrf_gpio_cfg_sense_set  nrfx_gpiote.o
    0x0000c794   0x0000c794   0x00000020   Code   RO          474    i.nrf_gpio_pin_port_decode  boards.o
    0x0000c7b4   0x0000c7b4   0x00000020   Code   RO         1571    i.nrf_gpio_pin_port_decode  nrfx_gpiote.o
    0x0000c7d4   0x0000c7d4   0x00000020   Code   RO         2189    i.nrf_gpio_pin_port_decode  nrfx_uart.o
    0x0000c7f4   0x0000c7f4   0x00000020   Code   RO         2437    i.nrf_gpio_pin_port_decode  nrfx_uarte.o
    0x0000c814   0x0000c814   0x0000001a   Code   RO         1572    i.nrf_gpio_pin_read  nrfx_gpiote.o
    0x0000c82e   0x0000c82e   0x0000001a   Code   RO         2190    i.nrf_gpio_pin_set  nrfx_uart.o
    0x0000c848   0x0000c848   0x0000001a   Code   RO         2438    i.nrf_gpio_pin_set  nrfx_uarte.o
    0x0000c862   0x0000c862   0x00000042   Code   RO          475    i.nrf_gpio_pin_write  boards.o
    0x0000c8a4   0x0000c8a4   0x0000002c   Code   RO         1574    i.nrf_gpio_ports_read  nrfx_gpiote.o
    0x0000c8d0   0x0000c8d0   0x0000000c   Code   RO         1575    i.nrf_gpiote_event_addr_get  nrfx_gpiote.o
    0x0000c8dc   0x0000c8dc   0x0000001c   Code   RO         1576    i.nrf_gpiote_event_clear  nrfx_gpiote.o
    0x0000c8f8   0x0000c8f8   0x00000016   Code   RO         1577    i.nrf_gpiote_event_is_set  nrfx_gpiote.o
    0x0000c90e   0x0000c90e   0x00000002   PAD
    0x0000c910   0x0000c910   0x0000000c   Code   RO         1578    i.nrf_gpiote_int_enable  nrfx_gpiote.o
    0x0000c91c   0x0000c91c   0x00000090   Code   RO         8211    i.nrf_gzll_add_packet_to_tx_fifo  gzll_nrf52840_sd_resources_arm.lib(nrf_gzll.o)
    0x0000c9ac   0x0000c9ac   0x00000002   Code   RO         7939    i.nrf_gzll_device_tx_failed  nrf_gzp_host.o
    0x0000c9ae   0x0000c9ae   0x00000002   Code   RO         7940    i.nrf_gzll_device_tx_success  nrf_gzp_host.o
    0x0000c9b0   0x0000c9b0   0x00000018   Code   RO         8214    i.nrf_gzll_disable  gzll_nrf52840_sd_resources_arm.lib(nrf_gzll.o)
    0x0000c9c8   0x0000c9c8   0x00000002   Code   RO         7941    i.nrf_gzll_disabled  nrf_gzp_host.o
    0x0000c9ca   0x0000c9ca   0x00000002   PAD
    0x0000c9cc   0x0000c9cc   0x0000001c   Code   RO         8215    i.nrf_gzll_enable   gzll_nrf52840_sd_resources_arm.lib(nrf_gzll.o)
    0x0000c9e8   0x0000c9e8   0x0000006c   Code   RO         8216    i.nrf_gzll_fetch_packet_from_rx_fifo  gzll_nrf52840_sd_resources_arm.lib(nrf_gzll.o)
    0x0000ca54   0x0000ca54   0x00000020   Code   RO         8217    i.nrf_gzll_flush_rx_fifo  gzll_nrf52840_sd_resources_arm.lib(nrf_gzll.o)
    0x0000ca74   0x0000ca74   0x00000028   Code   RO         8218    i.nrf_gzll_flush_tx_fifo  gzll_nrf52840_sd_resources_arm.lib(nrf_gzll.o)
    0x0000ca9c   0x0000ca9c   0x0000000c   Code   RO         8223    i.nrf_gzll_get_channel_table_size  gzll_nrf52840_sd_resources_arm.lib(nrf_gzll.o)
    0x0000caa8   0x0000caa8   0x0000000c   Code   RO         8227    i.nrf_gzll_get_error_code  gzll_nrf52840_sd_resources_arm.lib(nrf_gzll.o)
    0x0000cab4   0x0000cab4   0x00000028   Code   RO         8230    i.nrf_gzll_get_mode  gzll_nrf52840_sd_resources_arm.lib(nrf_gzll.o)
    0x0000cadc   0x0000cadc   0x00000018   Code   RO         8231    i.nrf_gzll_get_rx_fifo_packet_count  gzll_nrf52840_sd_resources_arm.lib(nrf_gzll.o)
    0x0000caf4   0x0000caf4   0x00000004   Code   RO         8232    i.nrf_gzll_get_rx_pipes_enabled  gzll_nrf52840_sd_resources_arm.lib(nrf_gzll.o)
    0x0000caf8   0x0000caf8   0x00000018   Code   RO         7942    i.nrf_gzll_host_rx_data_ready  nrf_gzp_host.o
    0x0000cb10   0x0000cb10   0x00000088   Code   RO         8242    i.nrf_gzll_init     gzll_nrf52840_sd_resources_arm.lib(nrf_gzll.o)
    0x0000cb98   0x0000cb98   0x0000000c   Code   RO         8243    i.nrf_gzll_is_enabled  gzll_nrf52840_sd_resources_arm.lib(nrf_gzll.o)
    0x0000cba4   0x0000cba4   0x00000002   Code   RO         8244    i.nrf_gzll_mode_changed  gzll_nrf52840_sd_resources_arm.lib(nrf_gzll.o)
    0x0000cba6   0x0000cba6   0x00000002   PAD
    0x0000cba8   0x0000cba8   0x00000028   Code   RO         8249    i.nrf_gzll_set_address_prefix_byte  gzll_nrf52840_sd_resources_arm.lib(nrf_gzll.o)
    0x0000cbd0   0x0000cbd0   0x00000018   Code   RO         8250    i.nrf_gzll_set_auto_disable  gzll_nrf52840_sd_resources_arm.lib(nrf_gzll.o)
    0x0000cbe8   0x0000cbe8   0x00000020   Code   RO         8251    i.nrf_gzll_set_base_address_0  gzll_nrf52840_sd_resources_arm.lib(nrf_gzll.o)
    0x0000cc08   0x0000cc08   0x00000020   Code   RO         8252    i.nrf_gzll_set_base_address_1  gzll_nrf52840_sd_resources_arm.lib(nrf_gzll.o)
    0x0000cc28   0x0000cc28   0x00000044   Code   RO         8253    i.nrf_gzll_set_channel_table  gzll_nrf52840_sd_resources_arm.lib(nrf_gzll.o)
    0x0000cc6c   0x0000cc6c   0x00000030   Code   RO         8254    i.nrf_gzll_set_datarate  gzll_nrf52840_sd_resources_arm.lib(nrf_gzll.o)
    0x0000cc9c   0x0000cc9c   0x00000030   Code   RO         8255    i.nrf_gzll_set_device_channel_selection_policy  gzll_nrf52840_sd_resources_arm.lib(nrf_gzll.o)
    0x0000cccc   0x0000cccc   0x0000002c   Code   RO         8257    i.nrf_gzll_set_mode  gzll_nrf52840_sd_resources_arm.lib(nrf_gzll.o)
    0x0000ccf8   0x0000ccf8   0x00000020   Code   RO         8259    i.nrf_gzll_set_rx_pipes_enabled  gzll_nrf52840_sd_resources_arm.lib(nrf_gzll.o)
    0x0000cd18   0x0000cd18   0x00000020   Code   RO         8261    i.nrf_gzll_set_timeslot_period  gzll_nrf52840_sd_resources_arm.lib(nrf_gzll.o)
    0x0000cd38   0x0000cd38   0x00000044   Code   RO         8264    i.nrf_gzll_set_tx_power  gzll_nrf52840_sd_resources_arm.lib(nrf_gzll.o)
    0x0000cd7c   0x0000cd7c   0x00000030   Code   RO         8265    i.nrf_gzll_set_xosc_ctl  gzll_nrf52840_sd_resources_arm.lib(nrf_gzll.o)
    0x0000cdac   0x0000cdac   0x0000001a   Code   RO         7896    i.nrf_gzp_disable_gzll  nrf_gzp.o
    0x0000cdc6   0x0000cdc6   0x00000002   PAD
    0x0000cdc8   0x0000cdc8   0x0000001c   Code   RO         8348    i.nrf_impl_async_state_idle  gzll_nrf52840_sd_resources_arm.lib(nrf_impala.o)
    0x0000cde4   0x0000cde4   0x00000154   Code   RO         8349    i.nrf_impl_async_state_packet_received  gzll_nrf52840_sd_resources_arm.lib(nrf_impala.o)
    0x0000cf38   0x0000cf38   0x00000098   Code   RO         8350    i.nrf_impl_async_state_rx_enabling  gzll_nrf52840_sd_resources_arm.lib(nrf_impala.o)
    0x0000cfd0   0x0000cfd0   0x00000010   Code   RO         8351    i.nrf_impl_async_state_tx_ack_complete  gzll_nrf52840_sd_resources_arm.lib(nrf_impala.o)
    0x0000cfe0   0x0000cfe0   0x00000018   Code   RO         8353    i.nrf_impl_base_address_0_set  gzll_nrf52840_sd_resources_arm.lib(nrf_impala.o)
    0x0000cff8   0x0000cff8   0x00000018   Code   RO         8355    i.nrf_impl_base_address_1_7_set  gzll_nrf52840_sd_resources_arm.lib(nrf_impala.o)
    0x0000d010   0x0000d010   0x0000001c   Code   RO         8357    i.nrf_impl_base_address_length_set  gzll_nrf52840_sd_resources_arm.lib(nrf_impala.o)
    0x0000d02c   0x0000d02c   0x0000000c   Code   RO         8359    i.nrf_impl_chan_select_policy_set  gzll_nrf52840_sd_resources_arm.lib(nrf_impala.o)
    0x0000d038   0x0000d038   0x00000030   Code   RO         8360    i.nrf_impl_channel_table_set  gzll_nrf52840_sd_resources_arm.lib(nrf_impala.o)
    0x0000d068   0x0000d068   0x0000001c   Code   RO         8361    i.nrf_impl_chm_timeslots_per_channel_update  gzll_nrf52840_sd_resources_arm.lib(nrf_impala.o)
    0x0000d084   0x0000d084   0x0000004c   Code   RO         8362    i.nrf_impl_cleanup_all  gzll_nrf52840_sd_resources_arm.lib(nrf_impala.o)
    0x0000d0d0   0x0000d0d0   0x00000064   Code   RO         8363    i.nrf_impl_crc_length_set  gzll_nrf52840_sd_resources_arm.lib(nrf_impala.o)
    0x0000d134   0x0000d134   0x0000001c   Code   RO         8511    i.nrf_impl_datarate_set  gzll_nrf52840_sd_resources_arm.lib(nrf_impala.o)
    0x0000d150   0x0000d150   0x00000114   Code   RO         8364    i.nrf_impl_device_ack_received  gzll_nrf52840_sd_resources_arm.lib(nrf_impala.o)
    0x0000d264   0x0000d264   0x00000028   Code   RO         8365    i.nrf_impl_disable  gzll_nrf52840_sd_resources_arm.lib(nrf_impala.o)
    0x0000d28c   0x0000d28c   0x00000054   Code   RO         8367    i.nrf_impl_enable   gzll_nrf52840_sd_resources_arm.lib(nrf_impala.o)
    0x0000d2e0   0x0000d2e0   0x00000004   Code   RO         8368    i.nrf_impl_fifo_free_packet_num_get  gzll_nrf52840_sd_resources_arm.lib(nrf_impala.o)
    0x0000d2e4   0x0000d2e4   0x00000040   Code   RO         8369    i.nrf_impl_goto_disable  gzll_nrf52840_sd_resources_arm.lib(nrf_impala.o)
    0x0000d324   0x0000d324   0x00000144   Code   RO         8372    i.nrf_impl_init     gzll_nrf52840_sd_resources_arm.lib(nrf_impala.o)
    0x0000d468   0x0000d468   0x00000014   Code   RO         8373    i.nrf_impl_is_disabled  gzll_nrf52840_sd_resources_arm.lib(nrf_impala.o)
    0x0000d47c   0x0000d47c   0x0000000c   Code   RO         8376    i.nrf_impl_mode_get  gzll_nrf52840_sd_resources_arm.lib(nrf_impala.o)
    0x0000d488   0x0000d488   0x0000002c   Code   RO         8377    i.nrf_impl_mode_set  gzll_nrf52840_sd_resources_arm.lib(nrf_impala.o)
    0x0000d4b4   0x0000d4b4   0x00000094   Code   RO         8378    i.nrf_impl_mode_update  gzll_nrf52840_sd_resources_arm.lib(nrf_impala.o)
    0x0000d548   0x0000d548   0x00000020   Code   RO         8379    i.nrf_impl_notify_crc_failure  gzll_nrf52840_sd_resources_arm.lib(nrf_impala.o)
    0x0000d568   0x0000d568   0x0000003c   Code   RO         8380    i.nrf_impl_notify_device_ack  gzll_nrf52840_sd_resources_arm.lib(nrf_impala.o)
    0x0000d5a4   0x0000d5a4   0x0000002e   Code   RO         8381    i.nrf_impl_notify_host_packet  gzll_nrf52840_sd_resources_arm.lib(nrf_impala.o)
    0x0000d5d2   0x0000d5d2   0x00000002   PAD
    0x0000d5d4   0x0000d5d4   0x0000000c   Code   RO         8382    i.nrf_impl_pa_lna_cfg_set  gzll_nrf52840_sd_resources_arm.lib(nrf_impala.o)
    0x0000d5e0   0x0000d5e0   0x00000014   Code   RO         8383    i.nrf_impl_packet_free  gzll_nrf52840_sd_resources_arm.lib(nrf_impala.o)
    0x0000d5f4   0x0000d5f4   0x00000014   Code   RO         8384    i.nrf_impl_packet_reserve  gzll_nrf52840_sd_resources_arm.lib(nrf_impala.o)
    0x0000d608   0x0000d608   0x00000050   Code   RO         8386    i.nrf_impl_prefix_addr_set  gzll_nrf52840_sd_resources_arm.lib(nrf_impala.o)
    0x0000d658   0x0000d658   0x00000084   Code   RO         8387    i.nrf_impl_ptx_prepare  gzll_nrf52840_sd_resources_arm.lib(nrf_impala.o)
    0x0000d6dc   0x0000d6dc   0x0000005c   Code   RO         8388    i.nrf_impl_ptx_session_start  gzll_nrf52840_sd_resources_arm.lib(nrf_impala.o)
    0x0000d738   0x0000d738   0x00000060   Code   RO         8389    i.nrf_impl_radio_const_params_init  gzll_nrf52840_sd_resources_arm.lib(nrf_impala.o)
    0x0000d798   0x0000d798   0x0000005c   Code   RO         8390    i.nrf_impl_radio_params_restore  gzll_nrf52840_sd_resources_arm.lib(nrf_impala.o)
    0x0000d7f4   0x0000d7f4   0x0000003c   Code   RO         8391    i.nrf_impl_restore_all_hw_params  gzll_nrf52840_sd_resources_arm.lib(nrf_impala.o)
    0x0000d830   0x0000d830   0x00000024   Code   RO         8392    i.nrf_impl_rssi_state_set  gzll_nrf52840_sd_resources_arm.lib(nrf_impala.o)
    0x0000d854   0x0000d854   0x00000014   Code   RO         8393    i.nrf_impl_rx_fifo_flush  gzll_nrf52840_sd_resources_arm.lib(nrf_impala.o)
    0x0000d868   0x0000d868   0x00000004   Code   RO         8394    i.nrf_impl_rx_fifo_packet_num_get  gzll_nrf52840_sd_resources_arm.lib(nrf_impala.o)
    0x0000d86c   0x0000d86c   0x00000014   Code   RO         8395    i.nrf_impl_rx_fifo_pop  gzll_nrf52840_sd_resources_arm.lib(nrf_impala.o)
    0x0000d880   0x0000d880   0x00000004   Code   RO         8396    i.nrf_impl_rx_fifo_read  gzll_nrf52840_sd_resources_arm.lib(nrf_impala.o)
    0x0000d884   0x0000d884   0x0000000c   Code   RO         8397    i.nrf_impl_rx_pipes_enabled_get  gzll_nrf52840_sd_resources_arm.lib(nrf_impala.o)
    0x0000d890   0x0000d890   0x0000000c   Code   RO         8398    i.nrf_impl_rx_pipes_enabled_set  gzll_nrf52840_sd_resources_arm.lib(nrf_impala.o)
    0x0000d89c   0x0000d89c   0x00000018   Code   RO         8399    i.nrf_impl_sm_current_state_postpone  gzll_nrf52840_sd_resources_arm.lib(nrf_impala.o)
    0x0000d8b4   0x0000d8b4   0x00000034   Code   RO         8400    i.nrf_impl_sm_next_state_prepare  gzll_nrf52840_sd_resources_arm.lib(nrf_impala.o)
    0x0000d8e8   0x0000d8e8   0x00000064   Code   RO         8401    i.nrf_impl_sm_start  gzll_nrf52840_sd_resources_arm.lib(nrf_impala.o)
    0x0000d94c   0x0000d94c   0x00000018   Code   RO         8402    i.nrf_impl_sm_state_is_postponed  gzll_nrf52840_sd_resources_arm.lib(nrf_impala.o)
    0x0000d964   0x0000d964   0x00000030   Code   RO         8403    i.nrf_impl_sm_stop  gzll_nrf52840_sd_resources_arm.lib(nrf_impala.o)
    0x0000d994   0x0000d994   0x0000003c   Code   RO         8404    i.nrf_impl_state_fun_device_send_packet  gzll_nrf52840_sd_resources_arm.lib(nrf_impala.o)
    0x0000d9d0   0x0000d9d0   0x0000013c   Code   RO         8405    i.nrf_impl_state_fun_timeslot_start  gzll_nrf52840_sd_resources_arm.lib(nrf_impala.o)
    0x0000db0c   0x0000db0c   0x00000024   Code   RO         8406    i.nrf_impl_swap_bits  gzll_nrf52840_sd_resources_arm.lib(nrf_impala.o)
    0x0000db30   0x0000db30   0x00000030   Code   RO         8407    i.nrf_impl_swap_bytes  gzll_nrf52840_sd_resources_arm.lib(nrf_impala.o)
    0x0000db60   0x0000db60   0x00000014   Code   RO         8408    i.nrf_impl_sync_count_dec  gzll_nrf52840_sd_resources_arm.lib(nrf_impala.o)
    0x0000db74   0x0000db74   0x00000018   Code   RO         8411    i.nrf_impl_sync_status  gzll_nrf52840_sd_resources_arm.lib(nrf_impala.o)
    0x0000db8c   0x0000db8c   0x0000000c   Code   RO         8413    i.nrf_impl_timeslot_period_set  gzll_nrf52840_sd_resources_arm.lib(nrf_impala.o)
    0x0000db98   0x0000db98   0x00000108   Code   RO         8414    i.nrf_impl_timeslot_start_device  gzll_nrf52840_sd_resources_arm.lib(nrf_impala.o)
    0x0000dca0   0x0000dca0   0x0000004c   Code   RO         8415    i.nrf_impl_timeslot_start_host  gzll_nrf52840_sd_resources_arm.lib(nrf_impala.o)
    0x0000dcec   0x0000dcec   0x0000000c   Code   RO         8417    i.nrf_impl_timeslots_in_sync_set  gzll_nrf52840_sd_resources_arm.lib(nrf_impala.o)
    0x0000dcf8   0x0000dcf8   0x0000000c   Code   RO         8419    i.nrf_impl_timeslots_out_of_sync_set  gzll_nrf52840_sd_resources_arm.lib(nrf_impala.o)
    0x0000dd04   0x0000dd04   0x00000030   Code   RO         8420    i.nrf_impl_tx_fifo_flush  gzll_nrf52840_sd_resources_arm.lib(nrf_impala.o)
    0x0000dd34   0x0000dd34   0x00000004   Code   RO         8421    i.nrf_impl_tx_fifo_packet_num_get  gzll_nrf52840_sd_resources_arm.lib(nrf_impala.o)
    0x0000dd38   0x0000dd38   0x00000034   Code   RO         8422    i.nrf_impl_tx_fifo_put  gzll_nrf52840_sd_resources_arm.lib(nrf_impala.o)
    0x0000dd6c   0x0000dd6c   0x00000014   Code   RO         8513    i.nrf_impl_tx_power_set  gzll_nrf52840_sd_resources_arm.lib(nrf_impala.o)
    0x0000dd80   0x0000dd80   0x0000000c   Code   RO         8425    i.nrf_impl_xosc_ctl_set  gzll_nrf52840_sd_resources_arm.lib(nrf_impala.o)
    0x0000dd8c   0x0000dd8c   0x00000058   Code   RO         8579    i.nrf_lcore_basic_irq  gzll_nrf52840_sd_resources_arm.lib(nrf_link_core.o)
    0x0000dde4   0x0000dde4   0x00000024   Code   RO         8580    i.nrf_lcore_device_irq  gzll_nrf52840_sd_resources_arm.lib(nrf_link_core.o)
    0x0000de08   0x0000de08   0x0000003c   Code   RO         8581    i.nrf_lcore_device_lna_control_disable  gzll_nrf52840_sd_resources_arm.lib(nrf_link_core.o)
    0x0000de44   0x0000de44   0x0000001c   Code   RO         8582    i.nrf_lcore_device_lna_output_clear  gzll_nrf52840_sd_resources_arm.lib(nrf_link_core.o)
    0x0000de60   0x0000de60   0x0000003c   Code   RO         8583    i.nrf_lcore_device_lna_timer_setup  gzll_nrf52840_sd_resources_arm.lib(nrf_link_core.o)
    0x0000de9c   0x0000de9c   0x00000090   Code   RO         8584    i.nrf_lcore_device_pa_control_setup  gzll_nrf52840_sd_resources_arm.lib(nrf_link_core.o)
    0x0000df2c   0x0000df2c   0x0000009c   Code   RO         8585    i.nrf_lcore_device_rx_end_irq  gzll_nrf52840_sd_resources_arm.lib(nrf_link_core.o)
    0x0000dfc8   0x0000dfc8   0x000000cc   Code   RO         8586    i.nrf_lcore_device_rx_ready_irq  gzll_nrf52840_sd_resources_arm.lib(nrf_link_core.o)
    0x0000e094   0x0000e094   0x000000d0   Code   RO         8587    i.nrf_lcore_device_tx_address_irq  gzll_nrf52840_sd_resources_arm.lib(nrf_link_core.o)
    0x0000e164   0x0000e164   0x00000068   Code   RO         8588    i.nrf_lcore_disable  gzll_nrf52840_sd_resources_arm.lib(nrf_link_core.o)
    0x0000e1cc   0x0000e1cc   0x0000000c   Code   RO         8589    i.nrf_lcore_get_last_transaction_rf_channel  gzll_nrf52840_sd_resources_arm.lib(nrf_link_core.o)
    0x0000e1d8   0x0000e1d8   0x00000038   Code   RO         8590    i.nrf_lcore_gpiote_chan_cfg  gzll_nrf52840_sd_resources_arm.lib(nrf_link_core.o)
    0x0000e210   0x0000e210   0x0000002c   Code   RO         8591    i.nrf_lcore_host_irq  gzll_nrf52840_sd_resources_arm.lib(nrf_link_core.o)
    0x0000e23c   0x0000e23c   0x00000118   Code   RO         8592    i.nrf_lcore_host_rx_end_irq  gzll_nrf52840_sd_resources_arm.lib(nrf_link_core.o)
    0x0000e354   0x0000e354   0x000000c0   Code   RO         8593    i.nrf_lcore_host_rx_ready_irq  gzll_nrf52840_sd_resources_arm.lib(nrf_link_core.o)
    0x0000e414   0x0000e414   0x000000a4   Code   RO         8594    i.nrf_lcore_host_tx_end_irq  gzll_nrf52840_sd_resources_arm.lib(nrf_link_core.o)
    0x0000e4b8   0x0000e4b8   0x000000a8   Code   RO         8595    i.nrf_lcore_init    gzll_nrf52840_sd_resources_arm.lib(nrf_link_core.o)
    0x0000e560   0x0000e560   0x00000070   Code   RO         8596    i.nrf_lcore_operation_end  gzll_nrf52840_sd_resources_arm.lib(nrf_link_core.o)
    0x0000e5d0   0x0000e5d0   0x000000b0   Code   RO         8597    i.nrf_lcore_operation_prepare  gzll_nrf52840_sd_resources_arm.lib(nrf_link_core.o)
    0x0000e680   0x0000e680   0x00000130   Code   RO         8598    i.nrf_lcore_operation_start  gzll_nrf52840_sd_resources_arm.lib(nrf_link_core.o)
    0x0000e7b0   0x0000e7b0   0x00000024   Code   RO         8599    i.nrf_lcore_pa_lna_output_off  gzll_nrf52840_sd_resources_arm.lib(nrf_link_core.o)
    0x0000e7d4   0x0000e7d4   0x00000024   Code   RO         8600    i.nrf_lcore_pa_lna_output_on  gzll_nrf52840_sd_resources_arm.lib(nrf_link_core.o)
    0x0000e7f8   0x0000e7f8   0x00000014   Code   RO         8634    i.nrf_lcore_rx_address_match  gzll_nrf52840_sd_resources_arm.lib(nrf_link_core.o)
    0x0000e80c   0x0000e80c   0x00000088   Code   RO         7081    i.nrf_log_backend_add  nrf_log_frontend.o
    0x0000e894   0x0000e894   0x00000012   Code   RO         5776    i.nrf_log_backend_cli_flush  nrf_cli.o
    0x0000e8a6   0x0000e8a6   0x00000024   Code   RO         5777    i.nrf_log_backend_cli_panic_set  nrf_cli.o
    0x0000e8ca   0x0000e8ca   0x00000060   Code   RO         5778    i.nrf_log_backend_cli_put  nrf_cli.o
    0x0000e92a   0x0000e92a   0x00000008   Code   RO         7082    i.nrf_log_backend_enable  nrf_log_frontend.o
    0x0000e932   0x0000e932   0x00000002   Code   RO         6836    i.nrf_log_backend_rtt_flush  nrf_log_backend_rtt.o
    0x0000e934   0x0000e934   0x00000002   Code   RO         6838    i.nrf_log_backend_rtt_panic_set  nrf_log_backend_rtt.o
    0x0000e936   0x0000e936   0x00000002   PAD
    0x0000e938   0x0000e938   0x00000020   Code   RO         6839    i.nrf_log_backend_rtt_put  nrf_log_backend_rtt.o
    0x0000e958   0x0000e958   0x000000f2   Code   RO         6904    i.nrf_log_backend_serial_put  nrf_log_backend_serial.o
    0x0000ea4a   0x0000ea4a   0x00000002   Code   RO         6938    i.nrf_log_backend_uart_flush  nrf_log_backend_uart.o
    0x0000ea4c   0x0000ea4c   0x00000038   Code   RO         6940    i.nrf_log_backend_uart_panic_set  nrf_log_backend_uart.o
    0x0000ea84   0x0000ea84   0x00000020   Code   RO         6941    i.nrf_log_backend_uart_put  nrf_log_backend_uart.o
    0x0000eaa4   0x0000eaa4   0x00000038   Code   RO         7084    i.nrf_log_color_id_get  nrf_log_frontend.o
    0x0000eadc   0x0000eadc   0x00000348   Code   RO         7085    i.nrf_log_frontend_dequeue  nrf_log_frontend.o
    0x0000ee24   0x0000ee24   0x00000014   Code   RO         7087    i.nrf_log_frontend_std_0  nrf_log_frontend.o
    0x0000ee38   0x0000ee38   0x00000018   Code   RO         7088    i.nrf_log_frontend_std_1  nrf_log_frontend.o
    0x0000ee50   0x0000ee50   0x00000020   Code   RO         7089    i.nrf_log_frontend_std_2  nrf_log_frontend.o
    0x0000ee70   0x0000ee70   0x00000028   Code   RO         7090    i.nrf_log_frontend_std_3  nrf_log_frontend.o
    0x0000ee98   0x0000ee98   0x0000002c   Code   RO         7091    i.nrf_log_frontend_std_4  nrf_log_frontend.o
    0x0000eec4   0x0000eec4   0x00000038   Code   RO         7092    i.nrf_log_frontend_std_5  nrf_log_frontend.o
    0x0000eefc   0x0000eefc   0x000000bc   Code   RO         7387    i.nrf_log_hexdump_entry_process  nrf_log_str_formatter.o
    0x0000efb8   0x0000efb8   0x000000bc   Code   RO         7094    i.nrf_log_init      nrf_log_frontend.o
    0x0000f074   0x0000f074   0x00000014   Code   RO         7095    i.nrf_log_module_cnt_get  nrf_log_frontend.o
    0x0000f088   0x0000f088   0x00000060   Code   RO         7096    i.nrf_log_module_filter_get  nrf_log_frontend.o
    0x0000f0e8   0x0000f0e8   0x00000054   Code   RO         7097    i.nrf_log_module_filter_set  nrf_log_frontend.o
    0x0000f13c   0x0000f13c   0x00000010   Code   RO         7098    i.nrf_log_module_init_filter_get  nrf_log_frontend.o
    0x0000f14c   0x0000f14c   0x00000024   Code   RO         7099    i.nrf_log_module_name_get  nrf_log_frontend.o
    0x0000f170   0x0000f170   0x00000034   Code   RO         7100    i.nrf_log_panic     nrf_log_frontend.o
    0x0000f1a4   0x0000f1a4   0x000000c8   Code   RO         7388    i.nrf_log_std_entry_process  nrf_log_str_formatter.o
    0x0000f26c   0x0000f26c   0x0000007a   Code   RO         6365    i.nrf_memobj_alloc  nrf_memobj.o
    0x0000f2e6   0x0000f2e6   0x00000040   Code   RO         6366    i.nrf_memobj_free   nrf_memobj.o
    0x0000f326   0x0000f326   0x00000010   Code   RO         6367    i.nrf_memobj_get    nrf_memobj.o
    0x0000f336   0x0000f336   0x0000000c   Code   RO         6368    i.nrf_memobj_pool_init  nrf_memobj.o
    0x0000f342   0x0000f342   0x0000001e   Code   RO         6369    i.nrf_memobj_put    nrf_memobj.o
    0x0000f360   0x0000f360   0x00000022   Code   RO         6370    i.nrf_memobj_read   nrf_memobj.o
    0x0000f382   0x0000f382   0x00000022   Code   RO         6371    i.nrf_memobj_write  nrf_memobj.o
    0x0000f3a4   0x0000f3a4   0x00000074   Code   RO         8640    i.nrf_nm_add        gzll_nrf52840_sd_resources_arm.lib(nrf_notification_manager.o)
    0x0000f418   0x0000f418   0x00000034   Code   RO         8641    i.nrf_nm_init       gzll_nrf52840_sd_resources_arm.lib(nrf_notification_manager.o)
    0x0000f44c   0x0000f44c   0x00000028   Code   RO         8642    i.nrf_nm_notify_queue_space_get  gzll_nrf52840_sd_resources_arm.lib(nrf_notification_manager.o)
    0x0000f474   0x0000f474   0x00000080   Code   RO         3332    i.nrf_nvmc_write_byte  nrf_nvmc.o
    0x0000f4f4   0x0000f4f4   0x00000020   Code   RO         3333    i.nrf_nvmc_write_bytes  nrf_nvmc.o
    0x0000f514   0x0000f514   0x0000000c   Code   RO         8654    i.nrf_pm_current_ptx_ack_ptr_get  gzll_nrf52840_sd_resources_arm.lib(nrf_packet_manager.o)
    0x0000f520   0x0000f520   0x0000000c   Code   RO         8655    i.nrf_pm_current_ptx_packet_get  gzll_nrf52840_sd_resources_arm.lib(nrf_packet_manager.o)
    0x0000f52c   0x0000f52c   0x0000000c   Code   RO         8656    i.nrf_pm_current_ptx_pipe_get  gzll_nrf52840_sd_resources_arm.lib(nrf_packet_manager.o)
    0x0000f538   0x0000f538   0x0000000c   Code   RO         8658    i.nrf_pm_dyn_ack_status_set  gzll_nrf52840_sd_resources_arm.lib(nrf_packet_manager.o)
    0x0000f544   0x0000f544   0x00000004   Code   RO         8659    i.nrf_pm_fifo_free_packet_num_get  gzll_nrf52840_sd_resources_arm.lib(nrf_packet_manager.o)
    0x0000f548   0x0000f548   0x0000004c   Code   RO         8660    i.nrf_pm_init       gzll_nrf52840_sd_resources_arm.lib(nrf_packet_manager.o)
    0x0000f594   0x0000f594   0x00000004   Code   RO         8661    i.nrf_pm_packet_free  gzll_nrf52840_sd_resources_arm.lib(nrf_packet_manager.o)
    0x0000f598   0x0000f598   0x00000004   Code   RO         8662    i.nrf_pm_packet_reserve  gzll_nrf52840_sd_resources_arm.lib(nrf_packet_manager.o)
    0x0000f59c   0x0000f59c   0x00000124   Code   RO         8664    i.nrf_pm_prx_end    gzll_nrf52840_sd_resources_arm.lib(nrf_packet_manager.o)
    0x0000f6c0   0x0000f6c0   0x0000003c   Code   RO         8665    i.nrf_pm_prx_start  gzll_nrf52840_sd_resources_arm.lib(nrf_packet_manager.o)
    0x0000f6fc   0x0000f6fc   0x00000074   Code   RO         8666    i.nrf_pm_ptx_end    gzll_nrf52840_sd_resources_arm.lib(nrf_packet_manager.o)
    0x0000f770   0x0000f770   0x0000000c   Code   RO         8667    i.nrf_pm_ptx_fifo_not_empty  gzll_nrf52840_sd_resources_arm.lib(nrf_packet_manager.o)
    0x0000f77c   0x0000f77c   0x0000004c   Code   RO         8668    i.nrf_pm_ptx_pipes_update  gzll_nrf52840_sd_resources_arm.lib(nrf_packet_manager.o)
    0x0000f7c8   0x0000f7c8   0x00000094   Code   RO         8669    i.nrf_pm_ptx_start  gzll_nrf52840_sd_resources_arm.lib(nrf_packet_manager.o)
    0x0000f85c   0x0000f85c   0x00000006   Code   RO         8670    i.nrf_pm_rx_fifo_flush  gzll_nrf52840_sd_resources_arm.lib(nrf_packet_manager.o)
    0x0000f862   0x0000f862   0x00000006   Code   RO         8671    i.nrf_pm_rx_fifo_packet_num_get  gzll_nrf52840_sd_resources_arm.lib(nrf_packet_manager.o)
    0x0000f868   0x0000f868   0x00000006   Code   RO         8672    i.nrf_pm_rx_fifo_pop  gzll_nrf52840_sd_resources_arm.lib(nrf_packet_manager.o)
    0x0000f86e   0x0000f86e   0x00000006   Code   RO         8673    i.nrf_pm_rx_fifo_read  gzll_nrf52840_sd_resources_arm.lib(nrf_packet_manager.o)
    0x0000f874   0x0000f874   0x0000000c   Code   RO         8674    i.nrf_pm_state_get  gzll_nrf52840_sd_resources_arm.lib(nrf_packet_manager.o)
    0x0000f880   0x0000f880   0x00000012   Code   RO         8675    i.nrf_pm_tx_fifo_flush  gzll_nrf52840_sd_resources_arm.lib(nrf_packet_manager.o)
    0x0000f892   0x0000f892   0x00000004   Code   RO         8676    i.nrf_pm_tx_fifo_packet_num_get  gzll_nrf52840_sd_resources_arm.lib(nrf_packet_manager.o)
    0x0000f896   0x0000f896   0x00000016   Code   RO         8677    i.nrf_pm_tx_fifo_pop  gzll_nrf52840_sd_resources_arm.lib(nrf_packet_manager.o)
    0x0000f8ac   0x0000f8ac   0x00000022   Code   RO         8678    i.nrf_pm_tx_fifo_put  gzll_nrf52840_sd_resources_arm.lib(nrf_packet_manager.o)
    0x0000f8ce   0x0000f8ce   0x00000004   Code   RO         8679    i.nrf_pm_tx_fifo_read  gzll_nrf52840_sd_resources_arm.lib(nrf_packet_manager.o)
    0x0000f8d2   0x0000f8d2   0x00000012   Code   RO         1885    i.nrf_power_event_clear  nrfx_power.o
    0x0000f8e4   0x0000f8e4   0x00000024   Code   RO         1886    i.nrf_power_event_get_and_clear  nrfx_power.o
    0x0000f908   0x0000f908   0x0000000c   Code   RO         1887    i.nrf_power_int_disable  nrfx_power.o
    0x0000f914   0x0000f914   0x0000000c   Code   RO         1888    i.nrf_power_int_enable  nrfx_power.o
    0x0000f920   0x0000f920   0x00000002   Code   RO         6440    i.nrf_pwr_mgmt_feed  nrf_pwr_mgmt.o
    0x0000f922   0x0000f922   0x00000096   Code   RO         6519    i.nrf_queue_generic_pop  nrf_queue.o
    0x0000f9b8   0x0000f9b8   0x00000016   Code   RO         6521    i.nrf_queue_is_empty  nrf_queue.o
    0x0000f9ce   0x0000f9ce   0x00000020   Code   RO         6522    i.nrf_queue_is_full  nrf_queue.o
    0x0000f9ee   0x0000f9ee   0x00000008   Code   RO         6523    i.nrf_queue_max_utilization_get  nrf_queue.o
    0x0000f9f6   0x0000f9f6   0x00000008   Code   RO         6524    i.nrf_queue_max_utilization_reset  nrf_queue.o
    0x0000f9fe   0x0000f9fe   0x00000010   Code   RO         6525    i.nrf_queue_next_idx  nrf_queue.o
    0x0000fa0e   0x0000fa0e   0x000000c4   Code   RO         6527    i.nrf_queue_push    nrf_queue.o
    0x0000fad2   0x0000fad2   0x00000002   PAD
    0x0000fad4   0x0000fad4   0x000000f4   Code   RO         6530    i.nrf_queue_status  nrf_queue.o
    0x0000fbc8   0x0000fbc8   0x0000001c   Code   RO         6531    i.nrf_queue_utilization_get  nrf_queue.o
    0x0000fbe4   0x0000fbe4   0x00000096   Code   RO         6654    i.nrf_ringbuf_alloc  nrf_ringbuf.o
    0x0000fc7a   0x0000fc7a   0x00000098   Code   RO         6655    i.nrf_ringbuf_cpy_get  nrf_ringbuf.o
    0x0000fd12   0x0000fd12   0x0000008a   Code   RO         6656    i.nrf_ringbuf_cpy_put  nrf_ringbuf.o
    0x0000fd9c   0x0000fd9c   0x00000036   Code   RO         6657    i.nrf_ringbuf_free  nrf_ringbuf.o
    0x0000fdd2   0x0000fdd2   0x00000092   Code   RO         6658    i.nrf_ringbuf_get   nrf_ringbuf.o
    0x0000fe64   0x0000fe64   0x0000001c   Code   RO         6659    i.nrf_ringbuf_init  nrf_ringbuf.o
    0x0000fe80   0x0000fe80   0x00000040   Code   RO         6660    i.nrf_ringbuf_put   nrf_ringbuf.o
    0x0000fec0   0x0000fec0   0x0000000a   Code   RO         5105    i.nrf_rtc_cc_set    drv_rtc.o
    0x0000feca   0x0000feca   0x00000008   Code   RO         5106    i.nrf_rtc_counter_get  drv_rtc.o
    0x0000fed2   0x0000fed2   0x0000000e   Code   RO         5107    i.nrf_rtc_event_clear  drv_rtc.o
    0x0000fee0   0x0000fee0   0x00000006   Code   RO         5108    i.nrf_rtc_event_disable  drv_rtc.o
    0x0000fee6   0x0000fee6   0x00000006   Code   RO         5109    i.nrf_rtc_event_enable  drv_rtc.o
    0x0000feec   0x0000feec   0x00000006   Code   RO         5110    i.nrf_rtc_int_disable  drv_rtc.o
    0x0000fef2   0x0000fef2   0x00000006   Code   RO         5111    i.nrf_rtc_int_enable  drv_rtc.o
    0x0000fef8   0x0000fef8   0x00000006   Code   RO         5112    i.nrf_rtc_task_trigger  drv_rtc.o
    0x0000fefe   0x0000fefe   0x00000002   PAD
    0x0000ff00   0x0000ff00   0x0000000c   Code   RO         8722    i.nrf_sm_current_state_get  gzll_nrf52840_sd_resources_arm.lib(nrf_state_machine.o)
    0x0000ff0c   0x0000ff0c   0x00000018   Code   RO         8723    i.nrf_sm_execute    gzll_nrf52840_sd_resources_arm.lib(nrf_state_machine.o)
    0x0000ff24   0x0000ff24   0x00000010   Code   RO         8724    i.nrf_sm_init       gzll_nrf52840_sd_resources_arm.lib(nrf_state_machine.o)
    0x0000ff34   0x0000ff34   0x0000000c   Code   RO         8725    i.nrf_sm_next_state_get  gzll_nrf52840_sd_resources_arm.lib(nrf_state_machine.o)
    0x0000ff40   0x0000ff40   0x0000001c   Code   RO         8726    i.nrf_sm_next_state_set  gzll_nrf52840_sd_resources_arm.lib(nrf_state_machine.o)
    0x0000ff5c   0x0000ff5c   0x00000028   Code   RO         6749    i.nrf_sortlist_add  nrf_sortlist.o
    0x0000ff84   0x0000ff84   0x00000008   Code   RO         6751    i.nrf_sortlist_peek  nrf_sortlist.o
    0x0000ff8c   0x0000ff8c   0x00000018   Code   RO         6752    i.nrf_sortlist_pop  nrf_sortlist.o
    0x0000ffa4   0x0000ffa4   0x00000026   Code   RO         6753    i.nrf_sortlist_remove  nrf_sortlist.o
    0x0000ffca   0x0000ffca   0x00000002   PAD
    0x0000ffcc   0x0000ffcc   0x00000040   Code   RO         6803    i.nrf_strerror_find  nrf_strerror.o
    0x0001000c   0x0001000c   0x0000001c   Code   RO         6804    i.nrf_strerror_get  nrf_strerror.o
    0x00010028   0x00010028   0x00000008   Code   RO         2107    i.nrf_systick_val_get  nrfx_systick.o
    0x00010030   0x00010030   0x0000000c   Code   RO         2191    i.nrf_uart_errorsrc_get_and_clear  nrfx_uart.o
    0x0001003c   0x0001003c   0x0000000e   Code   RO         2192    i.nrf_uart_event_check  nrfx_uart.o
    0x0001004a   0x0001004a   0x0000000e   Code   RO         2193    i.nrf_uart_event_clear  nrfx_uart.o
    0x00010058   0x00010058   0x0000000c   Code   RO         2194    i.nrf_uart_hwfc_pins_set  nrfx_uart.o
    0x00010064   0x00010064   0x00000006   Code   RO         2195    i.nrf_uart_int_disable  nrfx_uart.o
    0x0001006a   0x0001006a   0x00000006   Code   RO         2196    i.nrf_uart_int_enable  nrfx_uart.o
    0x00010070   0x00010070   0x00000012   Code   RO         2197    i.nrf_uart_int_enable_check  nrfx_uart.o
    0x00010082   0x00010082   0x00000006   Code   RO         2198    i.nrf_uart_task_trigger  nrfx_uart.o
    0x00010088   0x00010088   0x0000000e   Code   RO         2199    i.nrf_uart_txrx_pins_set  nrfx_uart.o
    0x00010096   0x00010096   0x0000000c   Code   RO         2439    i.nrf_uarte_errorsrc_get_and_clear  nrfx_uarte.o
    0x000100a2   0x000100a2   0x0000000e   Code   RO         2440    i.nrf_uarte_event_check  nrfx_uarte.o
    0x000100b0   0x000100b0   0x0000000e   Code   RO         2441    i.nrf_uarte_event_clear  nrfx_uarte.o
    0x000100be   0x000100be   0x0000000c   Code   RO         2442    i.nrf_uarte_hwfc_pins_set  nrfx_uarte.o
    0x000100ca   0x000100ca   0x00000006   Code   RO         2443    i.nrf_uarte_int_disable  nrfx_uarte.o
    0x000100d0   0x000100d0   0x00000006   Code   RO         2444    i.nrf_uarte_int_enable  nrfx_uarte.o
    0x000100d6   0x000100d6   0x0000000a   Code   RO         2445    i.nrf_uarte_rx_amount_get  nrfx_uarte.o
    0x000100e0   0x000100e0   0x0000000c   Code   RO         2446    i.nrf_uarte_shorts_disable  nrfx_uarte.o
    0x000100ec   0x000100ec   0x00000006   Code   RO         2447    i.nrf_uarte_task_trigger  nrfx_uarte.o
    0x000100f2   0x000100f2   0x0000000a   Code   RO         2448    i.nrf_uarte_tx_amount_get  nrfx_uarte.o
    0x000100fc   0x000100fc   0x0000000e   Code   RO         2449    i.nrf_uarte_txrx_pins_set  nrfx_uarte.o
    0x0001010a   0x0001010a   0x00000002   PAD
    0x0001010c   0x0001010c   0x0000004c   Code   RO         2685    i.nrf_usbd_ep0in_dma_handler  nrfx_usbd.o
    0x00010158   0x00010158   0x00000068   Code   RO         2686    i.nrf_usbd_ep0out_dma_handler  nrfx_usbd.o
    0x000101c0   0x000101c0   0x00000070   Code   RO         2687    i.nrf_usbd_ep_easydma_set  nrfx_usbd.o
    0x00010230   0x00010230   0x0000003c   Code   RO         2688    i.nrf_usbd_ep_enable_check  nrfx_usbd.o
    0x0001026c   0x0001026c   0x0000004c   Code   RO         2689    i.nrf_usbd_epin_dma_handler  nrfx_usbd.o
    0x000102b8   0x000102b8   0x00000068   Code   RO         2690    i.nrf_usbd_epiniso_dma_handler  nrfx_usbd.o
    0x00010320   0x00010320   0x0000006c   Code   RO         2691    i.nrf_usbd_epout_dma_handler  nrfx_usbd.o
    0x0001038c   0x0001038c   0x00000018   Code   RO         2692    i.nrf_usbd_event_check  nrfx_usbd.o
    0x000103a4   0x000103a4   0x00000030   Code   RO         2693    i.nrf_usbd_event_clear  nrfx_usbd.o
    0x000103d4   0x000103d4   0x00000018   Code   RO         2694    i.nrf_usbd_event_get_and_clear  nrfx_usbd.o
    0x000103ec   0x000103ec   0x0000002c   Code   RO         2695    i.nrf_usbd_eventcause_clear  nrfx_usbd.o
    0x00010418   0x00010418   0x0000000c   Code   RO         2696    i.nrf_usbd_eventcause_get  nrfx_usbd.o
    0x00010424   0x00010424   0x0000000c   Code   RO         2697    i.nrf_usbd_getRegPtr  nrfx_usbd.o
    0x00010430   0x00010430   0x0000000c   Code   RO         2698    i.nrf_usbd_int_disable  nrfx_usbd.o
    0x0001043c   0x0001043c   0x0000000c   Code   RO         2699    i.nrf_usbd_int_enable  nrfx_usbd.o
    0x00010448   0x00010448   0x00000014   Code   RO         2700    i.nrf_usbd_lowpower_check  nrfx_usbd.o
    0x0001045c   0x0001045c   0x00000030   Code   RO         2701    i.nrf_usbd_task_trigger  nrfx_usbd.o
    0x0001048c   0x0001048c   0x00000016   Code   RO         1265    i.nrfx_atomic_u32_fetch_and  nrfx_atomic.o
    0x000104a2   0x000104a2   0x00000002   PAD
    0x000104a4   0x000104a4   0x0000001c   Code   RO         1407    i.nrfx_clock_enable  nrfx_clock.o
    0x000104c0   0x000104c0   0x00000018   Code   RO         1408    i.nrfx_clock_hfclk_start  nrfx_clock.o
    0x000104d8   0x000104d8   0x00000038   Code   RO         1409    i.nrfx_clock_hfclk_stop  nrfx_clock.o
    0x00010510   0x00010510   0x00000024   Code   RO         1410    i.nrfx_clock_init   nrfx_clock.o
    0x00010534   0x00010534   0x00000054   Code   RO         1411    i.nrfx_clock_irq_handler  nrfx_clock.o
    0x00010588   0x00010588   0x00000018   Code   RO         1413    i.nrfx_clock_lfclk_start  nrfx_clock.o
    0x000105a0   0x000105a0   0x00000018   Code   RO         5113    i.nrfx_coredep_delay_us  drv_rtc.o
    0x000105b8   0x000105b8   0x00000008   Code   RO         1416    i.nrfx_get_irq_number  nrfx_clock.o
    0x000105c0   0x000105c0   0x00000008   Code   RO         1890    i.nrfx_get_irq_number  nrfx_power.o
    0x000105c8   0x000105c8   0x00000008   Code   RO         2200    i.nrfx_get_irq_number  nrfx_uart.o
    0x000105d0   0x000105d0   0x00000008   Code   RO         2450    i.nrfx_get_irq_number  nrfx_uarte.o
    0x000105d8   0x000105d8   0x000000ac   Code   RO         1585    i.nrfx_gpiote_in_event_enable  nrfx_gpiote.o
    0x00010684   0x00010684   0x000000f8   Code   RO         1586    i.nrfx_gpiote_in_init  nrfx_gpiote.o
    0x0001077c   0x0001077c   0x00000014   Code   RO         1587    i.nrfx_gpiote_in_is_set  nrfx_gpiote.o
    0x00010790   0x00010790   0x000000b0   Code   RO         1589    i.nrfx_gpiote_init  nrfx_gpiote.o
    0x00010840   0x00010840   0x00000014   Code   RO         1590    i.nrfx_gpiote_is_init  nrfx_gpiote.o
    0x00010854   0x00010854   0x00000014   Code   RO         2451    i.nrfx_is_in_ram    nrfx_uarte.o
    0x00010868   0x00010868   0x000000a4   Code   RO         1417    i.nrfx_power_clock_irq_init  nrfx_clock.o
    0x0001090c   0x0001090c   0x000000a4   Code   RO         1891    i.nrfx_power_clock_irq_init  nrfx_power.o
    0x000109b0   0x000109b0   0x00000040   Code   RO         1892    i.nrfx_power_init   nrfx_power.o
    0x000109f0   0x000109f0   0x000000ac   Code   RO         1893    i.nrfx_power_irq_handler  nrfx_power.o
    0x00010a9c   0x00010a9c   0x0000000c   Code   RO         1905    i.nrfx_power_usbevt_disable  nrfx_power.o
    0x00010aa8   0x00010aa8   0x0000000c   Code   RO         1906    i.nrfx_power_usbevt_enable  nrfx_power.o
    0x00010ab4   0x00010ab4   0x00000018   Code   RO         1907    i.nrfx_power_usbevt_init  nrfx_power.o
    0x00010acc   0x00010acc   0x0000000c   Code   RO         1908    i.nrfx_power_usbevt_uninit  nrfx_power.o
    0x00010ad8   0x00010ad8   0x00000048   Code   RO         2056    i.nrfx_prs_acquire  nrfx_prs.o
    0x00010b20   0x00010b20   0x00000016   Code   RO         2057    i.nrfx_prs_release  nrfx_prs.o
    0x00010b36   0x00010b36   0x0000001c   Code   RO         2109    i.nrfx_systick_delay_ticks  nrfx_systick.o
    0x00010b52   0x00010b52   0x00000012   Code   RO         2110    i.nrfx_systick_delay_us  nrfx_systick.o
    0x00010b64   0x00010b64   0x00000018   Code   RO         2115    i.nrfx_systick_us_tick  nrfx_systick.o
    0x00010b7c   0x00010b7c   0x00000014   Code   RO         2201    i.nrfx_uart_0_irq_handler  nrfx_uart.o
    0x00010b90   0x00010b90   0x00000088   Code   RO         2203    i.nrfx_uart_init    nrfx_uart.o
    0x00010c18   0x00010c18   0x00000124   Code   RO         2204    i.nrfx_uart_rx      nrfx_uart.o
    0x00010d3c   0x00010d3c   0x00000018   Code   RO         2205    i.nrfx_uart_rx_abort  nrfx_uart.o
    0x00010d54   0x00010d54   0x0000008c   Code   RO         2209    i.nrfx_uart_tx      nrfx_uart.o
    0x00010de0   0x00010de0   0x00000024   Code   RO         2211    i.nrfx_uart_tx_in_progress  nrfx_uart.o
    0x00010e04   0x00010e04   0x00000044   Code   RO         2212    i.nrfx_uart_uninit  nrfx_uart.o
    0x00010e48   0x00010e48   0x00000014   Code   RO         2452    i.nrfx_uarte_0_irq_handler  nrfx_uarte.o
    0x00010e5c   0x00010e5c   0x00000080   Code   RO         2454    i.nrfx_uarte_init   nrfx_uarte.o
    0x00010edc   0x00010edc   0x00000138   Code   RO         2455    i.nrfx_uarte_rx     nrfx_uarte.o
    0x00011014   0x00011014   0x0000002c   Code   RO         2456    i.nrfx_uarte_rx_abort  nrfx_uarte.o
    0x00011040   0x00011040   0x000000c0   Code   RO         2458    i.nrfx_uarte_tx     nrfx_uarte.o
    0x00011100   0x00011100   0x00000020   Code   RO         2460    i.nrfx_uarte_tx_in_progress  nrfx_uarte.o
    0x00011120   0x00011120   0x00000070   Code   RO         2461    i.nrfx_uarte_uninit  nrfx_uarte.o
    0x00011190   0x00011190   0x00000010   Code   RO         2702    i.nrfx_usbd_active_irq_config  nrfx_usbd.o
    0x000111a0   0x000111a0   0x00000038   Code   RO         2704    i.nrfx_usbd_consumer  nrfx_usbd.o
    0x000111d8   0x000111d8   0x00000058   Code   RO         2705    i.nrfx_usbd_disable  nrfx_usbd.o
    0x00011230   0x00011230   0x000001b8   Code   RO         2706    i.nrfx_usbd_enable  nrfx_usbd.o
    0x000113e8   0x000113e8   0x0000000c   Code   RO         2707    i.nrfx_usbd_ep_abort  nrfx_usbd.o
    0x000113f4   0x000113f4   0x00000074   Code   RO         2709    i.nrfx_usbd_ep_disable  nrfx_usbd.o
    0x00011468   0x00011468   0x0000004c   Code   RO         2710    i.nrfx_usbd_ep_dtoggle_clear  nrfx_usbd.o
    0x000114b4   0x000114b4   0x000000b8   Code   RO         2711    i.nrfx_usbd_ep_enable  nrfx_usbd.o
    0x0001156c   0x0001156c   0x00000012   Code   RO         2712    i.nrfx_usbd_ep_enable_check  nrfx_usbd.o
    0x0001157e   0x0001157e   0x00000002   PAD
    0x00011580   0x00011580   0x0000008c   Code   RO         2713    i.nrfx_usbd_ep_handled_transfer  nrfx_usbd.o
    0x0001160c   0x0001160c   0x00000010   Code   RO         2715    i.nrfx_usbd_ep_max_packet_size_get  nrfx_usbd.o
    0x0001161c   0x0001161c   0x00000012   Code   RO         2716    i.nrfx_usbd_ep_max_packet_size_set  nrfx_usbd.o
    0x0001162e   0x0001162e   0x00000002   PAD
    0x00011630   0x00011630   0x00000038   Code   RO         2717    i.nrfx_usbd_ep_stall  nrfx_usbd.o
    0x00011668   0x00011668   0x00000048   Code   RO         2718    i.nrfx_usbd_ep_stall_check  nrfx_usbd.o
    0x000116b0   0x000116b0   0x0000004c   Code   RO         2719    i.nrfx_usbd_ep_stall_clear  nrfx_usbd.o
    0x000116fc   0x000116fc   0x00000024   Code   RO         2721    i.nrfx_usbd_ep_to_endevent  nrfx_usbd.o
    0x00011720   0x00011720   0x00000024   Code   RO         2722    i.nrfx_usbd_ep_to_int  nrfx_usbd.o
    0x00011744   0x00011744   0x00000110   Code   RO         2723    i.nrfx_usbd_ep_transfer  nrfx_usbd.o
    0x00011854   0x00011854   0x00000038   Code   RO         2724    i.nrfx_usbd_epout_size_get  nrfx_usbd.o
    0x0001188c   0x0001188c   0x00000016   Code   RO         2725    i.nrfx_usbd_errata_104  nrfx_usbd.o
    0x000118a2   0x000118a2   0x00000002   PAD
    0x000118a4   0x000118a4   0x00000028   Code   RO         2726    i.nrfx_usbd_errata_187  nrfx_usbd.o
    0x000118cc   0x000118cc   0x00000014   Code   RO         2727    i.nrfx_usbd_errata_type_52840  nrfx_usbd.o
    0x000118e0   0x000118e0   0x00000014   Code   RO         4214    i.nrfx_usbd_errata_type_52840  app_usbd_core.o
    0x000118f4   0x000118f4   0x0000001c   Code   RO         2728    i.nrfx_usbd_errata_type_52840_eng_b_or_later  nrfx_usbd.o
    0x00011910   0x00011910   0x00000008   Code   RO         2729    i.nrfx_usbd_feeder_buffer_get  nrfx_usbd.o
    0x00011918   0x00011918   0x00000044   Code   RO         2730    i.nrfx_usbd_feeder_flash  nrfx_usbd.o
    0x0001195c   0x0001195c   0x0000004a   Code   RO         2731    i.nrfx_usbd_feeder_flash_zlp  nrfx_usbd.o
    0x000119a6   0x000119a6   0x00000030   Code   RO         2732    i.nrfx_usbd_feeder_ram  nrfx_usbd.o
    0x000119d6   0x000119d6   0x00000034   Code   RO         2733    i.nrfx_usbd_feeder_ram_zlp  nrfx_usbd.o
    0x00011a0a   0x00011a0a   0x00000002   PAD
    0x00011a0c   0x00011a0c   0x0000000c   Code   RO         2734    i.nrfx_usbd_force_bus_wakeup  nrfx_usbd.o
    0x00011a18   0x00011a18   0x00000098   Code   RO         2735    i.nrfx_usbd_init    nrfx_usbd.o
    0x00011ab0   0x00011ab0   0x00000014   Code   RO         2736    i.nrfx_usbd_is_enabled  nrfx_usbd.o
    0x00011ac4   0x00011ac4   0x00000014   Code   RO         2737    i.nrfx_usbd_is_initialized  nrfx_usbd.o
    0x00011ad8   0x00011ad8   0x00000010   Code   RO         2740    i.nrfx_usbd_isoinconfig_set  nrfx_usbd.o
    0x00011ae8   0x00011ae8   0x0000000c   Code   RO         2741    i.nrfx_usbd_last_setup_dir_get  nrfx_usbd.o
    0x00011af4   0x00011af4   0x0000000a   Code   RO         2742    i.nrfx_usbd_setup_clear  nrfx_usbd.o
    0x00011afe   0x00011afe   0x00000030   Code   RO         2743    i.nrfx_usbd_setup_data_clear  nrfx_usbd.o
    0x00011b2e   0x00011b2e   0x00000002   PAD
    0x00011b30   0x00011b30   0x0000006c   Code   RO         2744    i.nrfx_usbd_setup_get  nrfx_usbd.o
    0x00011b9c   0x00011b9c   0x0000000a   Code   RO         2745    i.nrfx_usbd_setup_stall  nrfx_usbd.o
    0x00011ba6   0x00011ba6   0x00000002   PAD
    0x00011ba8   0x00011ba8   0x000000ac   Code   RO         2746    i.nrfx_usbd_start   nrfx_usbd.o
    0x00011c54   0x00011c54   0x0000007c   Code   RO         2747    i.nrfx_usbd_stop    nrfx_usbd.o
    0x00011cd0   0x00011cd0   0x00000054   Code   RO         2748    i.nrfx_usbd_suspend  nrfx_usbd.o
    0x00011d24   0x00011d24   0x00000010   Code   RO         2750    i.nrfx_usbd_suspend_irq_config  nrfx_usbd.o
    0x00011d34   0x00011d34   0x000000bc   Code   RO         2751    i.nrfx_usbd_transfer_out_drop  nrfx_usbd.o
    0x00011df0   0x00011df0   0x00000014   Code   RO         2752    i.nrfx_usbd_uninit  nrfx_usbd.o
    0x00011e04   0x00011e04   0x00000068   Code   RO         2753    i.nrfx_usbd_wakeup_req  nrfx_usbd.o
    0x00011e6c   0x00011e6c   0x00000014   Code   RO         3648    i.on_compare1_evt   app_timer2.o
    0x00011e80   0x00011e80   0x00000020   Code   RO         3649    i.on_compare_evt    app_timer2.o
    0x00011ea0   0x00011ea0   0x0000001c   Code   RO         3650    i.on_overflow_evt   app_timer2.o
    0x00011ebc   0x00011ebc   0x00000094   Code   RO         5779    i.option_print      nrf_cli.o
    0x00011f50   0x00011f50   0x00000010   Code   RO         8680    i.pid_clear         gzll_nrf52840_sd_resources_arm.lib(nrf_packet_manager.o)
    0x00011f60   0x00011f60   0x00000014   Code   RO         1606    i.pin_configured_set  nrfx_gpiote.o
    0x00011f74   0x00011f74   0x0000001c   Code   RO         1607    i.pin_in_use_by_gpiote  nrfx_gpiote.o
    0x00011f90   0x00011f90   0x00000018   Code   RO         1608    i.pin_in_use_by_port  nrfx_gpiote.o
    0x00011fa8   0x00011fa8   0x00000020   Code   RO         1609    i.pin_in_use_by_te  nrfx_gpiote.o
    0x00011fc8   0x00011fc8   0x0000000c   Code   RO         1610    i.pin_in_use_clear  nrfx_gpiote.o
    0x00011fd4   0x00011fd4   0x0000007e   Code   RO         2213    i.pins_to_default   nrfx_uart.o
    0x00012052   0x00012052   0x0000007e   Code   RO         2462    i.pins_to_default   nrfx_uarte.o
    0x000120d0   0x000120d0   0x00000028   Code   RO         8681    i.pipe_tx_fifo_update  gzll_nrf52840_sd_resources_arm.lib(nrf_packet_manager.o)
    0x000120f8   0x000120f8   0x00000018   Code   RO         8682    i.pm_rx_ptr_get     gzll_nrf52840_sd_resources_arm.lib(nrf_packet_manager.o)
    0x00012110   0x00012110   0x00000030   Code   RO         8683    i.pm_rx_ptr_put     gzll_nrf52840_sd_resources_arm.lib(nrf_packet_manager.o)
    0x00012140   0x00012140   0x00000048   Code   RO         7390    i.postfix_process   nrf_log_str_formatter.o
    0x00012188   0x00012188   0x000000a4   Code   RO         7391    i.prefix_process    nrf_log_str_formatter.o
    0x0001222c   0x0001222c   0x0000003c   Code   RO         5780    i.process_nl        nrf_cli.o
    0x00012268   0x00012268   0x00000018   Code   RO         2058    i.prs_box_get       nrfx_prs.o
    0x00012280   0x00012280   0x0000001e   Code   RO         6534    i.queue_utilization_get  nrf_queue.o
    0x0001229e   0x0001229e   0x00000006   Code   RO         5781    i.receive_state_change  nrf_cli.o
    0x000122a4   0x000122a4   0x00000058   Code   RO         5782    i.right_arrow_handle  nrf_cli.o
    0x000122fc   0x000122fc   0x0000003e   Code   RO         3651    i.rtc_irq           app_timer2.o
    0x0001233a   0x0001233a   0x00000002   PAD
    0x0001233c   0x0001233c   0x0000007c   Code   RO         3652    i.rtc_schedule      app_timer2.o
    0x000123b8   0x000123b8   0x000000a4   Code   RO         3653    i.rtc_update        app_timer2.o
    0x0001245c   0x0001245c   0x0000003e   Code   RO         2214    i.rx_byte           nrfx_uart.o
    0x0001249a   0x0001249a   0x0000001c   Code   RO         2215    i.rx_done_event     nrfx_uart.o
    0x000124b6   0x000124b6   0x0000001c   Code   RO         2463    i.rx_done_event     nrfx_uarte.o
    0x000124d2   0x000124d2   0x00000022   Code   RO         2216    i.rx_enable         nrfx_uart.o
    0x000124f4   0x000124f4   0x00000078   Code   RO         6205    i.rx_try            nrf_cli_uart.o
    0x0001256c   0x0001256c   0x00000084   Code   RO         6840    i.serial_tx         nrf_log_backend_rtt.o
    0x000125f0   0x000125f0   0x00000088   Code   RO         6942    i.serial_tx         nrf_log_backend_uart.o
    0x00012678   0x00012678   0x00000006   Code   RO         4215    i.setup_data_handler_empty  app_usbd_core.o
    0x0001267e   0x0001267e   0x00000002   PAD
    0x00012680   0x00012680   0x00000040   Code   RO         4216    i.setup_device_req_get_configuration  app_usbd_core.o
    0x000126c0   0x000126c0   0x00000148   Code   RO         4217    i.setup_device_req_get_descriptor  app_usbd_core.o
    0x00012808   0x00012808   0x0000004c   Code   RO         4218    i.setup_device_req_get_status  app_usbd_core.o
    0x00012854   0x00012854   0x00000048   Code   RO         4219    i.setup_device_req_set_configuration  app_usbd_core.o
    0x0001289c   0x0001289c   0x000000c4   Code   RO         4220    i.setup_device_req_std_handler  app_usbd_core.o
    0x00012960   0x00012960   0x000000b4   Code   RO         4221    i.setup_endpoint_req_std  app_usbd_core.o
    0x00012a14   0x00012a14   0x00000074   Code   RO         4460    i.setup_event_handler  app_usbd_hid.o
    0x00012a88   0x00012a88   0x000000ac   Code   RO         4222    i.setup_interface_req_std_handle  app_usbd_core.o
    0x00012b34   0x00012b34   0x00000066   Code   RO         4461    i.setup_req_class_in  app_usbd_hid.o
    0x00012b9a   0x00012b9a   0x000000d8   Code   RO         4462    i.setup_req_class_out  app_usbd_hid.o
    0x00012c72   0x00012c72   0x00000076   Code   RO         4463    i.setup_req_std_in  app_usbd_hid.o
    0x00012ce8   0x00012ce8   0x00000008   Code   RO         4464    i.setup_req_std_out  app_usbd_hid.o
    0x00012cf0   0x00012cf0   0x00000024   Code   RO         7102    i.severity_lvl_get  nrf_log_frontend.o
    0x00012d14   0x00012d14   0x00000016   Code   RO         3654    i.sorted_list_stop_all  app_timer2.o
    0x00012d2a   0x00012d2a   0x00000002   PAD
    0x00012d2c   0x00012d2c   0x00000018   Code   RO         3655    i.sortlist_pop      app_timer2.o
    0x00012d44   0x00012d44   0x00000020   Code   RO         3395    i.state_get         app_button.o
    0x00012d64   0x00012d64   0x00000048   Code   RO         3396    i.state_set         app_button.o
    0x00012dac   0x00012dac   0x00000064   Code   RO         7103    i.std_header_set    nrf_log_frontend.o
    0x00012e10   0x00012e10   0x00000070   Code   RO         7104    i.std_n             nrf_log_frontend.o
    0x00012e80   0x00012e80   0x00000030   Code   RO         5783    i.str_similarity_check  nrf_cli.o
    0x00012eb0   0x00012eb0   0x00000018   Code   RO         5784    i.string_cmp        nrf_cli.o
    0x00012ec8   0x00012ec8   0x00000074   Code   RO         6322    i.string_print      nrf_fprintf_format.o
    0x00012f3c   0x00012f3c   0x00000060   Code   RO         3853    i.sustate_set       app_usbd.o
    0x00012f9c   0x00012f9c   0x0000006a   Code   RO         5785    i.terminal_size_get  nrf_cli.o
    0x00013006   0x00013006   0x0000000a   Code   RO         5114    i.ticks_sub         drv_rtc.o
    0x00013010   0x00013010   0x00000070   Code   RO         3656    i.timer_expire      app_timer2.o
    0x00013080   0x00013080   0x00000030   Code   RO         6206    i.timer_handler     nrf_cli_uart.o
    0x000130b0   0x000130b0   0x00000098   Code   RO         3657    i.timer_req_process  app_timer2.o
    0x00013148   0x00013148   0x00000040   Code   RO         3658    i.timer_req_schedule  app_timer2.o
    0x00013188   0x00013188   0x00000020   Code   RO         3397    i.timer_start       app_button.o
    0x000131a8   0x000131a8   0x00000002   Code   RO         7392    i.timestamp_print   nrf_log_str_formatter.o
    0x000131aa   0x000131aa   0x0000000c   Code   RO         5786    i.transport_buffer_flush  nrf_cli.o
    0x000131b6   0x000131b6   0x00000036   Code   RO         2217    i.tx_blocking       nrfx_uart.o
    0x000131ec   0x000131ec   0x00000026   Code   RO         2218    i.tx_byte           nrfx_uart.o
    0x00013212   0x00013212   0x00000020   Code   RO         2219    i.tx_done_event     nrfx_uart.o
    0x00013232   0x00013232   0x00000020   Code   RO         2464    i.tx_done_event     nrfx_uarte.o
    0x00013252   0x00013252   0x00000094   Code   RO         6207    i.uart_event_handler  nrf_cli_uart.o
    0x000132e6   0x000132e6   0x00000002   PAD
    0x000132e8   0x000132e8   0x00000038   Code   RO         1091    i.uart_evt_handler  nrf_drv_uart.o
    0x00013320   0x00013320   0x0000000c   Code   RO         6943    i.uart_evt_handler  nrf_log_backend_uart.o
    0x0001332c   0x0001332c   0x00000068   Code   RO         6944    i.uart_init         nrf_log_backend_uart.o
    0x00013394   0x00013394   0x0000014e   Code   RO         2220    i.uart_irq_handler  nrfx_uart.o
    0x000134e2   0x000134e2   0x00000002   PAD
    0x000134e4   0x000134e4   0x00000038   Code   RO         1092    i.uarte_evt_handler  nrf_drv_uart.o
    0x0001351c   0x0001351c   0x00000134   Code   RO         2465    i.uarte_irq_handler  nrfx_uarte.o
    0x00013650   0x00013650   0x000000b8   Code   RO         6323    i.unsigned_print    nrf_fprintf_format.o
    0x00013708   0x00013708   0x00000014   Code   RO         4223    i.usb_core_ep0_handler_check  app_usbd_core.o
    0x0001371c   0x0001371c   0x00000034   Code   RO         4224    i.usbd_core_state_set  app_usbd_core.o
    0x00013750   0x00013750   0x00000108   Code   RO         4225    i.usbd_descriptor_conf_feeder  app_usbd_core.o
    0x00013858   0x00013858   0x00000020   Code   RO         2754    i.usbd_dma_pending_clear  nrfx_usbd.o
    0x00013878   0x00013878   0x0000000c   Code   RO         2755    i.usbd_dma_scheduler_algorithm  nrfx_usbd.o
    0x00013884   0x00013884   0x00000026   Code   RO         2756    i.usbd_dma_start    nrfx_usbd.o
    0x000138aa   0x000138aa   0x00000002   PAD
    0x000138ac   0x000138ac   0x000001b8   Code   RO         2757    i.usbd_dmareq_process  nrfx_usbd.o
    0x00013a64   0x00013a64   0x0000013c   Code   RO         2758    i.usbd_ep_abort     nrfx_usbd.o
    0x00013ba0   0x00013ba0   0x00000054   Code   RO         2759    i.usbd_ep_abort_all  nrfx_usbd.o
    0x00013bf4   0x00013bf4   0x00000090   Code   RO         2760    i.usbd_ep_data_handler  nrfx_usbd.o
    0x00013c84   0x00013c84   0x00000020   Code   RO         2761    i.usbd_int_rise     nrfx_usbd.o
    0x00013ca4   0x00013ca4   0x000000f8   Code   RO           14    i.usbd_user_ev_handler  main.o
    0x00013d9c   0x00013d9c   0x0000001c   Code   RO         3854    i.user_event_handler  app_usbd.o
    0x00013db8   0x00013db8   0x00000016   Code   RO         4465    i.user_event_handler  app_usbd_hid.o
    0x00013dce   0x00013dce   0x00000002   PAD
    0x00013dd0   0x00013dd0   0x00000018   Code   RO         3855    i.user_event_state_proc  app_usbd.o
    0x00013de8   0x00013de8   0x0000001e   Code   RO         3398    i.usr_event         app_button.o
    0x00013e06   0x00013e06   0x00000002   PAD
    0x00013e08   0x00013e08   0x00000044   Code   RO         5787    i.vt100_bgcolor_set  nrf_cli.o
    0x00013e4c   0x00013e4c   0x00000058   Code   RO         5788    i.vt100_color_set   nrf_cli.o
    0x00013ea4   0x00013ea4   0x00000018   Code   RO         5789    i.vt100_colors_restore  nrf_cli.o
    0x00013ebc   0x00013ebc   0x00000010   Code   RO         3336    i.wait_for_flash_ready  nrf_nvmc.o
    0x00013ecc   0x00013ecc   0x000001b0   Data   RO           16    .constdata          main.o
    0x0001407c   0x0001407c   0x00000008   Data   RO          476    .constdata          boards.o
    0x00014084   0x00014084   0x0000002c   Data   RO          618    .constdata          bsp.o
    0x000140b0   0x000140b0   0x00000048   Data   RO          724    .constdata          bsp_cli.o
    0x000140f8   0x000140f8   0x00000001   Data   RO         1011    .constdata          nrf_drv_power.o
    0x000140f9   0x000140f9   0x00000003   PAD
    0x000140fc   0x000140fc   0x00000042   Data   RO         1612    .constdata          nrfx_gpiote.o
    0x0001413e   0x0001413e   0x00000002   PAD
    0x00014140   0x00014140   0x0000002e   Data   RO         2222    .constdata          nrfx_uart.o
    0x0001416e   0x0001416e   0x00000002   PAD
    0x00014170   0x00014170   0x00000030   Data   RO         2467    .constdata          nrfx_uarte.o
    0x000141a0   0x000141a0   0x000000d0   Data   RO         2763    .constdata          nrfx_usbd.o
    0x00014270   0x00014270   0x00000007   Data   RO         3400    .constdata          app_button.o
    0x00014277   0x00014277   0x00000001   PAD
    0x00014278   0x00014278   0x00000014   Data   RO         3660    .constdata          app_timer2.o
    0x0001428c   0x0001428c   0x00000045   Data   RO         3857    .constdata          app_usbd.o
    0x000142d1   0x000142d1   0x00000003   PAD
    0x000142d4   0x000142d4   0x00000051   Data   RO         4227    .constdata          app_usbd_core.o
    0x00014325   0x00014325   0x00000003   PAD
    0x00014328   0x00014328   0x00000014   Data   RO         4384    .constdata          app_usbd_dummy.o
    0x0001433c   0x0001433c   0x0000003c   Data   RO         4601    .constdata          app_usbd_hid_kbd.o
    0x00014378   0x00014378   0x00000034   Data   RO         4807    .constdata          app_usbd_hid_mouse.o
    0x000143ac   0x000143ac   0x0000006a   Data   RO         4978    .constdata          app_usbd_string_desc.o
    0x00014416   0x00014416   0x0000000a   PAD
    0x00014420   0x00014420   0x00000006   Data   RO         5115    .constdata          drv_rtc.o
    0x00014426   0x00014426   0x00000002   PAD
    0x00014428   0x00014428   0x00000038   Data   RO         5637    .constdata          nrf_balloc.o
    0x00014460   0x00014460   0x000001b2   Data   RO         5790    .constdata          nrf_cli.o
    0x00014612   0x00014612   0x00000002   PAD
    0x00014614   0x00014614   0x00000014   Data   RO         6208    .constdata          nrf_cli_uart.o
    0x00014628   0x00014628   0x00000010   Data   RO         6324    .constdata          nrf_fprintf_format.o
    0x00014638   0x00014638   0x00000038   Data   RO         6536    .constdata          nrf_queue.o
    0x00014670   0x00014670   0x0000012c   Data   RO         6805    .constdata          nrf_strerror.o
    0x0001479c   0x0001479c   0x00000004   PAD
    0x000147a0   0x000147a0   0x00000016   Data   RO         6842    .constdata          nrf_log_backend_rtt.o
    0x000147b6   0x000147b6   0x00000002   PAD
    0x000147b8   0x000147b8   0x0000002c   Data   RO         6946    .constdata          nrf_log_backend_uart.o
    0x000147e4   0x000147e4   0x0000016c   Data   RO         7106    .constdata          nrf_log_frontend.o
    0x00014950   0x00014950   0x00000017   Data   RO         7812    .constdata          nrf_gzp.o
    0x00014967   0x00014967   0x00000001   PAD
    0x00014968   0x00014968   0x00000030   Data   RO         8602    .constdata          gzll_nrf52840_sd_resources_arm.lib(nrf_link_core.o)
    0x00014998   0x00014998   0x00000081   Data   RO         8781    .constdata          mc_w.l(ctype_o.o)
    0x00014a19   0x00014a19   0x00000003   PAD
    0x00014a1c   0x00014a1c   0x00000004   Data   RO         8782    .constdata          mc_w.l(ctype_o.o)
    0x00014a20   0x00014a20   0x0000000d   Data   RO           17    .conststring        main.o
    0x00014a2d   0x00014a2d   0x00000003   PAD
    0x00014a30   0x00014a30   0x00000031   Data   RO          725    .conststring        bsp_cli.o
    0x00014a61   0x00014a61   0x00000003   PAD
    0x00014a64   0x00014a64   0x00000515   Data   RO         5349    .conststring        hardfault_implementation.o
    0x00014f79   0x00014f79   0x00000003   PAD
    0x00014f7c   0x00014f7c   0x000000e3   Data   RO         5638    .conststring        nrf_balloc.o
    0x0001505f   0x0001505f   0x00000001   PAD
    0x00015060   0x00015060   0x000002b8   Data   RO         5791    .conststring        nrf_cli.o
    0x00015318   0x00015318   0x000000a6   Data   RO         6537    .conststring        nrf_queue.o
    0x000153be   0x000153be   0x00000002   PAD
    0x000153c0   0x000153c0   0x000003bf   Data   RO         6806    .conststring        nrf_strerror.o
    0x0001577f   0x0001577f   0x00000001   PAD
    0x00015780   0x00015780   0x00000046   Data   RO         6947    .conststring        nrf_log_backend_uart.o
    0x000157c6   0x000157c6   0x00000002   PAD
    0x000157c8   0x000157c8   0x00000265   Data   RO         7107    .conststring        nrf_log_frontend.o
    0x00015a2d   0x00015a2d   0x00000003   PAD
    0x00015a30   0x00015a30   0x00000048   Data   RO         7393    .conststring        nrf_log_str_formatter.o
    0x00015a78   0x00015a78   0x000000e3   Data   RO           18    .conststrlit        main.o
    0x00015b5b   0x00015b5b   0x00000001   PAD
    0x00015b5c   0x00015b5c   0x00000053   Data   RO          619    .conststrlit        bsp.o
    0x00015baf   0x00015baf   0x00000001   PAD
    0x00015bb0   0x00015bb0   0x00000006   Data   RO          872    .conststrlit        nrf_drv_clock.o
    0x00015bb6   0x00015bb6   0x00000002   PAD
    0x00015bb8   0x00015bb8   0x00000006   Data   RO         1419    .conststrlit        nrfx_clock.o
    0x00015bbe   0x00015bbe   0x00000002   PAD
    0x00015bc0   0x00015bc0   0x00000007   Data   RO         1613    .conststrlit        nrfx_gpiote.o
    0x00015bc7   0x00015bc7   0x00000001   PAD
    0x00015bc8   0x00015bc8   0x00000004   Data   RO         2060    .conststrlit        nrfx_prs.o
    0x00015bcc   0x00015bcc   0x00000005   Data   RO         2223    .conststrlit        nrfx_uart.o
    0x00015bd1   0x00015bd1   0x00000003   PAD
    0x00015bd4   0x00015bd4   0x00000006   Data   RO         2468    .conststrlit        nrfx_uarte.o
    0x00015bda   0x00015bda   0x00000002   PAD
    0x00015bdc   0x00015bdc   0x00000005   Data   RO         2764    .conststrlit        nrfx_usbd.o
    0x00015be1   0x00015be1   0x00000003   PAD
    0x00015be4   0x00015be4   0x00000031   Data   RO         3401    .conststrlit        app_button.o
    0x00015c15   0x00015c15   0x00000003   PAD
    0x00015c18   0x00015c18   0x0000001e   Data   RO         3661    .conststrlit        app_timer2.o
    0x00015c36   0x00015c36   0x00000002   PAD
    0x00015c38   0x00015c38   0x00000021   Data   RO         3858    .conststrlit        app_usbd.o
    0x00015c59   0x00015c59   0x00000003   PAD
    0x00015c5c   0x00015c5c   0x0000000e   Data   RO         4228    .conststrlit        app_usbd_core.o
    0x00015c6a   0x00015c6a   0x00000002   PAD
    0x00015c6c   0x00015c6c   0x0000000b   Data   RO         4385    .conststrlit        app_usbd_dummy.o
    0x00015c77   0x00015c77   0x00000001   PAD
    0x00015c78   0x00015c78   0x0000000a   Data   RO         5350    .conststrlit        hardfault_implementation.o
    0x00015c82   0x00015c82   0x00000002   PAD
    0x00015c84   0x00015c84   0x00000009   Data   RO         6209    .conststrlit        nrf_cli_uart.o
    0x00015c8d   0x00015c8d   0x00000003   PAD
    0x00015c90   0x00015c90   0x00000009   Data   RO         6447    .conststrlit        nrf_pwr_mgmt.o
    0x00015c99   0x00015c99   0x00000003   PAD
    0x00015c9c   0x00015c9c   0x00000009   Data   RO         6754    .conststrlit        nrf_sortlist.o
    0x00015ca5   0x00015ca5   0x00000003   PAD
    0x00015ca8   0x00015ca8   0x00000021   Data   RO         7007    .conststrlit        nrf_log_default_backends.o
    0x00015cc9   0x00015cc9   0x00000003   PAD
    0x00015ccc   0x00015ccc   0x00000024   Data   RO         7108    .conststrlit        nrf_log_frontend.o
    0x00015cf0   0x00015cf0   0x00000020   Data   RO         8871    Region$$Table       anon$$obj.o
    0x00015d10   0x00015d10   0x00000008   Data   RO          727    cli_command         bsp_cli.o
    0x00015d18   0x00015d18   0x00000008   Data   RO         5639    cli_command         nrf_balloc.o
    0x00015d20   0x00015d20   0x00000020   Data   RO         5793    cli_command         nrf_cli.o
    0x00015d40   0x00015d40   0x00000008   Data   RO         6538    cli_command         nrf_queue.o
    0x00015d48   0x00015d48   0x00000008   Data   RO         7110    cli_command         nrf_log_frontend.o
    0x00015d50   0x00015d50   0x00000010   Data   RO           20    log_backends        main.o
    0x00015d60   0x00015d60   0x00000020   Data   RO         7009    log_backends        nrf_log_default_backends.o
    0x00015d80   0x00015d80   0x00000020   Data   RO           21    log_const_data      main.o
    0x00015da0   0x00015da0   0x00000018   Data   RO          621    log_const_data      bsp.o
    0x00015db8   0x00015db8   0x00000008   Data   RO          873    log_const_data      nrf_drv_clock.o
    0x00015dc0   0x00015dc0   0x00000008   Data   RO         1421    log_const_data      nrfx_clock.o
    0x00015dc8   0x00015dc8   0x00000008   Data   RO         1614    log_const_data      nrfx_gpiote.o
    0x00015dd0   0x00015dd0   0x00000008   Data   RO         2062    log_const_data      nrfx_prs.o
    0x00015dd8   0x00015dd8   0x00000008   Data   RO         2224    log_const_data      nrfx_uart.o
    0x00015de0   0x00015de0   0x00000008   Data   RO         2469    log_const_data      nrfx_uarte.o
    0x00015de8   0x00015de8   0x00000008   Data   RO         2766    log_const_data      nrfx_usbd.o
    0x00015df0   0x00015df0   0x00000010   Data   RO         3403    log_const_data      app_button.o
    0x00015e00   0x00015e00   0x00000010   Data   RO         3663    log_const_data      app_timer2.o
    0x00015e10   0x00015e10   0x00000010   Data   RO         3860    log_const_data      app_usbd.o
    0x00015e20   0x00015e20   0x00000008   Data   RO         4230    log_const_data      app_usbd_core.o
    0x00015e28   0x00015e28   0x00000008   Data   RO         4387    log_const_data      app_usbd_dummy.o
    0x00015e30   0x00015e30   0x00000008   Data   RO         5352    log_const_data      hardfault_implementation.o
    0x00015e38   0x00015e38   0x00000008   Data   RO         6210    log_const_data      nrf_cli_uart.o
    0x00015e40   0x00015e40   0x00000008   Data   RO         6449    log_const_data      nrf_pwr_mgmt.o
    0x00015e48   0x00015e48   0x00000008   Data   RO         6755    log_const_data      nrf_sortlist.o
    0x00015e50   0x00015e50   0x00000010   Data   RO         7112    log_const_data      nrf_log_frontend.o
    0x00015e60   0x00015e60   0x0000001c   Data   RO           24    nrf_balloc          main.o
    0x00015e7c   0x00015e7c   0x0000001c   Data   RO         7115    nrf_balloc          nrf_log_frontend.o
    0x00015e98   0x00015e98   0x0000001c   Data   RO           25    nrf_queue           main.o


    Execution Region RW_IRAM1 (Exec base: 0x20000000, Load base: 0x00015eb4, Size: 0x00003ce8, Max: 0x00040000, ABSOLUTE, COMPRESSED[0x00000104])

    Exec Addr    Load Addr    Size         Type   Attr      Idx    E Section Name        Object

    0x20000000   COMPRESSED   0x000000b8   Data   RW           19    .data               main.o
    0x200000b8   COMPRESSED   0x00000095   Data   RW          620    .data               bsp.o
    0x2000014d   COMPRESSED   0x00000003   PAD
    0x20000150   COMPRESSED   0x00000004   Data   RW          726    .data               bsp_cli.o
    0x20000154   COMPRESSED   0x00000001   Data   RW         1012    .data               nrf_drv_power.o
    0x20000155   COMPRESSED   0x00000003   PAD
    0x20000158   COMPRESSED   0x00000012   Data   RW         1093    .data               nrf_drv_uart.o
    0x2000016a   COMPRESSED   0x00000002   PAD
    0x2000016c   COMPRESSED   0x00000009   Data   RW         1420    .data               nrfx_clock.o
    0x20000175   COMPRESSED   0x00000003   PAD
    0x20000178   COMPRESSED   0x00000010   Data   RW         1909    .data               nrfx_power.o
    0x20000188   COMPRESSED   0x00000008   Data   RW         2061    .data               nrfx_prs.o
    0x20000190   COMPRESSED   0x0000001c   Data   RW         2765    .data               nrfx_usbd.o
    0x200001ac   COMPRESSED   0x0000000c   Data   RW         3293    .data               nrf_ecb.o
    0x200001b8   COMPRESSED   0x00000040   Data   RW         3402    .data               app_button.o
    0x200001f8   COMPRESSED   0x00000038   Data   RW         3662    .data               app_timer2.o
    0x20000230   COMPRESSED   0x0000003c   Data   RW         3859    .data               app_usbd.o
    0x2000026c   COMPRESSED   0x00000010   Data   RW         4229    .data               app_usbd_core.o
    0x2000027c   COMPRESSED   0x00000004   Data   RW         4386    .data               app_usbd_dummy.o
    0x20000280   COMPRESSED   0x00000014   Data   RW         4602    .data               app_usbd_hid_kbd.o
    0x20000294   COMPRESSED   0x00000014   Data   RW         4808    .data               app_usbd_hid_mouse.o
    0x200002a8   COMPRESSED   0x0000001c   Data   RW         4979    .data               app_usbd_string_desc.o
    0x200002c4   COMPRESSED   0x00000004   Data   RW         5027    .data               app_util_platform.o
    0x200002c8   COMPRESSED   0x0000000c   Data   RW         5116    .data               drv_rtc.o
    0x200002d4   COMPRESSED   0x00000068   Data   RW         5351    .data               hardfault_implementation.o
    0x2000033c   COMPRESSED   0x00000004   Data   RW         5792    .data               nrf_cli.o
    0x20000340   COMPRESSED   0x00000001   Data   RW         6843    .data               nrf_log_backend_rtt.o
    0x20000341   COMPRESSED   0x00000003   PAD
    0x20000344   COMPRESSED   0x00000016   Data   RW         6948    .data               nrf_log_backend_uart.o
    0x2000035a   COMPRESSED   0x00000002   PAD
    0x2000035c   COMPRESSED   0x00000010   Data   RW         7008    .data               nrf_log_default_backends.o
    0x2000036c   COMPRESSED   0x00000038   Data   RW         7109    .data               nrf_log_frontend.o
    0x200003a4   COMPRESSED   0x00000040   Data   RW         7394    .data               nrf_log_str_formatter.o
    0x200003e4   COMPRESSED   0x00000006   Data   RW         7813    .data               nrf_gzp.o
    0x200003ea   COMPRESSED   0x0000000c   Data   RW         7945    .data               nrf_gzp_host.o
    0x200003f6   COMPRESSED   0x00000002   PAD
    0x200003f8   COMPRESSED   0x00000004   Data   RW         8147    .data               system_nrf52840.o
    0x200003fc   COMPRESSED   0x0000002c   Data   RW         8270    .data               gzll_nrf52840_sd_resources_arm.lib(nrf_gzll.o)
    0x20000428   COMPRESSED   0x0000000c   Data   RW         8427    .data               gzll_nrf52840_sd_resources_arm.lib(nrf_impala.o)
    0x20000434   COMPRESSED   0x0000000c   Data   RW         8532    .data               gzll_nrf52840_sd_resources_arm.lib(nrf_channel_manager.o)
    0x20000440   COMPRESSED   0x00000008   Data   RW         8557    .data               gzll_nrf52840_sd_resources_arm.lib(nrf_flywheel.o)
    0x20000448   COMPRESSED   0x0000000c   Data   RW         8603    .data               gzll_nrf52840_sd_resources_arm.lib(nrf_link_core.o)
    0x20000454   COMPRESSED   0x00000008   Data   RW         8685    .data               gzll_nrf52840_sd_resources_arm.lib(nrf_packet_manager.o)
    0x2000045c   COMPRESSED   0x0000000c   Data   RW         8728    .data               gzll_nrf52840_sd_resources_arm.lib(nrf_state_machine.o)
    0x20000468   COMPRESSED   0x00000004   Data   RW         8751    .data               gzll_nrf52840_sd_resources_arm.lib(nrf_fifo.o)
    0x2000046c   COMPRESSED   0x00000004   Data   RW          728    cli_sorted_cmd_ptrs  bsp_cli.o
    0x20000470   COMPRESSED   0x00000004   Data   RW         5640    cli_sorted_cmd_ptrs  nrf_balloc.o
    0x20000474   COMPRESSED   0x00000010   Data   RW         5794    cli_sorted_cmd_ptrs  nrf_cli.o
    0x20000484   COMPRESSED   0x00000004   Data   RW         6539    cli_sorted_cmd_ptrs  nrf_queue.o
    0x20000488   COMPRESSED   0x00000004   Data   RW         7111    cli_sorted_cmd_ptrs  nrf_log_frontend.o
    0x2000048c   COMPRESSED   0x00000010   Data   RW           22    log_dynamic_data    main.o
    0x2000049c   COMPRESSED   0x0000000c   Data   RW          622    log_dynamic_data    bsp.o
    0x200004a8   COMPRESSED   0x00000004   Data   RW          874    log_dynamic_data    nrf_drv_clock.o
    0x200004ac   COMPRESSED   0x00000004   Data   RW         1422    log_dynamic_data    nrfx_clock.o
    0x200004b0   COMPRESSED   0x00000004   Data   RW         1615    log_dynamic_data    nrfx_gpiote.o
    0x200004b4   COMPRESSED   0x00000004   Data   RW         2063    log_dynamic_data    nrfx_prs.o
    0x200004b8   COMPRESSED   0x00000004   Data   RW         2225    log_dynamic_data    nrfx_uart.o
    0x200004bc   COMPRESSED   0x00000004   Data   RW         2470    log_dynamic_data    nrfx_uarte.o
    0x200004c0   COMPRESSED   0x00000004   Data   RW         2767    log_dynamic_data    nrfx_usbd.o
    0x200004c4   COMPRESSED   0x00000008   Data   RW         3404    log_dynamic_data    app_button.o
    0x200004cc   COMPRESSED   0x00000008   Data   RW         3664    log_dynamic_data    app_timer2.o
    0x200004d4   COMPRESSED   0x00000008   Data   RW         3861    log_dynamic_data    app_usbd.o
    0x200004dc   COMPRESSED   0x00000004   Data   RW         4231    log_dynamic_data    app_usbd_core.o
    0x200004e0   COMPRESSED   0x00000004   Data   RW         4388    log_dynamic_data    app_usbd_dummy.o
    0x200004e4   COMPRESSED   0x00000004   Data   RW         5353    log_dynamic_data    hardfault_implementation.o
    0x200004e8   COMPRESSED   0x00000004   Data   RW         6211    log_dynamic_data    nrf_cli_uart.o
    0x200004ec   COMPRESSED   0x00000004   Data   RW         6450    log_dynamic_data    nrf_pwr_mgmt.o
    0x200004f0   COMPRESSED   0x00000004   Data   RW         6756    log_dynamic_data    nrf_sortlist.o
    0x200004f4   COMPRESSED   0x00000008   Data   RW         7113    log_dynamic_data    nrf_log_frontend.o
    0x200004fc   COMPRESSED   0x00000010   Data   RW           23    log_filter_data     main.o
    0x2000050c   COMPRESSED   0x0000000c   Data   RW          623    log_filter_data     bsp.o
    0x20000518   COMPRESSED   0x00000004   Data   RW          875    log_filter_data     nrf_drv_clock.o
    0x2000051c   COMPRESSED   0x00000004   Data   RW         1423    log_filter_data     nrfx_clock.o
    0x20000520   COMPRESSED   0x00000004   Data   RW         1616    log_filter_data     nrfx_gpiote.o
    0x20000524   COMPRESSED   0x00000004   Data   RW         2064    log_filter_data     nrfx_prs.o
    0x20000528   COMPRESSED   0x00000004   Data   RW         2226    log_filter_data     nrfx_uart.o
    0x2000052c   COMPRESSED   0x00000004   Data   RW         2471    log_filter_data     nrfx_uarte.o
    0x20000530   COMPRESSED   0x00000004   Data   RW         2768    log_filter_data     nrfx_usbd.o
    0x20000534   COMPRESSED   0x00000008   Data   RW         3405    log_filter_data     app_button.o
    0x2000053c   COMPRESSED   0x00000008   Data   RW         3665    log_filter_data     app_timer2.o
    0x20000544   COMPRESSED   0x00000008   Data   RW         3862    log_filter_data     app_usbd.o
    0x2000054c   COMPRESSED   0x00000004   Data   RW         4232    log_filter_data     app_usbd_core.o
    0x20000550   COMPRESSED   0x00000004   Data   RW         4389    log_filter_data     app_usbd_dummy.o
    0x20000554   COMPRESSED   0x00000004   Data   RW         5354    log_filter_data     hardfault_implementation.o
    0x20000558   COMPRESSED   0x00000004   Data   RW         6212    log_filter_data     nrf_cli_uart.o
    0x2000055c   COMPRESSED   0x00000004   Data   RW         6451    log_filter_data     nrf_pwr_mgmt.o
    0x20000560   COMPRESSED   0x00000004   Data   RW         6757    log_filter_data     nrf_sortlist.o
    0x20000564   COMPRESSED   0x00000008   Data   RW         7114    log_filter_data     nrf_log_frontend.o
    0x2000056c        -       0x00000510   Zero   RW           15    .bss                main.o
    0x20000a7c        -       0x0000000c   Zero   RW          617    .bss                bsp.o
    0x20000a88        -       0x00000014   Zero   RW          870    .bss                nrf_drv_clock.o
    0x20000a9c        -       0x0000006c   Zero   RW         1611    .bss                nrfx_gpiote.o
    0x20000b08        -       0x0000002c   Zero   RW         2221    .bss                nrfx_uart.o
    0x20000b34        -       0x00000024   Zero   RW         2466    .bss                nrfx_uarte.o
    0x20000b58        -       0x00000238   Zero   RW         2762    .bss                nrfx_usbd.o
    0x20000d90        -       0x00000030   Zero   RW         3292    .bss                nrf_ecb.o
    0x20000dc0        -       0x00000020   Zero   RW         3399    .bss                app_button.o
    0x20000de0        -       0x00000020   Zero   RW         3490    .bss                app_error.o
    0x20000e00        -       0x00000058   Zero   RW         3659    .bss                app_timer2.o
    0x20000e58        -       0x000001a4   Zero   RW         3856    .bss                app_usbd.o
    0x20000ffc        -       0x00000064   Zero   RW         4226    .bss                app_usbd_core.o
    0x20001060        -       0x00000040   Zero   RW         6841    .bss                nrf_log_backend_rtt.o
    0x200010a0        -       0x00000040   Zero   RW         6945    .bss                nrf_log_backend_uart.o
    0x200010e0        -       0x0000057c   Zero   RW         7105    .bss                nrf_log_frontend.o
    0x2000165c        -       0x00000288   Zero   RW         7471    .bss                segger_rtt.o
    0x200018e4        -       0x0000002d   Zero   RW         7811    .bss                nrf_gzp.o
    0x20001911        -       0x0000000d   Zero   RW         7944    .bss                nrf_gzp_host.o
    0x2000191e   COMPRESSED   0x00000002   PAD
    0x20001920        -       0x0000000c   Zero   RW         8269    .bss                gzll_nrf52840_sd_resources_arm.lib(nrf_gzll.o)
    0x2000192c        -       0x00000070   Zero   RW         8426    .bss                gzll_nrf52840_sd_resources_arm.lib(nrf_impala.o)
    0x2000199c        -       0x0000001c   Zero   RW         8601    .bss                gzll_nrf52840_sd_resources_arm.lib(nrf_link_core.o)
    0x200019b8        -       0x000000d8   Zero   RW         8643    .bss                gzll_nrf52840_sd_resources_arm.lib(nrf_notification_manager.o)
    0x20001a90        -       0x00000084   Zero   RW         8684    .bss                gzll_nrf52840_sd_resources_arm.lib(nrf_packet_manager.o)
    0x20001b14        -       0x000001d4   Zero   RW         8750    .bss                gzll_nrf52840_sd_resources_arm.lib(nrf_fifo.o)
    0x20001ce8        -       0x00002000   Zero   RW         8128    STACK               arm_startup_nrf52840.o


==============================================================================

Image component sizes


      Code (inc. data)   RO Data    RW Data    ZI Data      Debug   Object Name

       826        104         72         80         32      18463   app_button.o
       136          4          0          0         32       3362   app_error.o
        26          0          0          0          0        556   app_error_handler_keil.o
       360        128          0          0          0       1558   app_error_weak.o
      1136        120         66         72         88      19171   app_timer2.o
      3676        400        118         76        420      89378   app_usbd.o
      2264        144        103         24        100      59294   app_usbd_core.o
       630         10         39         12          0      20933   app_usbd_dummy.o
      1388         16          0          0          0      31500   app_usbd_hid.o
      3166         76         60         20          0      52011   app_usbd_hid_kbd.o
      3090         72         52         20          0      35157   app_usbd_hid_mouse.o
       184         16        106         28          0       3387   app_usbd_string_desc.o
        64         10          0          4          0       3362   app_util_platform.o
        36          8        512          0       8192        916   arm_startup_nrf52840.o
       492         38          8          0          0      53804   boards.o
      1462        120        151        173         12      13514   bsp.o
       100         24        129          8          0      23121   bsp_cli.o
      1010        102          6         12          0      50889   drv_rtc.o
        52         14          0          0          0        604   hardfault_handler_keil.o
       712        276       1319        112          0      30394   hardfault_implementation.o
      1786        342        776        216       1296     182987   main.o
       352          0          0          0          0       5909   nrf_atfifo.o
       458          0          0          0          0      10925   nrf_atomic.o
       438         32        291          4          0      21448   nrf_balloc.o
     10572        894       1162         20          0      84968   nrf_cli.o
       862         34         37          8          0      21081   nrf_cli_uart.o
       462         42         14          8         20      14025   nrf_drv_clock.o
        82         10          1          1          0       6239   nrf_drv_power.o
       252         42          0         18          0      17688   nrf_drv_uart.o
       180         44          0         12         48       2905   nrf_ecb.o
        70          0          0          0          0       2005   nrf_fprintf.o
      1030          6         16          0          0       7134   nrf_fprintf_format.o
       728         58         23          6         45      10671   nrf_gzp.o
      1390        116       4096         12         13      20287   nrf_gzp_host.o
        84          0          0          0          0       1348   nrf_gzp_host_nrf5x.o
       168         16         22          1         64       5626   nrf_log_backend_rtt.o
       242          0          0          0          0      10929   nrf_log_backend_serial.o
       342         60        114         22         64       9418   nrf_log_backend_uart.o
         0          0         65         16          0       2565   nrf_log_default_backends.o
      4516        754       1065         76       1404      66456   nrf_log_frontend.o
       626        112         72         64          0       5956   nrf_log_str_formatter.o
       514          0          0          0          0       8147   nrf_memobj.o
         0          0          0          0          0       1472   nrf_nvic.o
       176          8          0          0          0       2625   nrf_nvmc.o
         2          0         17          8          0       5789   nrf_pwr_mgmt.o
       734         58        230          4          0      17131   nrf_queue.o
       732          0          0          0          0       7358   nrf_ringbuf.o
       110          0         17          8          0       4170   nrf_sortlist.o
        92         10       1259          0          0       2715   nrf_strerror.o
       248          0          0          0          0       3040   nrfx_atomic.o
       492         48         14         17          0      47565   nrfx_clock.o
      1826        120         81          8        108      64911   nrfx_gpiote.o
       558         56          0         16          0      18753   nrfx_power.o
       134         14         12         16          0       4627   nrfx_prs.o
        78          8          0          0          0       5019   nrfx_systick.o
      2030         66         59          8         44      39590   nrfx_uart.o
      2006         70         62          8         36      35492   nrfx_uarte.o
      6786        628        221         36        568     126496   nrfx_usbd.o
       350          6          0          0        648       7199   segger_rtt.o
       892        102          0          4          0       5971   system_nrf52840.o

    ----------------------------------------------------------------------
     63324       5438      12592       1276      13236    1430014   Object Totals
         0          0         32          0          0          0   (incl. Generated)
       114          0         93         18          2          0   (incl. Padding)

    ----------------------------------------------------------------------

      Code (inc. data)   RO Data    RW Data    ZI Data      Debug   Library Member Name

         4          0          0          0          0        116   nrf_assert_internal.o
       216         52          0         12          0        848   nrf_channel_manager.o
       674        110          0          4        468       1368   nrf_fifo.o
       566         90          0          8          0       1228   nrf_flywheel.o
      1538        180          0         44         12       3544   nrf_gzll.o
      4088        500          0         12        112       8200   nrf_impala.o
      3020        392         48         12         28       3580   nrf_link_core.o
       324         34          0          0        216        508   nrf_notification_manager.o
      1086        116          0          8        132       3400   nrf_packet_manager.o
        92         32          0         12          0        588   nrf_state_machine.o
        56          8          0          0          0         84   __0sscanf.o
        86          0          0          0          0          0   __dczerorl2.o
        28          0          0          0          0         68   _chval.o
       812          4          0          0          0        112   _scanf.o
       332          0          0          0          0         96   _scanf_int.o
        64          0          0          0          0         84   _sgetc.o
         8          4        133          0          0         68   ctype_o.o
         0          0          0          0          0          0   entry.o
         0          0          0          0          0          0   entry10a.o
         0          0          0          0          0          0   entry11a.o
         8          4          0          0          0          0   entry2.o
         4          0          0          0          0          0   entry5.o
         0          0          0          0          0          0   entry7b.o
         0          0          0          0          0          0   entry8b.o
         8          4          0          0          0          0   entry9a.o
        30          0          0          0          0          0   handlers.o
        36          8          0          0          0         68   init.o
        18          0          0          0          0         76   isspace_o.o
        30          0          0          0          0         68   llshl.o
        32          0          0          0          0         68   llushr.o
        26          0          0          0          0         80   memcmp.o
        64          0          0          0          0         76   memmovea.o
        36          0          0          0          0        108   memseta.o
       156          0          0          0          0         88   qsort.o
        40          8          0          0          0         84   scanf_char.o
        28          0          0          0          0         76   strcmp.o
        18          0          0          0          0         68   strcpy.o
        14          0          0          0          0         68   strlen.o
        30          0          0          0          0         80   strncmp.o
        98          0          0          0          0         92   uldiv.o

    ----------------------------------------------------------------------
     13680       1546        184        112        968      24992   Library Totals
        10          0          3          0          0          0   (incl. Padding)

    ----------------------------------------------------------------------

      Code (inc. data)   RO Data    RW Data    ZI Data      Debug   Library Name

     11608       1506         48        112        968      23380   gzll_nrf52840_sd_resources_arm.lib
      2062         40        133          0          0       1612   mc_w.l

    ----------------------------------------------------------------------
     13680       1546        184        112        968      24992   Library Totals

    ----------------------------------------------------------------------

==============================================================================


      Code (inc. data)   RO Data    RW Data    ZI Data      Debug   

     77004       6984      12776       1388      14204    1359010   Grand Totals
     77004       6984      12776        260      14204    1359010   ELF Image Totals (compressed)
     77004       6984      12776        260          0          0   ROM Totals

==============================================================================

    Total RO  Size (Code + RO Data)                89780 (  87.68kB)
    Total RW  Size (RW Data + ZI Data)             15592 (  15.23kB)
    Total ROM Size (Code + RO Data + RW Data)      90040 (  87.93kB)

==============================================================================

