Component: ARM Compiler 5.06 update 6 (build 750) Tool: armlink [4d35ed]

==============================================================================

Section Cross References

    main.o(i.bsp_event_callback) refers to app_usbd_hid_mouse.o(i.app_usbd_hid_mouse_x_move) for app_usbd_hid_mouse_x_move
    main.o(i.bsp_event_callback) refers to app_timer2.o(i.app_timer_start) for app_timer_start
    main.o(i.bsp_event_callback) refers to app_timer2.o(i.app_timer_stop) for app_timer_stop
    main.o(i.bsp_event_callback) refers to app_usbd_hid_mouse.o(i.app_usbd_hid_mouse_button_state) for app_usbd_hid_mouse_button_state
    main.o(i.bsp_event_callback) refers to app_usbd_hid_kbd.o(i.app_usbd_hid_kbd_modifier_state_set) for app_usbd_hid_kbd_modifier_state_set
    main.o(i.bsp_event_callback) refers to app_usbd_hid_kbd.o(i.app_usbd_hid_kbd_key_control) for app_usbd_hid_kbd_key_control
    main.o(i.bsp_event_callback) refers to main.o(.constdata) for m_app_hid_mouse
    main.o(i.exe_gzll_pairing) refers to nrf_gzp_host.o(i.gzp_host_execute) for gzp_host_execute
    main.o(i.exe_gzll_pairing) refers to nrf_gzp_host.o(i.gzp_id_req_received) for gzp_id_req_received
    main.o(i.exe_gzll_pairing) refers to nrf_gzp_host.o(i.gzp_id_req_grant) for gzp_id_req_grant
    main.o(i.exe_gzll_pairing) refers to nrf_gzp_host.o(i.gzp_crypt_user_data_received) for gzp_crypt_user_data_received
    main.o(i.exe_gzll_pairing) refers to nrf_gzp_host.o(i.gzp_crypt_user_data_read) for gzp_crypt_user_data_read
    main.o(i.exe_gzll_pairing) refers to main.o(i.output_present) for output_present
    main.o(i.exe_gzll_pairing) refers to app_usbd_hid_kbd.o(i.app_usbd_hid_kbd_key_control) for app_usbd_hid_kbd_key_control
    main.o(i.exe_gzll_pairing) refers to app_usbd_hid_mouse.o(i.app_usbd_hid_mouse_button_state) for app_usbd_hid_mouse_button_state
    main.o(i.exe_gzll_pairing) refers to main.o(.data) for length
    main.o(i.exe_gzll_pairing) refers to main.o(.bss) for payload
    main.o(i.exe_gzll_pairing) refers to main.o(.constdata) for m_app_hid_kbd
    main.o(i.gzll_pairing_init) refers to main.o(i.ui_init) for ui_init
    main.o(i.gzll_pairing_init) refers to nrf_gzll.o(i.nrf_gzll_init) for nrf_gzll_init
    main.o(i.gzll_pairing_init) refers to nrf_gzll.o(i.nrf_gzll_get_error_code) for nrf_gzll_get_error_code
    main.o(i.gzll_pairing_init) refers to app_error_handler_keil.o(.emb_text) for app_error_handler
    main.o(i.gzll_pairing_init) refers to nrf_gzll.o(i.nrf_gzll_set_timeslot_period) for nrf_gzll_set_timeslot_period
    main.o(i.gzll_pairing_init) refers to nrf_gzp_host.o(i.gzp_init) for gzp_init
    main.o(i.gzll_pairing_init) refers to nrf_gzll.o(i.nrf_gzll_get_rx_pipes_enabled) for nrf_gzll_get_rx_pipes_enabled
    main.o(i.gzll_pairing_init) refers to nrf_gzll.o(i.nrf_gzll_set_rx_pipes_enabled) for nrf_gzll_set_rx_pipes_enabled
    main.o(i.gzll_pairing_init) refers to nrf_gzp_host.o(i.gzp_pairing_enable) for gzp_pairing_enable
    main.o(i.gzll_pairing_init) refers to nrf_gzll.o(i.nrf_gzll_enable) for nrf_gzll_enable
    main.o(i.gzll_pairing_init) refers to nrf_log_frontend.o(i.nrf_log_frontend_std_0) for nrf_log_frontend_std_0
    main.o(i.gzll_pairing_init) refers to nrf_log_frontend.o(i.nrf_log_frontend_dequeue) for nrf_log_frontend_dequeue
    main.o(i.gzll_pairing_init) refers to nrf_log_frontend.o(log_dynamic_data) for m_nrf_log_app_logs_data_dynamic
    main.o(i.gzll_pairing_init) refers to nrf_log_frontend.o(log_const_data) for m_nrf_log_app_logs_data_const
    main.o(i.hid_kbd_user_ev_handler) refers to boards.o(i.bsp_board_led_invert) for bsp_board_led_invert
    main.o(i.hid_kbd_user_ev_handler) refers to main.o(i.kbd_status) for kbd_status
    main.o(i.hid_kbd_user_ev_handler) refers to app_usbd_hid_kbd.o(i.hid_kbd_clear_buffer) for hid_kbd_clear_buffer
    main.o(i.hid_mouse_user_ev_handler) refers to boards.o(i.bsp_board_led_invert) for bsp_board_led_invert
    main.o(i.hid_mouse_user_ev_handler) refers to app_usbd_hid_mouse.o(i.hid_mouse_clear_buffer) for hid_mouse_clear_buffer
    main.o(i.init_bsp) refers to bsp.o(i.bsp_init) for bsp_init
    main.o(i.init_bsp) refers to app_error_handler_keil.o(.emb_text) for app_error_handler
    main.o(i.init_bsp) refers to bsp.o(i.bsp_event_to_button_action_assign) for bsp_event_to_button_action_assign
    main.o(i.init_bsp) refers to boards.o(i.bsp_board_init) for bsp_board_init
    main.o(i.init_bsp) refers to main.o(i.bsp_event_callback) for bsp_event_callback
    main.o(i.init_cli) refers to bsp_cli.o(i.bsp_cli_init) for bsp_cli_init
    main.o(i.init_cli) refers to app_error_handler_keil.o(.emb_text) for app_error_handler
    main.o(i.init_cli) refers to memmovea.o(.text) for __aeabi_memcpy4
    main.o(i.init_cli) refers to nrf_cli.o(i.nrf_cli_init) for nrf_cli_init
    main.o(i.init_cli) refers to nrf_cli.o(i.nrf_cli_start) for nrf_cli_start
    main.o(i.init_cli) refers to main.o(i.bsp_event_callback) for bsp_event_callback
[...]
    0x0000bd44   0x0000bd44   0x0000005c   Code   RO          872    i.nrf_drv_clock_hfclk_request  nrf_drv_clock.o
    0x0000bda0   0x0000bda0   0x00000038   Code   RO          873    i.nrf_drv_clock_init  nrf_drv_clock.o
    0x0000bdd8   0x0000bdd8   0x00000014   Code   RO          876    i.nrf_drv_clock_lfclk_is_running  nrf_drv_clock.o
    0x0000bdec   0x0000bdec   0x0000005c   Code   RO          878    i.nrf_drv_clock_lfclk_request  nrf_drv_clock.o
    0x0000be48   0x0000be48   0x00000030   Code   RO         1012    i.nrf_drv_power_init  nrf_drv_power.o
    0x0000be78   0x0000be78   0x00000016   Code   RO         1019    i.nrf_drv_power_usbevt_init  nrf_drv_power.o
    0x0000be8e   0x0000be8e   0x0000000c   Code   RO         1020    i.nrf_drv_power_usbevt_uninit  nrf_drv_power.o
    0x0000be9a   0x0000be9a   0x00000002   PAD
    0x0000be9c   0x0000be9c   0x0000008c   Code   RO         1100    i.nrf_drv_uart_init  nrf_drv_uart.o
    0x0000bf28   0x0000bf28   0x00000044   Code   RO         6213    i.nrf_drv_uart_tx   nrf_cli_uart.o
    0x0000bf6c   0x0000bf6c   0x0000002c   Code   RO         6214    i.nrf_drv_uart_uninit  nrf_cli_uart.o
    0x0000bf98   0x0000bf98   0x0000006c   Code   RO         3299    i.nrf_ecb_crypt     nrf_ecb.o
    0x0000c004   0x0000c004   0x00000030   Code   RO         3300    i.nrf_ecb_init      nrf_ecb.o
    0x0000c034   0x0000c034   0x00000018   Code   RO         3301    i.nrf_ecb_set_key   nrf_ecb.o
    0x0000c04c   0x0000c04c   0x00000040   Code   RO         8695    i.nrf_fifo_flush    gzll_nrf52840_sd_resources_arm.lib(nrf_fifo.o)
    0x0000c08c   0x0000c08c   0x0000000c   Code   RO         8718    i.nrf_fifo_free_packet_num_get  gzll_nrf52840_sd_resources_arm.lib(nrf_fifo.o)
    0x0000c098   0x0000c098   0x00000058   Code   RO         8696    i.nrf_fifo_init     gzll_nrf52840_sd_resources_arm.lib(nrf_fifo.o)
    0x0000c0f0   0x0000c0f0   0x00000054   Code   RO         8697    i.nrf_fifo_packet_free  gzll_nrf52840_sd_resources_arm.lib(nrf_fifo.o)
    0x0000c144   0x0000c144   0x00000024   Code   RO         8716    i.nrf_fifo_packet_num_get  gzll_nrf52840_sd_resources_arm.lib(nrf_fifo.o)
    0x0000c168   0x0000c168   0x00000044   Code   RO         8698    i.nrf_fifo_packet_pop  gzll_nrf52840_sd_resources_arm.lib(nrf_fifo.o)
    0x0000c1ac   0x0000c1ac   0x00000064   Code   RO         8699    i.nrf_fifo_packet_put  gzll_nrf52840_sd_resources_arm.lib(nrf_fifo.o)
    0x0000c210   0x0000c210   0x00000038   Code   RO         8700    i.nrf_fifo_packet_read  gzll_nrf52840_sd_resources_arm.lib(nrf_fifo.o)
    0x0000c248   0x0000c248   0x00000040   Code   RO         8701    i.nrf_fifo_packet_reserve  gzll_nrf52840_sd_resources_arm.lib(nrf_fifo.o)
    0x0000c288   0x0000c288   0x00000008   Code   RO         8501    i.nrf_flw_call_event_get  gzll_nrf52840_sd_resources_arm.lib(nrf_flywheel.o)
    0x0000c290   0x0000c290   0x000000f0   Code   RO         8502    i.nrf_flw_call_prepare  gzll_nrf52840_sd_resources_arm.lib(nrf_flywheel.o)
    0x0000c380   0x0000c380   0x00000008   Code   RO         8503    i.nrf_flw_capture_task_get  gzll_nrf52840_sd_resources_arm.lib(nrf_flywheel.o)
    0x0000c388   0x0000c388   0x00000064   Code   RO         8504    i.nrf_flw_init      gzll_nrf52840_sd_resources_arm.lib(nrf_flywheel.o)
    0x0000c3ec   0x0000c3ec   0x0000000c   Code   RO         8505    i.nrf_flw_runstate_get  gzll_nrf52840_sd_resources_arm.lib(nrf_flywheel.o)
    0x0000c3f8   0x0000c3f8   0x00000018   Code   RO         8506    i.nrf_flw_start     gzll_nrf52840_sd_resources_arm.lib(nrf_flywheel.o)
    0x0000c410   0x0000c410   0x00000028   Code   RO         8507    i.nrf_flw_stop      gzll_nrf52840_sd_resources_arm.lib(nrf_flywheel.o)
    0x0000c438   0x0000c438   0x0000000c   Code   RO         8508    i.nrf_flw_task_is_delayed  gzll_nrf52840_sd_resources_arm.lib(nrf_flywheel.o)
    0x0000c444   0x0000c444   0x0000002a   Code   RO         6299    i.nrf_fprintf       nrf_fprintf.o
    0x0000c46e   0x0000c46e   0x0000001c   Code   RO         6300    i.nrf_fprintf_buffer_flush  nrf_fprintf.o
    0x0000c48a   0x0000c48a   0x000001f0   Code   RO         6331    i.nrf_fprintf_fmt   nrf_fprintf_format.o
    0x0000c67a   0x0000c67a   0x00000034   Code   RO          483    i.nrf_gpio_cfg      boards.o
    0x0000c6ae   0x0000c6ae   0x00000034   Code   RO         1577    i.nrf_gpio_cfg      nrfx_gpiote.o
    0x0000c6e2   0x0000c6e2   0x00000034   Code   RO         2195    i.nrf_gpio_cfg      nrfx_uart.o
    0x0000c716   0x0000c716   0x00000034   Code   RO         2443    i.nrf_gpio_cfg      nrfx_uarte.o
    0x0000c74a   0x0000c74a   0x00000018   Code   RO         2196    i.nrf_gpio_cfg_default  nrfx_uart.o
    0x0000c762   0x0000c762   0x00000018   Code   RO         2444    i.nrf_gpio_cfg_default  nrfx_uarte.o
    0x0000c77a   0x0000c77a   0x0000001a   Code   RO         2197    i.nrf_gpio_cfg_input  nrfx_uart.o
    0x0000c794   0x0000c794   0x0000001a   Code   RO         2445    i.nrf_gpio_cfg_input  nrfx_uarte.o
    0x0000c7ae   0x0000c7ae   0x00000018   Code   RO         2198    i.nrf_gpio_cfg_output  nrfx_uart.o
    0x0000c7c6   0x0000c7c6   0x00000018   Code   RO         2446    i.nrf_gpio_cfg_output  nrfx_uarte.o
    0x0000c7de   0x0000c7de   0x0000003a   Code   RO         1579    i.nrf_gpio_cfg_sense_set  nrfx_gpiote.o
    0x0000c818   0x0000c818   0x00000020   Code   RO          484    i.nrf_gpio_pin_port_decode  boards.o
    0x0000c838   0x0000c838   0x00000020   Code   RO         1581    i.nrf_gpio_pin_port_decode  nrfx_gpiote.o
    0x0000c858   0x0000c858   0x00000020   Code   RO         2199    i.nrf_gpio_pin_port_decode  nrfx_uart.o
    0x0000c878   0x0000c878   0x00000020   Code   RO         2447    i.nrf_gpio_pin_port_decode  nrfx_uarte.o
    0x0000c898   0x0000c898   0x0000001a   Code   RO         1582    i.nrf_gpio_pin_read  nrfx_gpiote.o
    0x0000c8b2   0x0000c8b2   0x0000001a   Code   RO         2200    i.nrf_gpio_pin_set  nrfx_uart.o
    0x0000c8cc   0x0000c8cc   0x0000001a   Code   RO         2448    i.nrf_gpio_pin_set  nrfx_uarte.o
    0x0000c8e6   0x0000c8e6   0x00000042   Code   RO          485    i.nrf_gpio_pin_write  boards.o
    0x0000c928   0x0000c928   0x0000002c   Code   RO         1584    i.nrf_gpio_ports_read  nrfx_gpiote.o
    0x0000c954   0x0000c954   0x0000000c   Code   RO         1585    i.nrf_gpiote_event_addr_get  nrfx_gpiote.o
    0x0000c960   0x0000c960   0x0000001c   Code   RO         1586    i.nrf_gpiote_event_clear  nrfx_gpiote.o
    0x0000c97c   0x0000c97c   0x00000016   Code   RO         1587    i.nrf_gpiote_event_is_set  nrfx_gpiote.o
    0x0000c992   0x0000c992   0x00000002   PAD
    0x0000c994   0x0000c994   0x0000000c   Code   RO         1588    i.nrf_gpiote_int_enable  nrfx_gpiote.o
    0x0000c9a0   0x0000c9a0   0x00000090   Code   RO         8163    i.nrf_gzll_add_packet_to_tx_fifo  gzll_nrf52840_sd_resources_arm.lib(nrf_gzll.o)
    0x0000ca30   0x0000ca30   0x00000002   Code   RO         7891    i.nrf_gzll_device_tx_failed  nrf_gzp_host.o
    0x0000ca32   0x0000ca32   0x00000002   Code   RO         7892    i.nrf_gzll_device_tx_success  nrf_gzp_host.o
    0x0000ca34   0x0000ca34   0x00000018   Code   RO         8166    i.nrf_gzll_disable  gzll_nrf52840_sd_resources_arm.lib(nrf_gzll.o)
    0x0000ca4c   0x0000ca4c   0x00000002   Code   RO         7893    i.nrf_gzll_disabled  nrf_gzp_host.o
    0x0000ca4e   0x0000ca4e   0x00000002   PAD
    0x0000ca50   0x0000ca50   0x0000001c   Code   RO         8167    i.nrf_gzll_enable   gzll_nrf52840_sd_resources_arm.lib(nrf_gzll.o)
    0x0000ca6c   0x0000ca6c   0x0000006c   Code   RO         8168    i.nrf_gzll_fetch_packet_from_rx_fifo  gzll_nrf52840_sd_resources_arm.lib(nrf_gzll.o)
    0x0000cad8   0x0000cad8   0x00000020   Code   RO         8169    i.nrf_gzll_flush_rx_fifo  gzll_nrf52840_sd_resources_arm.lib(nrf_gzll.o)
    0x0000caf8   0x0000caf8   0x00000028   Code   RO         8170    i.nrf_gzll_flush_tx_fifo  gzll_nrf52840_sd_resources_arm.lib(nrf_gzll.o)
    0x0000cb20   0x0000cb20   0x0000000c   Code   RO         8175    i.nrf_gzll_get_channel_table_size  gzll_nrf52840_sd_resources_arm.lib(nrf_gzll.o)
    0x0000cb2c   0x0000cb2c   0x0000000c   Code   RO         8179    i.nrf_gzll_get_error_code  gzll_nrf52840_sd_resources_arm.lib(nrf_gzll.o)
    0x0000cb38   0x0000cb38   0x00000028   Code   RO         8182    i.nrf_gzll_get_mode  gzll_nrf52840_sd_resources_arm.lib(nrf_gzll.o)
    0x0000cb60   0x0000cb60   0x00000018   Code   RO         8183    i.nrf_gzll_get_rx_fifo_packet_count  gzll_nrf52840_sd_resources_arm.lib(nrf_gzll.o)
    0x0000cb78   0x0000cb78   0x00000004   Code   RO         8184    i.nrf_gzll_get_rx_pipes_enabled  gzll_nrf52840_sd_resources_arm.lib(nrf_gzll.o)
    0x0000cb7c   0x0000cb7c   0x00000018   Code   RO         7894    i.nrf_gzll_host_rx_data_ready  nrf_gzp_host.o
    0x0000cb94   0x0000cb94   0x00000088   Code   RO         8194    i.nrf_gzll_init     gzll_nrf52840_sd_resources_arm.lib(nrf_gzll.o)
    0x0000cc1c   0x0000cc1c   0x0000000c   Code   RO         8195    i.nrf_gzll_is_enabled  gzll_nrf52840_sd_resources_arm.lib(nrf_gzll.o)
    0x0000cc28   0x0000cc28   0x00000002   Code   RO         8196    i.nrf_gzll_mode_changed  gzll_nrf52840_sd_resources_arm.lib(nrf_gzll.o)
    0x0000cc2a   0x0000cc2a   0x00000002   PAD
    0x0000cc2c   0x0000cc2c   0x00000028   Code   RO         8201    i.nrf_gzll_set_address_prefix_byte  gzll_nrf52840_sd_resources_arm.lib(nrf_gzll.o)
    0x0000cc54   0x0000cc54   0x00000018   Code   RO         8202    i.nrf_gzll_set_auto_disable  gzll_nrf52840_sd_resources_arm.lib(nrf_gzll.o)
    0x0000cc6c   0x0000cc6c   0x00000020   Code   RO         8203    i.nrf_gzll_set_base_address_0  gzll_nrf52840_sd_resources_arm.lib(nrf_gzll.o)
    0x0000cc8c   0x0000cc8c   0x00000020   Code   RO         8204    i.nrf_gzll_set_base_address_1  gzll_nrf52840_sd_resources_arm.lib(nrf_gzll.o)
    0x0000ccac   0x0000ccac   0x00000044   Code   RO         8205    i.nrf_gzll_set_channel_table  gzll_nrf52840_sd_resources_arm.lib(nrf_gzll.o)
    0x0000ccf0   0x0000ccf0   0x00000030   Code   RO         8206    i.nrf_gzll_set_datarate  gzll_nrf52840_sd_resources_arm.lib(nrf_gzll.o)
    0x0000cd20   0x0000cd20   0x00000030   Code   RO         8207    i.nrf_gzll_set_device_channel_selection_policy  gzll_nrf52840_sd_resources_arm.lib(nrf_gzll.o)
    0x0000cd50   0x0000cd50   0x0000002c   Code   RO         8209    i.nrf_gzll_set_mode  gzll_nrf52840_sd_resources_arm.lib(nrf_gzll.o)
    0x0000cd7c   0x0000cd7c   0x00000020   Code   RO         8211    i.nrf_gzll_set_rx_pipes_enabled  gzll_nrf52840_sd_resources_arm.lib(nrf_gzll.o)
    0x0000cd9c   0x0000cd9c   0x00000020   Code   RO         8213    i.nrf_gzll_set_timeslot_period  gzll_nrf52840_sd_resources_arm.lib(nrf_gzll.o)
    0x0000cdbc   0x0000cdbc   0x00000044   Code   RO         8216    i.nrf_gzll_set_tx_power  gzll_nrf52840_sd_resources_arm.lib(nrf_gzll.o)
    0x0000ce00   0x0000ce00   0x00000030   Code   RO         8217    i.nrf_gzll_set_xosc_ctl  gzll_nrf52840_sd_resources_arm.lib(nrf_gzll.o)
    0x0000ce30   0x0000ce30   0x0000001a   Code   RO         7848    i.nrf_gzp_disable_gzll  nrf_gzp.o
    0x0000ce4a   0x0000ce4a   0x00000002   PAD
    0x0000ce4c   0x0000ce4c   0x0000001c   Code   RO         8300    i.nrf_impl_async_state_idle  gzll_nrf52840_sd_resources_arm.lib(nrf_impala.o)
    0x0000ce68   0x0000ce68   0x00000154   Code   RO         8301    i.nrf_impl_async_state_packet_received  gzll_nrf52840_sd_resources_arm.lib(nrf_impala.o)
    0x0000cfbc   0x0000cfbc   0x00000098   Code   RO         8302    i.nrf_impl_async_state_rx_enabling  gzll_nrf52840_sd_resources_arm.lib(nrf_impala.o)
    0x0000d054   0x0000d054   0x00000010   Code   RO         8303    i.nrf_impl_async_state_tx_ack_complete  gzll_nrf52840_sd_resources_arm.lib(nrf_impala.o)
    0x0000d064   0x0000d064   0x00000018   Code   RO         8305    i.nrf_impl_base_address_0_set  gzll_nrf52840_sd_resources_arm.lib(nrf_impala.o)
    0x0000d07c   0x0000d07c   0x00000018   Code   RO         8307    i.nrf_impl_base_address_1_7_set  gzll_nrf52840_sd_resources_arm.lib(nrf_impala.o)
    0x0000d094   0x0000d094   0x0000001c   Code   RO         8309    i.nrf_impl_base_address_length_set  gzll_nrf52840_sd_resources_arm.lib(nrf_impala.o)
    0x0000d0b0   0x0000d0b0   0x0000000c   Code   RO         8311    i.nrf_impl_chan_select_policy_set  gzll_nrf52840_sd_resources_arm.lib(nrf_impala.o)
    0x0000d0bc   0x0000d0bc   0x00000030   Code   RO         8312    i.nrf_impl_channel_table_set  gzll_nrf52840_sd_resources_arm.lib(nrf_impala.o)
    0x0000d0ec   0x0000d0ec   0x0000001c   Code   RO         8313    i.nrf_impl_chm_timeslots_per_channel_update  gzll_nrf52840_sd_resources_arm.lib(nrf_impala.o)
    0x0000d108   0x0000d108   0x0000004c   Code   RO         8314    i.nrf_impl_cleanup_all  gzll_nrf52840_sd_resources_arm.lib(nrf_impala.o)
    0x0000d154   0x0000d154   0x00000064   Code   RO         8315    i.nrf_impl_crc_length_set  gzll_nrf52840_sd_resources_arm.lib(nrf_impala.o)
    0x0000d1b8   0x0000d1b8   0x0000001c   Code   RO         8463    i.nrf_impl_datarate_set  gzll_nrf52840_sd_resources_arm.lib(nrf_impala.o)
    0x0000d1d4   0x0000d1d4   0x00000114   Code   RO         8316    i.nrf_impl_device_ack_received  gzll_nrf52840_sd_resources_arm.lib(nrf_impala.o)
    0x0000d2e8   0x0000d2e8   0x00000028   Code   RO         8317    i.nrf_impl_disable  gzll_nrf52840_sd_resources_arm.lib(nrf_impala.o)
    0x0000d310   0x0000d310   0x00000054   Code   RO         8319    i.nrf_impl_enable   gzll_nrf52840_sd_resources_arm.lib(nrf_impala.o)
    0x0000d364   0x0000d364   0x00000004   Code   RO         8320    i.nrf_impl_fifo_free_packet_num_get  gzll_nrf52840_sd_resources_arm.lib(nrf_impala.o)
    0x0000d368   0x0000d368   0x00000040   Code   RO         8321    i.nrf_impl_goto_disable  gzll_nrf52840_sd_resources_arm.lib(nrf_impala.o)
    0x0000d3a8   0x0000d3a8   0x00000144   Code   RO         8324    i.nrf_impl_init     gzll_nrf52840_sd_resources_arm.lib(nrf_impala.o)
    0x0000d4ec   0x0000d4ec   0x00000014   Code   RO         8325    i.nrf_impl_is_disabled  gzll_nrf52840_sd_resources_arm.lib(nrf_impala.o)
    0x0000d500   0x0000d500   0x0000000c   Code   RO         8328    i.nrf_impl_mode_get  gzll_nrf52840_sd_resources_arm.lib(nrf_impala.o)
    0x0000d50c   0x0000d50c   0x0000002c   Code   RO         8329    i.nrf_impl_mode_set  gzll_nrf52840_sd_resources_arm.lib(nrf_impala.o)
    0x0000d538   0x0000d538   0x00000094   Code   RO         8330    i.nrf_impl_mode_update  gzll_nrf52840_sd_resources_arm.lib(nrf_impala.o)
    0x0000d5cc   0x0000d5cc   0x00000020   Code   RO         8331    i.nrf_impl_notify_crc_failure  gzll_nrf52840_sd_resources_arm.lib(nrf_impala.o)
    0x0000d5ec   0x0000d5ec   0x0000003c   Code   RO         8332    i.nrf_impl_notify_device_ack  gzll_nrf52840_sd_resources_arm.lib(nrf_impala.o)
    0x0000d628   0x0000d628   0x0000002e   Code   RO         8333    i.nrf_impl_notify_host_packet  gzll_nrf52840_sd_resources_arm.lib(nrf_impala.o)
    0x0000d656   0x0000d656   0x00000002   PAD
    0x0000d658   0x0000d658   0x0000000c   Code   RO         8334    i.nrf_impl_pa_lna_cfg_set  gzll_nrf52840_sd_resources_arm.lib(nrf_impala.o)
    0x0000d664   0x0000d664   0x00000014   Code   RO         8335    i.nrf_impl_packet_free  gzll_nrf52840_sd_resources_arm.lib(nrf_impala.o)
    0x0000d678   0x0000d678   0x00000014   Code   RO         8336    i.nrf_impl_packet_reserve  gzll_nrf52840_sd_resources_arm.lib(nrf_impala.o)
    0x0000d68c   0x0000d68c   0x00000050   Code   RO         8338    i.nrf_impl_prefix_addr_set  gzll_nrf52840_sd_resources_arm.lib(nrf_impala.o)
    0x0000d6dc   0x0000d6dc   0x00000084   Code   RO         8339    i.nrf_impl_ptx_prepare  gzll_nrf52840_sd_resources_arm.lib(nrf_impala.o)
    0x0000d760   0x0000d760   0x0000005c   Code   RO         8340    i.nrf_impl_ptx_session_start  gzll_nrf52840_sd_resources_arm.lib(nrf_impala.o)
    0x0000d7bc   0x0000d7bc   0x00000060   Code   RO         8341    i.nrf_impl_radio_const_params_init  gzll_nrf52840_sd_resources_arm.lib(nrf_impala.o)
    0x0000d81c   0x0000d81c   0x0000005c   Code   RO         8342    i.nrf_impl_radio_params_restore  gzll_nrf52840_sd_resources_arm.lib(nrf_impala.o)
    0x0000d878   0x0000d878   0x0000003c   Code   RO         8343    i.nrf_impl_restore_all_hw_params  gzll_nrf52840_sd_resources_arm.lib(nrf_impala.o)
    0x0000d8b4   0x0000d8b4   0x00000024   Code   RO         8344    i.nrf_impl_rssi_state_set  gzll_nrf52840_sd_resources_arm.lib(nrf_impala.o)
    0x0000d8d8   0x0000d8d8   0x00000014   Code   RO         8345    i.nrf_impl_rx_fifo_flush  gzll_nrf52840_sd_resources_arm.lib(nrf_impala.o)
    0x0000d8ec   0x0000d8ec   0x00000004   Code   RO         8346    i.nrf_impl_rx_fifo_packet_num_get  gzll_nrf52840_sd_resources_arm.lib(nrf_impala.o)
    0x0000d8f0   0x0000d8f0   0x00000014   Code   RO         8347    i.nrf_impl_rx_fifo_pop  gzll_nrf52840_sd_resources_arm.lib(nrf_impala.o)
    0x0000d904   0x0000d904   0x00000004   Code   RO         8348    i.nrf_impl_rx_fifo_read  gzll_nrf52840_sd_resources_arm.lib(nrf_impala.o)
    0x0000d908   0x0000d908   0x0000000c   Code   RO         8349    i.nrf_impl_rx_pipes_enabled_get  gzll_nrf52840_sd_resources_arm.lib(nrf_impala.o)
    0x0000d914   0x0000d914   0x0000000c   Code   RO         8350    i.nrf_impl_rx_pipes_enabled_set  gzll_nrf52840_sd_resources_arm.lib(nrf_impala.o)
    0x0000d920   0x0000d920   0x00000018   Code   RO         8351    i.nrf_impl_sm_current_state_postpone  gzll_nrf52840_sd_resources_arm.lib(nrf_impala.o)
    0x0000d938   0x0000d938   0x00000034   Code   RO         8352    i.nrf_impl_sm_next_state_prepare  gzll_nrf52840_sd_resources_arm.lib(nrf_impala.o)
    0x0000d96c   0x0000d96c   0x00000064   Code   RO         8353    i.nrf_impl_sm_start  gzll_nrf52840_sd_resources_arm.lib(nrf_impala.o)
    0x0000d9d0   0x0000d9d0   0x00000018   Code   RO         8354    i.nrf_impl_sm_state_is_postponed  gzll_nrf52840_sd_resources_arm.lib(nrf_impala.o)
    0x0000d9e8   0x0000d9e8   0x00000030   Code   RO         8355    i.nrf_impl_sm_stop  gzll_nrf52840_sd_resources_arm.lib(nrf_impala.o)
    0x0000da18   0x0000da18   0x0000003c   Code   RO         8356    i.nrf_impl_state_fun_device_send_packet  gzll_nrf52840_sd_resources_arm.lib(nrf_impala.o)
    0x0000da54   0x0000da54   0x0000013c   Code   RO         8357    i.nrf_impl_state_fun_timeslot_start  gzll_nrf52840_sd_resources_arm.lib(nrf_impala.o)
    0x0000db90   0x0000db90   0x00000024   Code   RO         8358    i.nrf_impl_swap_bits  gzll_nrf52840_sd_resources_arm.lib(nrf_impala.o)
    0x0000dbb4   0x0000dbb4   0x00000030   Code   RO         8359    i.nrf_impl_swap_bytes  gzll_nrf52840_sd_resources_arm.lib(nrf_impala.o)
    0x0000dbe4   0x0000dbe4   0x00000014   Code   RO         8360    i.nrf_impl_sync_count_dec  gzll_nrf52840_sd_resources_arm.lib(nrf_impala.o)
    0x0000dbf8   0x0000dbf8   0x00000018   Code   RO         8363    i.nrf_impl_sync_status  gzll_nrf52840_sd_resources_arm.lib(nrf_impala.o)
    0x0000dc10   0x0000dc10   0x0000000c   Code   RO         8365    i.nrf_impl_timeslot_period_set  gzll_nrf52840_sd_resources_arm.lib(nrf_impala.o)
    0x0000dc1c   0x0000dc1c   0x00000108   Code   RO         8366    i.nrf_impl_timeslot_start_device  gzll_nrf52840_sd_resources_arm.lib(nrf_impala.o)
    0x0000dd24   0x0000dd24   0x0000004c   Code   RO         8367    i.nrf_impl_timeslot_start_host  gzll_nrf52840_sd_resources_arm.lib(nrf_impala.o)
    0x0000dd70   0x0000dd70   0x0000000c   Code   RO         8369    i.nrf_impl_timeslots_in_sync_set  gzll_nrf52840_sd_resources_arm.lib(nrf_impala.o)
    0x0000dd7c   0x0000dd7c   0x0000000c   Code   RO         8371    i.nrf_impl_timeslots_out_of_sync_set  gzll_nrf52840_sd_resources_arm.lib(nrf_impala.o)
    0x0000dd88   0x0000dd88   0x00000030   Code   RO         8372    i.nrf_impl_tx_fifo_flush  gzll_nrf52840_sd_resources_arm.lib(nrf_impala.o)
    0x0000ddb8   0x0000ddb8   0x00000004   Code   RO         8373    i.nrf_impl_tx_fifo_packet_num_get  gzll_nrf52840_sd_resources_arm.lib(nrf_impala.o)
    0x0000ddbc   0x0000ddbc   0x00000034   Code   RO         8374    i.nrf_impl_tx_fifo_put  gzll_nrf52840_sd_resources_arm.lib(nrf_impala.o)
    0x0000ddf0   0x0000ddf0   0x00000014   Code   RO         8465    i.nrf_impl_tx_power_set  gzll_nrf52840_sd_resources_arm.lib(nrf_impala.o)
    0x0000de04   0x0000de04   0x0000000c   Code   RO         8377    i.nrf_impl_xosc_ctl_set  gzll_nrf52840_sd_resources_arm.lib(nrf_impala.o)
    0x0000de10   0x0000de10   0x00000058   Code   RO         8531    i.nrf_lcore_basic_irq  gzll_nrf52840_sd_resources_arm.lib(nrf_link_core.o)
    0x0000de68   0x0000de68   0x00000024   Code   RO         8532    i.nrf_lcore_device_irq  gzll_nrf52840_sd_resources_arm.lib(nrf_link_core.o)
    0x0000de8c   0x0000de8c   0x0000003c   Code   RO         8533    i.nrf_lcore_device_lna_control_disable  gzll_nrf52840_sd_resources_arm.lib(nrf_link_core.o)
    0x0000dec8   0x0000dec8   0x0000001c   Code   RO         8534    i.nrf_lcore_device_lna_output_clear  gzll_nrf52840_sd_resources_arm.lib(nrf_link_core.o)
    0x0000dee4   0x0000dee4   0x0000003c   Code   RO         8535    i.nrf_lcore_device_lna_timer_setup  gzll_nrf52840_sd_resources_arm.lib(nrf_link_core.o)
    0x0000df20   0x0000df20   0x00000090   Code   RO         8536    i.nrf_lcore_device_pa_control_setup  gzll_nrf52840_sd_resources_arm.lib(nrf_link_core.o)
    0x0000dfb0   0x0000dfb0   0x0000009c   Code   RO         8537    i.nrf_lcore_device_rx_end_irq  gzll_nrf52840_sd_resources_arm.lib(nrf_link_core.o)
    0x0000e04c   0x0000e04c   0x000000cc   Code   RO         8538    i.nrf_lcore_device_rx_ready_irq  gzll_nrf52840_sd_resources_arm.lib(nrf_link_core.o)
    0x0000e118   0x0000e118   0x000000d0   Code   RO         8539    i.nrf_lcore_device_tx_address_irq  gzll_nrf52840_sd_resources_arm.lib(nrf_link_core.o)
    0x0000e1e8   0x0000e1e8   0x00000068   Code   RO         8540    i.nrf_lcore_disable  gzll_nrf52840_sd_resources_arm.lib(nrf_link_core.o)
    0x0000e250   0x0000e250   0x0000000c   Code   RO         8541    i.nrf_lcore_get_last_transaction_rf_channel  gzll_nrf52840_sd_resources_arm.lib(nrf_link_core.o)
    0x0000e25c   0x0000e25c   0x00000038   Code   RO         8542    i.nrf_lcore_gpiote_chan_cfg  gzll_nrf52840_sd_resources_arm.lib(nrf_link_core.o)
    0x0000e294   0x0000e294   0x0000002c   Code   RO         8543    i.nrf_lcore_host_irq  gzll_nrf52840_sd_resources_arm.lib(nrf_link_core.o)
    0x0000e2c0   0x0000e2c0   0x00000118   Code   RO         8544    i.nrf_lcore_host_rx_end_irq  gzll_nrf52840_sd_resources_arm.lib(nrf_link_core.o)
    0x0000e3d8   0x0000e3d8   0x000000c0   Code   RO         8545    i.nrf_lcore_host_rx_ready_irq  gzll_nrf52840_sd_resources_arm.lib(nrf_link_core.o)
    0x0000e498   0x0000e498   0x000000a4   Code   RO         8546    i.nrf_lcore_host_tx_end_irq  gzll_nrf52840_sd_resources_arm.lib(nrf_link_core.o)
    0x0000e53c   0x0000e53c   0x000000a8   Code   RO         8547    i.nrf_lcore_init    gzll_nrf52840_sd_resources_arm.lib(nrf_link_core.o)
    0x0000e5e4   0x0000e5e4   0x00000070   Code   RO         8548    i.nrf_lcore_operation_end  gzll_nrf52840_sd_resources_arm.lib(nrf_link_core.o)
    0x0000e654   0x0000e654   0x000000b0   Code   RO         8549    i.nrf_lcore_operation_prepare  gzll_nrf52840_sd_resources_arm.lib(nrf_link_core.o)
    0x0000e704   0x0000e704   0x00000130   Code   RO         8550    i.nrf_lcore_operation_start  gzll_nrf52840_sd_resources_arm.lib(nrf_link_core.o)
    0x0000e834   0x0000e834   0x00000024   Code   RO         8551    i.nrf_lcore_pa_lna_output_off  gzll_nrf52840_sd_resources_arm.lib(nrf_link_core.o)
    0x0000e858   0x0000e858   0x00000024   Code   RO         8552    i.nrf_lcore_pa_lna_output_on  gzll_nrf52840_sd_resources_arm.lib(nrf_link_core.o)
    0x0000e87c   0x0000e87c   0x00000014   Code   RO         8586    i.nrf_lcore_rx_address_match  gzll_nrf52840_sd_resources_arm.lib(nrf_link_core.o)
    0x0000e890   0x0000e890   0x00000088   Code   RO         7033    i.nrf_log_backend_add  nrf_log_frontend.o
    0x0000e918   0x0000e918   0x00000012   Code   RO         5786    i.nrf_log_backend_cli_flush  nrf_cli.o
    0x0000e92a   0x0000e92a   0x00000024   Code   RO         5787    i.nrf_log_backend_cli_panic_set  nrf_cli.o
    0x0000e94e   0x0000e94e   0x00000060   Code   RO         5788    i.nrf_log_backend_cli_put  nrf_cli.o
    0x0000e9ae   0x0000e9ae   0x00000008   Code   RO         7034    i.nrf_log_backend_enable  nrf_log_frontend.o
    0x0000e9b6   0x0000e9b6   0x00000002   Code   RO         6846    i.nrf_log_backend_rtt_flush  nrf_log_backend_rtt.o
    0x0000e9b8   0x0000e9b8   0x00000002   Code   RO         6848    i.nrf_log_backend_rtt_panic_set  nrf_log_backend_rtt.o
    0x0000e9ba   0x0000e9ba   0x00000002   PAD
    0x0000e9bc   0x0000e9bc   0x00000020   Code   RO         6849    i.nrf_log_backend_rtt_put  nrf_log_backend_rtt.o
    0x0000e9dc   0x0000e9dc   0x000000f2   Code   RO         6914    i.nrf_log_backend_serial_put  nrf_log_backend_serial.o
    0x0000eace   0x0000eace   0x00000002   PAD
    0x0000ead0   0x0000ead0   0x00000038   Code   RO         7036    i.nrf_log_color_id_get  nrf_log_frontend.o
    0x0000eb08   0x0000eb08   0x00000348   Code   RO         7037    i.nrf_log_frontend_dequeue  nrf_log_frontend.o
    0x0000ee50   0x0000ee50   0x00000014   Code   RO         7039    i.nrf_log_frontend_std_0  nrf_log_frontend.o
    0x0000ee64   0x0000ee64   0x00000018   Code   RO         7040    i.nrf_log_frontend_std_1  nrf_log_frontend.o
    0x0000ee7c   0x0000ee7c   0x00000020   Code   RO         7041    i.nrf_log_frontend_std_2  nrf_log_frontend.o
    0x0000ee9c   0x0000ee9c   0x00000028   Code   RO         7042    i.nrf_log_frontend_std_3  nrf_log_frontend.o
    0x0000eec4   0x0000eec4   0x0000002c   Code   RO         7043    i.nrf_log_frontend_std_4  nrf_log_frontend.o
    0x0000eef0   0x0000eef0   0x00000038   Code   RO         7044    i.nrf_log_frontend_std_5  nrf_log_frontend.o
    0x0000ef28   0x0000ef28   0x000000bc   Code   RO         7339    i.nrf_log_hexdump_entry_process  nrf_log_str_formatter.o
    0x0000efe4   0x0000efe4   0x000000bc   Code   RO         7046    i.nrf_log_init      nrf_log_frontend.o
    0x0000f0a0   0x0000f0a0   0x00000014   Code   RO         7047    i.nrf_log_module_cnt_get  nrf_log_frontend.o
    0x0000f0b4   0x0000f0b4   0x00000060   Code   RO         7048    i.nrf_log_module_filter_get  nrf_log_frontend.o
    0x0000f114   0x0000f114   0x00000054   Code   RO         7049    i.nrf_log_module_filter_set  nrf_log_frontend.o
    0x0000f168   0x0000f168   0x00000010   Code   RO         7050    i.nrf_log_module_init_filter_get  nrf_log_frontend.o
    0x0000f178   0x0000f178   0x00000024   Code   RO         7051    i.nrf_log_module_name_get  nrf_log_frontend.o
    0x0000f19c   0x0000f19c   0x00000034   Code   RO         7052    i.nrf_log_panic     nrf_log_frontend.o
    0x0000f1d0   0x0000f1d0   0x000000c8   Code   RO         7340    i.nrf_log_std_entry_process  nrf_log_str_formatter.o
    0x0000f298   0x0000f298   0x0000007a   Code   RO         6375    i.nrf_memobj_alloc  nrf_memobj.o
    0x0000f312   0x0000f312   0x00000040   Code   RO         6376    i.nrf_memobj_free   nrf_memobj.o
    0x0000f352   0x0000f352   0x00000010   Code   RO         6377    i.nrf_memobj_get    nrf_memobj.o
    0x0000f362   0x0000f362   0x0000000c   Code   RO         6378    i.nrf_memobj_pool_init  nrf_memobj.o
    0x0000f36e   0x0000f36e   0x0000001e   Code   RO         6379    i.nrf_memobj_put    nrf_memobj.o
    0x0000f38c   0x0000f38c   0x00000022   Code   RO         6380    i.nrf_memobj_read   nrf_memobj.o
    0x0000f3ae   0x0000f3ae   0x00000022   Code   RO         6381    i.nrf_memobj_write  nrf_memobj.o
    0x0000f3d0   0x0000f3d0   0x00000074   Code   RO         8592    i.nrf_nm_add        gzll_nrf52840_sd_resources_arm.lib(nrf_notification_manager.o)
    0x0000f444   0x0000f444   0x00000034   Code   RO         8593    i.nrf_nm_init       gzll_nrf52840_sd_resources_arm.lib(nrf_notification_manager.o)
    0x0000f478   0x0000f478   0x00000028   Code   RO         8594    i.nrf_nm_notify_queue_space_get  gzll_nrf52840_sd_resources_arm.lib(nrf_notification_manager.o)
    0x0000f4a0   0x0000f4a0   0x00000080   Code   RO         3342    i.nrf_nvmc_write_byte  nrf_nvmc.o
    0x0000f520   0x0000f520   0x00000020   Code   RO         3343    i.nrf_nvmc_write_bytes  nrf_nvmc.o
    0x0000f540   0x0000f540   0x0000000c   Code   RO         8606    i.nrf_pm_current_ptx_ack_ptr_get  gzll_nrf52840_sd_resources_arm.lib(nrf_packet_manager.o)
    0x0000f54c   0x0000f54c   0x0000000c   Code   RO         8607    i.nrf_pm_current_ptx_packet_get  gzll_nrf52840_sd_resources_arm.lib(nrf_packet_manager.o)
    0x0000f558   0x0000f558   0x0000000c   Code   RO         8608    i.nrf_pm_current_ptx_pipe_get  gzll_nrf52840_sd_resources_arm.lib(nrf_packet_manager.o)
    0x0000f564   0x0000f564   0x0000000c   Code   RO         8610    i.nrf_pm_dyn_ack_status_set  gzll_nrf52840_sd_resources_arm.lib(nrf_packet_manager.o)
    0x0000f570   0x0000f570   0x00000004   Code   RO         8611    i.nrf_pm_fifo_free_packet_num_get  gzll_nrf52840_sd_resources_arm.lib(nrf_packet_manager.o)
    0x0000f574   0x0000f574   0x0000004c   Code   RO         8612    i.nrf_pm_init       gzll_nrf52840_sd_resources_arm.lib(nrf_packet_manager.o)
    0x0000f5c0   0x0000f5c0   0x00000004   Code   RO         8613    i.nrf_pm_packet_free  gzll_nrf52840_sd_resources_arm.lib(nrf_packet_manager.o)
    0x0000f5c4   0x0000f5c4   0x00000004   Code   RO         8614    i.nrf_pm_packet_reserve  gzll_nrf52840_sd_resources_arm.lib(nrf_packet_manager.o)
    0x0000f5c8   0x0000f5c8   0x00000124   Code   RO         8616    i.nrf_pm_prx_end    gzll_nrf52840_sd_resources_arm.lib(nrf_packet_manager.o)
    0x0000f6ec   0x0000f6ec   0x0000003c   Code   RO         8617    i.nrf_pm_prx_start  gzll_nrf52840_sd_resources_arm.lib(nrf_packet_manager.o)
    0x0000f728   0x0000f728   0x00000074   Code   RO         8618    i.nrf_pm_ptx_end    gzll_nrf52840_sd_resources_arm.lib(nrf_packet_manager.o)
    0x0000f79c   0x0000f79c   0x0000000c   Code   RO         8619    i.nrf_pm_ptx_fifo_not_empty  gzll_nrf52840_sd_resources_arm.lib(nrf_packet_manager.o)
    0x0000f7a8   0x0000f7a8   0x0000004c   Code   RO         8620    i.nrf_pm_ptx_pipes_update  gzll_nrf52840_sd_resources_arm.lib(nrf_packet_manager.o)
    0x0000f7f4   0x0000f7f4   0x00000094   Code   RO         8621    i.nrf_pm_ptx_start  gzll_nrf52840_sd_resources_arm.lib(nrf_packet_manager.o)
    0x0000f888   0x0000f888   0x00000006   Code   RO         8622    i.nrf_pm_rx_fifo_flush  gzll_nrf52840_sd_resources_arm.lib(nrf_packet_manager.o)
    0x0000f88e   0x0000f88e   0x00000006   Code   RO         8623    i.nrf_pm_rx_fifo_packet_num_get  gzll_nrf52840_sd_resources_arm.lib(nrf_packet_manager.o)
    0x0000f894   0x0000f894   0x00000006   Code   RO         8624    i.nrf_pm_rx_fifo_pop  gzll_nrf52840_sd_resources_arm.lib(nrf_packet_manager.o)
    0x0000f89a   0x0000f89a   0x00000006   Code   RO         8625    i.nrf_pm_rx_fifo_read  gzll_nrf52840_sd_resources_arm.lib(nrf_packet_manager.o)
    0x0000f8a0   0x0000f8a0   0x0000000c   Code   RO         8626    i.nrf_pm_state_get  gzll_nrf52840_sd_resources_arm.lib(nrf_packet_manager.o)
    0x0000f8ac   0x0000f8ac   0x00000012   Code   RO         8627    i.nrf_pm_tx_fifo_flush  gzll_nrf52840_sd_resources_arm.lib(nrf_packet_manager.o)
    0x0000f8be   0x0000f8be   0x00000004   Code   RO         8628    i.nrf_pm_tx_fifo_packet_num_get  gzll_nrf52840_sd_resources_arm.lib(nrf_packet_manager.o)
    0x0000f8c2   0x0000f8c2   0x00000016   Code   RO         8629    i.nrf_pm_tx_fifo_pop  gzll_nrf52840_sd_resources_arm.lib(nrf_packet_manager.o)
    0x0000f8d8   0x0000f8d8   0x00000022   Code   RO         8630    i.nrf_pm_tx_fifo_put  gzll_nrf52840_sd_resources_arm.lib(nrf_packet_manager.o)
    0x0000f8fa   0x0000f8fa   0x00000004   Code   RO         8631    i.nrf_pm_tx_fifo_read  gzll_nrf52840_sd_resources_arm.lib(nrf_packet_manager.o)
    0x0000f8fe   0x0000f8fe   0x00000012   Code   RO         1895    i.nrf_power_event_clear  nrfx_power.o
    0x0000f910   0x0000f910   0x00000024   Code   RO         1896    i.nrf_power_event_get_and_clear  nrfx_power.o
    0x0000f934   0x0000f934   0x0000000c   Code   RO         1897    i.nrf_power_int_disable  nrfx_power.o
    0x0000f940   0x0000f940   0x0000000c   Code   RO         1898    i.nrf_power_int_enable  nrfx_power.o
    0x0000f94c   0x0000f94c   0x00000002   Code   RO         6450    i.nrf_pwr_mgmt_feed  nrf_pwr_mgmt.o
    0x0000f94e   0x0000f94e   0x00000096   Code   RO         6529    i.nrf_queue_generic_pop  nrf_queue.o
    0x0000f9e4   0x0000f9e4   0x00000016   Code   RO         6531    i.nrf_queue_is_empty  nrf_queue.o
    0x0000f9fa   0x0000f9fa   0x00000020   Code   RO         6532    i.nrf_queue_is_full  nrf_queue.o
    0x0000fa1a   0x0000fa1a   0x00000008   Code   RO         6533    i.nrf_queue_max_utilization_get  nrf_queue.o
    0x0000fa22   0x0000fa22   0x00000008   Code   RO         6534    i.nrf_queue_max_utilization_reset  nrf_queue.o
    0x0000fa2a   0x0000fa2a   0x00000010   Code   RO         6535    i.nrf_queue_next_idx  nrf_queue.o
    0x0000fa3a   0x0000fa3a   0x000000c4   Code   RO         6537    i.nrf_queue_push    nrf_queue.o
    0x0000fafe   0x0000fafe   0x00000002   PAD
    0x0000fb00   0x0000fb00   0x000000f4   Code   RO         6540    i.nrf_queue_status  nrf_queue.o
    0x0000fbf4   0x0000fbf4   0x0000001c   Code   RO         6541    i.nrf_queue_utilization_get  nrf_queue.o
    0x0000fc10   0x0000fc10   0x00000096   Code   RO         6664    i.nrf_ringbuf_alloc  nrf_ringbuf.o
    0x0000fca6   0x0000fca6   0x00000098   Code   RO         6665    i.nrf_ringbuf_cpy_get  nrf_ringbuf.o
    0x0000fd3e   0x0000fd3e   0x0000008a   Code   RO         6666    i.nrf_ringbuf_cpy_put  nrf_ringbuf.o
    0x0000fdc8   0x0000fdc8   0x00000036   Code   RO         6667    i.nrf_ringbuf_free  nrf_ringbuf.o
    0x0000fdfe   0x0000fdfe   0x00000092   Code   RO         6668    i.nrf_ringbuf_get   nrf_ringbuf.o
    0x0000fe90   0x0000fe90   0x0000001c   Code   RO         6669    i.nrf_ringbuf_init  nrf_ringbuf.o
    0x0000feac   0x0000feac   0x00000040   Code   RO         6670    i.nrf_ringbuf_put   nrf_ringbuf.o
    0x0000feec   0x0000feec   0x0000000a   Code   RO         5115    i.nrf_rtc_cc_set    drv_rtc.o
    0x0000fef6   0x0000fef6   0x00000008   Code   RO         5116    i.nrf_rtc_counter_get  drv_rtc.o
    0x0000fefe   0x0000fefe   0x0000000e   Code   RO         5117    i.nrf_rtc_event_clear  drv_rtc.o
    0x0000ff0c   0x0000ff0c   0x00000006   Code   RO         5118    i.nrf_rtc_event_disable  drv_rtc.o
    0x0000ff12   0x0000ff12   0x00000006   Code   RO         5119    i.nrf_rtc_event_enable  drv_rtc.o
    0x0000ff18   0x0000ff18   0x00000006   Code   RO         5120    i.nrf_rtc_int_disable  drv_rtc.o
    0x0000ff1e   0x0000ff1e   0x00000006   Code   RO         5121    i.nrf_rtc_int_enable  drv_rtc.o
    0x0000ff24   0x0000ff24   0x00000006   Code   RO         5122    i.nrf_rtc_task_trigger  drv_rtc.o
    0x0000ff2a   0x0000ff2a   0x00000002   PAD
    0x0000ff2c   0x0000ff2c   0x0000000c   Code   RO         8674    i.nrf_sm_current_state_get  gzll_nrf52840_sd_resources_arm.lib(nrf_state_machine.o)
    0x0000ff38   0x0000ff38   0x00000018   Code   RO         8675    i.nrf_sm_execute    gzll_nrf52840_sd_resources_arm.lib(nrf_state_machine.o)
    0x0000ff50   0x0000ff50   0x00000010   Code   RO         8676    i.nrf_sm_init       gzll_nrf52840_sd_resources_arm.lib(nrf_state_machine.o)
    0x0000ff60   0x0000ff60   0x0000000c   Code   RO         8677    i.nrf_sm_next_state_get  gzll_nrf52840_sd_resources_arm.lib(nrf_state_machine.o)
    0x0000ff6c   0x0000ff6c   0x0000001c   Code   RO         8678    i.nrf_sm_next_state_set  gzll_nrf52840_sd_resources_arm.lib(nrf_state_machine.o)
    0x0000ff88   0x0000ff88   0x00000028   Code   RO         6759    i.nrf_sortlist_add  nrf_sortlist.o
    0x0000ffb0   0x0000ffb0   0x00000008   Code   RO         6761    i.nrf_sortlist_peek  nrf_sortlist.o
    0x0000ffb8   0x0000ffb8   0x00000018   Code   RO         6762    i.nrf_sortlist_pop  nrf_sortlist.o
    0x0000ffd0   0x0000ffd0   0x00000026   Code   RO         6763    i.nrf_sortlist_remove  nrf_sortlist.o
    0x0000fff6   0x0000fff6   0x00000002   PAD
    0x0000fff8   0x0000fff8   0x00000040   Code   RO         6813    i.nrf_strerror_find  nrf_strerror.o
    0x00010038   0x00010038   0x0000001c   Code   RO         6814    i.nrf_strerror_get  nrf_strerror.o
    0x00010054   0x00010054   0x00000008   Code   RO         2117    i.nrf_systick_val_get  nrfx_systick.o
    0x0001005c   0x0001005c   0x0000000c   Code   RO         2201    i.nrf_uart_errorsrc_get_and_clear  nrfx_uart.o
    0x00010068   0x00010068   0x0000000e   Code   RO         2202    i.nrf_uart_event_check  nrfx_uart.o
    0x00010076   0x00010076   0x0000000e   Code   RO         2203    i.nrf_uart_event_clear  nrfx_uart.o
    0x00010084   0x00010084   0x0000000c   Code   RO         2204    i.nrf_uart_hwfc_pins_set  nrfx_uart.o
    0x00010090   0x00010090   0x00000006   Code   RO         2205    i.nrf_uart_int_disable  nrfx_uart.o
    0x00010096   0x00010096   0x00000006   Code   RO         2206    i.nrf_uart_int_enable  nrfx_uart.o
    0x0001009c   0x0001009c   0x00000012   Code   RO         2207    i.nrf_uart_int_enable_check  nrfx_uart.o
    0x000100ae   0x000100ae   0x00000006   Code   RO         2208    i.nrf_uart_task_trigger  nrfx_uart.o
    0x000100b4   0x000100b4   0x0000000e   Code   RO         2209    i.nrf_uart_txrx_pins_set  nrfx_uart.o
    0x000100c2   0x000100c2   0x0000000c   Code   RO         2449    i.nrf_uarte_errorsrc_get_and_clear  nrfx_uarte.o
    0x000100ce   0x000100ce   0x0000000e   Code   RO         2450    i.nrf_uarte_event_check  nrfx_uarte.o
    0x000100dc   0x000100dc   0x0000000e   Code   RO         2451    i.nrf_uarte_event_clear  nrfx_uarte.o
    0x000100ea   0x000100ea   0x0000000c   Code   RO         2452    i.nrf_uarte_hwfc_pins_set  nrfx_uarte.o
    0x000100f6   0x000100f6   0x00000006   Code   RO         2453    i.nrf_uarte_int_disable  nrfx_uarte.o
    0x000100fc   0x000100fc   0x00000006   Code   RO         2454    i.nrf_uarte_int_enable  nrfx_uarte.o
    0x00010102   0x00010102   0x0000000a   Code   RO         2455    i.nrf_uarte_rx_amount_get  nrfx_uarte.o
    0x0001010c   0x0001010c   0x0000000c   Code   RO         2456    i.nrf_uarte_shorts_disable  nrfx_uarte.o
    0x00010118   0x00010118   0x00000006   Code   RO         2457    i.nrf_uarte_task_trigger  nrfx_uarte.o
    0x0001011e   0x0001011e   0x0000000a   Code   RO         2458    i.nrf_uarte_tx_amount_get  nrfx_uarte.o
    0x00010128   0x00010128   0x0000000e   Code   RO         2459    i.nrf_uarte_txrx_pins_set  nrfx_uarte.o
    0x00010136   0x00010136   0x00000002   PAD
    0x00010138   0x00010138   0x0000004c   Code   RO         2695    i.nrf_usbd_ep0in_dma_handler  nrfx_usbd.o
    0x00010184   0x00010184   0x00000068   Code   RO         2696    i.nrf_usbd_ep0out_dma_handler  nrfx_usbd.o
    0x000101ec   0x000101ec   0x00000070   Code   RO         2697    i.nrf_usbd_ep_easydma_set  nrfx_usbd.o
    0x0001025c   0x0001025c   0x0000003c   Code   RO         2698    i.nrf_usbd_ep_enable_check  nrfx_usbd.o
    0x00010298   0x00010298   0x0000004c   Code   RO         2699    i.nrf_usbd_epin_dma_handler  nrfx_usbd.o
    0x000102e4   0x000102e4   0x00000068   Code   RO         2700    i.nrf_usbd_epiniso_dma_handler  nrfx_usbd.o
    0x0001034c   0x0001034c   0x0000006c   Code   RO         2701    i.nrf_usbd_epout_dma_handler  nrfx_usbd.o
    0x000103b8   0x000103b8   0x00000018   Code   RO         2702    i.nrf_usbd_event_check  nrfx_usbd.o
    0x000103d0   0x000103d0   0x00000030   Code   RO         2703    i.nrf_usbd_event_clear  nrfx_usbd.o
    0x00010400   0x00010400   0x00000018   Code   RO         2704    i.nrf_usbd_event_get_and_clear  nrfx_usbd.o
    0x00010418   0x00010418   0x0000002c   Code   RO         2705    i.nrf_usbd_eventcause_clear  nrfx_usbd.o
    0x00010444   0x00010444   0x0000000c   Code   RO         2706    i.nrf_usbd_eventcause_get  nrfx_usbd.o
    0x00010450   0x00010450   0x0000000c   Code   RO         2707    i.nrf_usbd_getRegPtr  nrfx_usbd.o
    0x0001045c   0x0001045c   0x0000000c   Code   RO         2708    i.nrf_usbd_int_disable  nrfx_usbd.o
    0x00010468   0x00010468   0x0000000c   Code   RO         2709    i.nrf_usbd_int_enable  nrfx_usbd.o
    0x00010474   0x00010474   0x00000014   Code   RO         2710    i.nrf_usbd_lowpower_check  nrfx_usbd.o
    0x00010488   0x00010488   0x00000030   Code   RO         2711    i.nrf_usbd_task_trigger  nrfx_usbd.o
    0x000104b8   0x000104b8   0x00000016   Code   RO         1275    i.nrfx_atomic_u32_fetch_and  nrfx_atomic.o
    0x000104ce   0x000104ce   0x00000002   PAD
    0x000104d0   0x000104d0   0x0000001c   Code   RO         1417    i.nrfx_clock_enable  nrfx_clock.o
    0x000104ec   0x000104ec   0x00000018   Code   RO         1418    i.nrfx_clock_hfclk_start  nrfx_clock.o
    0x00010504   0x00010504   0x00000038   Code   RO         1419    i.nrfx_clock_hfclk_stop  nrfx_clock.o
    0x0001053c   0x0001053c   0x00000024   Code   RO         1420    i.nrfx_clock_init   nrfx_clock.o
    0x00010560   0x00010560   0x00000054   Code   RO         1421    i.nrfx_clock_irq_handler  nrfx_clock.o
    0x000105b4   0x000105b4   0x00000018   Code   RO         1423    i.nrfx_clock_lfclk_start  nrfx_clock.o
    0x000105cc   0x000105cc   0x00000018   Code   RO         5123    i.nrfx_coredep_delay_us  drv_rtc.o
    0x000105e4   0x000105e4   0x00000008   Code   RO         1426    i.nrfx_get_irq_number  nrfx_clock.o
    0x000105ec   0x000105ec   0x00000008   Code   RO         1900    i.nrfx_get_irq_number  nrfx_power.o
    0x000105f4   0x000105f4   0x00000008   Code   RO         2210    i.nrfx_get_irq_number  nrfx_uart.o
    0x000105fc   0x000105fc   0x00000008   Code   RO         2460    i.nrfx_get_irq_number  nrfx_uarte.o
    0x00010604   0x00010604   0x000000ac   Code   RO         1595    i.nrfx_gpiote_in_event_enable  nrfx_gpiote.o
    0x000106b0   0x000106b0   0x000000f8   Code   RO         1596    i.nrfx_gpiote_in_init  nrfx_gpiote.o
    0x000107a8   0x000107a8   0x00000014   Code   RO         1597    i.nrfx_gpiote_in_is_set  nrfx_gpiote.o
    0x000107bc   0x000107bc   0x000000b0   Code   RO         1599    i.nrfx_gpiote_init  nrfx_gpiote.o
    0x0001086c   0x0001086c   0x00000014   Code   RO         1600    i.nrfx_gpiote_is_init  nrfx_gpiote.o
    0x00010880   0x00010880   0x00000014   Code   RO         2461    i.nrfx_is_in_ram    nrfx_uarte.o
    0x00010894   0x00010894   0x000000a4   Code   RO         1427    i.nrfx_power_clock_irq_init  nrfx_clock.o
    0x00010938   0x00010938   0x000000a4   Code   RO         1901    i.nrfx_power_clock_irq_init  nrfx_power.o
    0x000109dc   0x000109dc   0x00000040   Code   RO         1902    i.nrfx_power_init   nrfx_power.o
    0x00010a1c   0x00010a1c   0x000000ac   Code   RO         1903    i.nrfx_power_irq_handler  nrfx_power.o
    0x00010ac8   0x00010ac8   0x0000000c   Code   RO         1915    i.nrfx_power_usbevt_disable  nrfx_power.o
    0x00010ad4   0x00010ad4   0x0000000c   Code   RO         1916    i.nrfx_power_usbevt_enable  nrfx_power.o
    0x00010ae0   0x00010ae0   0x00000018   Code   RO         1917    i.nrfx_power_usbevt_init  nrfx_power.o
    0x00010af8   0x00010af8   0x0000000c   Code   RO         1918    i.nrfx_power_usbevt_uninit  nrfx_power.o
    0x00010b04   0x00010b04   0x00000048   Code   RO         2066    i.nrfx_prs_acquire  nrfx_prs.o
    0x00010b4c   0x00010b4c   0x00000016   Code   RO         2067    i.nrfx_prs_release  nrfx_prs.o
    0x00010b62   0x00010b62   0x0000001c   Code   RO         2119    i.nrfx_systick_delay_ticks  nrfx_systick.o
    0x00010b7e   0x00010b7e   0x00000012   Code   RO         2120    i.nrfx_systick_delay_us  nrfx_systick.o
    0x00010b90   0x00010b90   0x00000018   Code   RO         2125    i.nrfx_systick_us_tick  nrfx_systick.o
    0x00010ba8   0x00010ba8   0x00000014   Code   RO         2211    i.nrfx_uart_0_irq_handler  nrfx_uart.o
    0x00010bbc   0x00010bbc   0x00000088   Code   RO         2213    i.nrfx_uart_init    nrfx_uart.o
    0x00010c44   0x00010c44   0x00000124   Code   RO         2214    i.nrfx_uart_rx      nrfx_uart.o
    0x00010d68   0x00010d68   0x00000018   Code   RO         2215    i.nrfx_uart_rx_abort  nrfx_uart.o
    0x00010d80   0x00010d80   0x0000008c   Code   RO         2219    i.nrfx_uart_tx      nrfx_uart.o
    0x00010e0c   0x00010e0c   0x00000024   Code   RO         2221    i.nrfx_uart_tx_in_progress  nrfx_uart.o
    0x00010e30   0x00010e30   0x00000044   Code   RO         2222    i.nrfx_uart_uninit  nrfx_uart.o
    0x00010e74   0x00010e74   0x00000014   Code   RO         2462    i.nrfx_uarte_0_irq_handler  nrfx_uarte.o
    0x00010e88   0x00010e88   0x00000080   Code   RO         2464    i.nrfx_uarte_init   nrfx_uarte.o
    0x00010f08   0x00010f08   0x00000138   Code   RO         2465    i.nrfx_uarte_rx     nrfx_uarte.o
    0x00011040   0x00011040   0x0000002c   Code   RO         2466    i.nrfx_uarte_rx_abort  nrfx_uarte.o
    0x0001106c   0x0001106c   0x000000c0   Code   RO         2468    i.nrfx_uarte_tx     nrfx_uarte.o
    0x0001112c   0x0001112c   0x00000020   Code   RO         2470    i.nrfx_uarte_tx_in_progress  nrfx_uarte.o
    0x0001114c   0x0001114c   0x00000070   Code   RO         2471    i.nrfx_uarte_uninit  nrfx_uarte.o
    0x000111bc   0x000111bc   0x00000010   Code   RO         2712    i.nrfx_usbd_active_irq_config  nrfx_usbd.o
    0x000111cc   0x000111cc   0x00000038   Code   RO         2714    i.nrfx_usbd_consumer  nrfx_usbd.o
    0x00011204   0x00011204   0x00000058   Code   RO         2715    i.nrfx_usbd_disable  nrfx_usbd.o
    0x0001125c   0x0001125c   0x000001b8   Code   RO         2716    i.nrfx_usbd_enable  nrfx_usbd.o
    0x00011414   0x00011414   0x0000000c   Code   RO         2717    i.nrfx_usbd_ep_abort  nrfx_usbd.o
    0x00011420   0x00011420   0x00000074   Code   RO         2719    i.nrfx_usbd_ep_disable  nrfx_usbd.o
    0x00011494   0x00011494   0x0000004c   Code   RO         2720    i.nrfx_usbd_ep_dtoggle_clear  nrfx_usbd.o
    0x000114e0   0x000114e0   0x000000b8   Code   RO         2721    i.nrfx_usbd_ep_enable  nrfx_usbd.o
    0x00011598   0x00011598   0x00000012   Code   RO         2722    i.nrfx_usbd_ep_enable_check  nrfx_usbd.o
    0x000115aa   0x000115aa   0x00000002   PAD
    0x000115ac   0x000115ac   0x0000008c   Code   RO         2723    i.nrfx_usbd_ep_handled_transfer  nrfx_usbd.o
    0x00011638   0x00011638   0x00000010   Code   RO         2725    i.nrfx_usbd_ep_max_packet_size_get  nrfx_usbd.o
    0x00011648   0x00011648   0x00000012   Code   RO         2726    i.nrfx_usbd_ep_max_packet_size_set  nrfx_usbd.o
    0x0001165a   0x0001165a   0x00000002   PAD
    0x0001165c   0x0001165c   0x00000038   Code   RO         2727    i.nrfx_usbd_ep_stall  nrfx_usbd.o
    0x00011694   0x00011694   0x00000048   Code   RO         2728    i.nrfx_usbd_ep_stall_check  nrfx_usbd.o
    0x000116dc   0x000116dc   0x0000004c   Code   RO         2729    i.nrfx_usbd_ep_stall_clear  nrfx_usbd.o
    0x00011728   0x00011728   0x00000024   Code   RO         2731    i.nrfx_usbd_ep_to_endevent  nrfx_usbd.o
    0x0001174c   0x0001174c   0x00000024   Code   RO         2732    i.nrfx_usbd_ep_to_int  nrfx_usbd.o
    0x00011770   0x00011770   0x00000110   Code   RO         2733    i.nrfx_usbd_ep_transfer  nrfx_usbd.o
    0x00011880   0x00011880   0x00000038   Code   RO         2734    i.nrfx_usbd_epout_size_get  nrfx_usbd.o
    0x000118b8   0x000118b8   0x00000016   Code   RO         2735    i.nrfx_usbd_errata_104  nrfx_usbd.o
    0x000118ce   0x000118ce   0x00000002   PAD
    0x000118d0   0x000118d0   0x00000028   Code   RO         2736    i.nrfx_usbd_errata_187  nrfx_usbd.o
    0x000118f8   0x000118f8   0x00000014   Code   RO         2737    i.nrfx_usbd_errata_type_52840  nrfx_usbd.o
    0x0001190c   0x0001190c   0x00000014   Code   RO         4224    i.nrfx_usbd_errata_type_52840  app_usbd_core.o
    0x00011920   0x00011920   0x0000001c   Code   RO         2738    i.nrfx_usbd_errata_type_52840_eng_b_or_later  nrfx_usbd.o
    0x0001193c   0x0001193c   0x00000008   Code   RO         2739    i.nrfx_usbd_feeder_buffer_get  nrfx_usbd.o
    0x00011944   0x00011944   0x00000044   Code   RO         2740    i.nrfx_usbd_feeder_flash  nrfx_usbd.o
    0x00011988   0x00011988   0x0000004a   Code   RO         2741    i.nrfx_usbd_feeder_flash_zlp  nrfx_usbd.o
    0x000119d2   0x000119d2   0x00000030   Code   RO         2742    i.nrfx_usbd_feeder_ram  nrfx_usbd.o
    0x00011a02   0x00011a02   0x00000034   Code   RO         2743    i.nrfx_usbd_feeder_ram_zlp  nrfx_usbd.o
    0x00011a36   0x00011a36   0x00000002   PAD
    0x00011a38   0x00011a38   0x0000000c   Code   RO         2744    i.nrfx_usbd_force_bus_wakeup  nrfx_usbd.o
    0x00011a44   0x00011a44   0x00000098   Code   RO         2745    i.nrfx_usbd_init    nrfx_usbd.o
    0x00011adc   0x00011adc   0x00000014   Code   RO         2746    i.nrfx_usbd_is_enabled  nrfx_usbd.o
    0x00011af0   0x00011af0   0x00000014   Code   RO         2747    i.nrfx_usbd_is_initialized  nrfx_usbd.o
    0x00011b04   0x00011b04   0x00000010   Code   RO         2750    i.nrfx_usbd_isoinconfig_set  nrfx_usbd.o
    0x00011b14   0x00011b14   0x0000000c   Code   RO         2751    i.nrfx_usbd_last_setup_dir_get  nrfx_usbd.o
    0x00011b20   0x00011b20   0x0000000a   Code   RO         2752    i.nrfx_usbd_setup_clear  nrfx_usbd.o
    0x00011b2a   0x00011b2a   0x00000030   Code   RO         2753    i.nrfx_usbd_setup_data_clear  nrfx_usbd.o
    0x00011b5a   0x00011b5a   0x00000002   PAD
    0x00011b5c   0x00011b5c   0x0000006c   Code   RO         2754    i.nrfx_usbd_setup_get  nrfx_usbd.o
    0x00011bc8   0x00011bc8   0x0000000a   Code   RO         2755    i.nrfx_usbd_setup_stall  nrfx_usbd.o
    0x00011bd2   0x00011bd2   0x00000002   PAD
    0x00011bd4   0x00011bd4   0x000000ac   Code   RO         2756    i.nrfx_usbd_start   nrfx_usbd.o
    0x00011c80   0x00011c80   0x0000007c   Code   RO         2757    i.nrfx_usbd_stop    nrfx_usbd.o
    0x00011cfc   0x00011cfc   0x00000054   Code   RO         2758    i.nrfx_usbd_suspend  nrfx_usbd.o
    0x00011d50   0x00011d50   0x00000010   Code   RO         2760    i.nrfx_usbd_suspend_irq_config  nrfx_usbd.o
    0x00011d60   0x00011d60   0x000000bc   Code   RO         2761    i.nrfx_usbd_transfer_out_drop  nrfx_usbd.o
    0x00011e1c   0x00011e1c   0x00000014   Code   RO         2762    i.nrfx_usbd_uninit  nrfx_usbd.o
    0x00011e30   0x00011e30   0x00000068   Code   RO         2763    i.nrfx_usbd_wakeup_req  nrfx_usbd.o
    0x00011e98   0x00011e98   0x00000014   Code   RO         3658    i.on_compare1_evt   app_timer2.o
    0x00011eac   0x00011eac   0x00000020   Code   RO         3659    i.on_compare_evt    app_timer2.o
    0x00011ecc   0x00011ecc   0x0000001c   Code   RO         3660    i.on_overflow_evt   app_timer2.o
    0x00011ee8   0x00011ee8   0x00000094   Code   RO         5789    i.option_print      nrf_cli.o
    0x00011f7c   0x00011f7c   0x00000026   Code   RO           14    i.output_present    main.o
    0x00011fa2   0x00011fa2   0x00000002   PAD
    0x00011fa4   0x00011fa4   0x00000010   Code   RO         8632    i.pid_clear         gzll_nrf52840_sd_resources_arm.lib(nrf_packet_manager.o)
    0x00011fb4   0x00011fb4   0x00000014   Code   RO         1616    i.pin_configured_set  nrfx_gpiote.o
    0x00011fc8   0x00011fc8   0x0000001c   Code   RO         1617    i.pin_in_use_by_gpiote  nrfx_gpiote.o
    0x00011fe4   0x00011fe4   0x00000018   Code   RO         1618    i.pin_in_use_by_port  nrfx_gpiote.o
    0x00011ffc   0x00011ffc   0x00000020   Code   RO         1619    i.pin_in_use_by_te  nrfx_gpiote.o
    0x0001201c   0x0001201c   0x0000000c   Code   RO         1620    i.pin_in_use_clear  nrfx_gpiote.o
    0x00012028   0x00012028   0x0000007e   Code   RO         2223    i.pins_to_default   nrfx_uart.o
    0x000120a6   0x000120a6   0x0000007e   Code   RO         2472    i.pins_to_default   nrfx_uarte.o
    0x00012124   0x00012124   0x00000028   Code   RO         8633    i.pipe_tx_fifo_update  gzll_nrf52840_sd_resources_arm.lib(nrf_packet_manager.o)
    0x0001214c   0x0001214c   0x00000018   Code   RO         8634    i.pm_rx_ptr_get     gzll_nrf52840_sd_resources_arm.lib(nrf_packet_manager.o)
    0x00012164   0x00012164   0x00000030   Code   RO         8635    i.pm_rx_ptr_put     gzll_nrf52840_sd_resources_arm.lib(nrf_packet_manager.o)
    0x00012194   0x00012194   0x00000048   Code   RO         7342    i.postfix_process   nrf_log_str_formatter.o
    0x000121dc   0x000121dc   0x000000a4   Code   RO         7343    i.prefix_process    nrf_log_str_formatter.o
    0x00012280   0x00012280   0x0000003c   Code   RO         5790    i.process_nl        nrf_cli.o
    0x000122bc   0x000122bc   0x00000018   Code   RO         2068    i.prs_box_get       nrfx_prs.o
    0x000122d4   0x000122d4   0x0000001e   Code   RO         6544    i.queue_utilization_get  nrf_queue.o
    0x000122f2   0x000122f2   0x00000006   Code   RO         5791    i.receive_state_change  nrf_cli.o
    0x000122f8   0x000122f8   0x00000058   Code   RO         5792    i.right_arrow_handle  nrf_cli.o
    0x00012350   0x00012350   0x0000003e   Code   RO         3661    i.rtc_irq           app_timer2.o
    0x0001238e   0x0001238e   0x00000002   PAD
    0x00012390   0x00012390   0x0000007c   Code   RO         3662    i.rtc_schedule      app_timer2.o
    0x0001240c   0x0001240c   0x000000a4   Code   RO         3663    i.rtc_update        app_timer2.o
    0x000124b0   0x000124b0   0x0000003e   Code   RO         2224    i.rx_byte           nrfx_uart.o
    0x000124ee   0x000124ee   0x0000001c   Code   RO         2225    i.rx_done_event     nrfx_uart.o
    0x0001250a   0x0001250a   0x0000001c   Code   RO         2473    i.rx_done_event     nrfx_uarte.o
    0x00012526   0x00012526   0x00000022   Code   RO         2226    i.rx_enable         nrfx_uart.o
    0x00012548   0x00012548   0x00000078   Code   RO         6215    i.rx_try            nrf_cli_uart.o
    0x000125c0   0x000125c0   0x00000084   Code   RO         6850    i.serial_tx         nrf_log_backend_rtt.o
    0x00012644   0x00012644   0x00000006   Code   RO         4225    i.setup_data_handler_empty  app_usbd_core.o
    0x0001264a   0x0001264a   0x00000002   PAD
    0x0001264c   0x0001264c   0x00000040   Code   RO         4226    i.setup_device_req_get_configuration  app_usbd_core.o
    0x0001268c   0x0001268c   0x00000148   Code   RO         4227    i.setup_device_req_get_descriptor  app_usbd_core.o
    0x000127d4   0x000127d4   0x0000004c   Code   RO         4228    i.setup_device_req_get_status  app_usbd_core.o
    0x00012820   0x00012820   0x00000048   Code   RO         4229    i.setup_device_req_set_configuration  app_usbd_core.o
    0x00012868   0x00012868   0x000000c4   Code   RO         4230    i.setup_device_req_std_handler  app_usbd_core.o
    0x0001292c   0x0001292c   0x000000b4   Code   RO         4231    i.setup_endpoint_req_std  app_usbd_core.o
    0x000129e0   0x000129e0   0x00000074   Code   RO         4470    i.setup_event_handler  app_usbd_hid.o
    0x00012a54   0x00012a54   0x000000ac   Code   RO         4232    i.setup_interface_req_std_handle  app_usbd_core.o
    0x00012b00   0x00012b00   0x00000066   Code   RO         4471    i.setup_req_class_in  app_usbd_hid.o
    0x00012b66   0x00012b66   0x000000d8   Code   RO         4472    i.setup_req_class_out  app_usbd_hid.o
    0x00012c3e   0x00012c3e   0x00000076   Code   RO         4473    i.setup_req_std_in  app_usbd_hid.o
    0x00012cb4   0x00012cb4   0x00000008   Code   RO         4474    i.setup_req_std_out  app_usbd_hid.o
    0x00012cbc   0x00012cbc   0x00000024   Code   RO         7054    i.severity_lvl_get  nrf_log_frontend.o
    0x00012ce0   0x00012ce0   0x00000016   Code   RO         3664    i.sorted_list_stop_all  app_timer2.o
    0x00012cf6   0x00012cf6   0x00000002   PAD
    0x00012cf8   0x00012cf8   0x00000018   Code   RO         3665    i.sortlist_pop      app_timer2.o
    0x00012d10   0x00012d10   0x00000020   Code   RO         3405    i.state_get         app_button.o
    0x00012d30   0x00012d30   0x00000048   Code   RO         3406    i.state_set         app_button.o
    0x00012d78   0x00012d78   0x00000064   Code   RO         7055    i.std_header_set    nrf_log_frontend.o
    0x00012ddc   0x00012ddc   0x00000070   Code   RO         7056    i.std_n             nrf_log_frontend.o
    0x00012e4c   0x00012e4c   0x00000030   Code   RO         5793    i.str_similarity_check  nrf_cli.o
    0x00012e7c   0x00012e7c   0x00000018   Code   RO         5794    i.string_cmp        nrf_cli.o
    0x00012e94   0x00012e94   0x00000074   Code   RO         6332    i.string_print      nrf_fprintf_format.o
    0x00012f08   0x00012f08   0x00000060   Code   RO         3863    i.sustate_set       app_usbd.o
    0x00012f68   0x00012f68   0x0000006a   Code   RO         5795    i.terminal_size_get  nrf_cli.o
    0x00012fd2   0x00012fd2   0x0000000a   Code   RO         5124    i.ticks_sub         drv_rtc.o
    0x00012fdc   0x00012fdc   0x00000070   Code   RO         3666    i.timer_expire      app_timer2.o
    0x0001304c   0x0001304c   0x00000030   Code   RO         6216    i.timer_handler     nrf_cli_uart.o
    0x0001307c   0x0001307c   0x00000098   Code   RO         3667    i.timer_req_process  app_timer2.o
    0x00013114   0x00013114   0x00000040   Code   RO         3668    i.timer_req_schedule  app_timer2.o
    0x00013154   0x00013154   0x00000020   Code   RO         3407    i.timer_start       app_button.o
    0x00013174   0x00013174   0x00000002   Code   RO         7344    i.timestamp_print   nrf_log_str_formatter.o
    0x00013176   0x00013176   0x0000000c   Code   RO         5796    i.transport_buffer_flush  nrf_cli.o
    0x00013182   0x00013182   0x00000036   Code   RO         2227    i.tx_blocking       nrfx_uart.o
    0x000131b8   0x000131b8   0x00000026   Code   RO         2228    i.tx_byte           nrfx_uart.o
    0x000131de   0x000131de   0x00000020   Code   RO         2229    i.tx_done_event     nrfx_uart.o
    0x000131fe   0x000131fe   0x00000020   Code   RO         2474    i.tx_done_event     nrfx_uarte.o
    0x0001321e   0x0001321e   0x00000094   Code   RO         6217    i.uart_event_handler  nrf_cli_uart.o
    0x000132b2   0x000132b2   0x00000002   PAD
    0x000132b4   0x000132b4   0x00000038   Code   RO         1101    i.uart_evt_handler  nrf_drv_uart.o
    0x000132ec   0x000132ec   0x0000014e   Code   RO         2230    i.uart_irq_handler  nrfx_uart.o
    0x0001343a   0x0001343a   0x00000002   PAD
    0x0001343c   0x0001343c   0x00000038   Code   RO         1102    i.uarte_evt_handler  nrf_drv_uart.o
    0x00013474   0x00013474   0x00000134   Code   RO         2475    i.uarte_irq_handler  nrfx_uarte.o
    0x000135a8   0x000135a8   0x0000000a   Code   RO           15    i.ui_init           main.o
    0x000135b2   0x000135b2   0x00000002   PAD
    0x000135b4   0x000135b4   0x000000b8   Code   RO         6333    i.unsigned_print    nrf_fprintf_format.o
    0x0001366c   0x0001366c   0x00000014   Code   RO         4233    i.usb_core_ep0_handler_check  app_usbd_core.o
    0x00013680   0x00013680   0x00000034   Code   RO         4234    i.usbd_core_state_set  app_usbd_core.o
    0x000136b4   0x000136b4   0x00000108   Code   RO         4235    i.usbd_descriptor_conf_feeder  app_usbd_core.o
    0x000137bc   0x000137bc   0x00000020   Code   RO         2764    i.usbd_dma_pending_clear  nrfx_usbd.o
    0x000137dc   0x000137dc   0x0000000c   Code   RO         2765    i.usbd_dma_scheduler_algorithm  nrfx_usbd.o
    0x000137e8   0x000137e8   0x00000026   Code   RO         2766    i.usbd_dma_start    nrfx_usbd.o
    0x0001380e   0x0001380e   0x00000002   PAD
    0x00013810   0x00013810   0x000001b8   Code   RO         2767    i.usbd_dmareq_process  nrfx_usbd.o
    0x000139c8   0x000139c8   0x0000013c   Code   RO         2768    i.usbd_ep_abort     nrfx_usbd.o
    0x00013b04   0x00013b04   0x00000054   Code   RO         2769    i.usbd_ep_abort_all  nrfx_usbd.o
    0x00013b58   0x00013b58   0x00000090   Code   RO         2770    i.usbd_ep_data_handler  nrfx_usbd.o
    0x00013be8   0x00013be8   0x00000020   Code   RO         2771    i.usbd_int_rise     nrfx_usbd.o
    0x00013c08   0x00013c08   0x000000f8   Code   RO           16    i.usbd_user_ev_handler  main.o
    0x00013d00   0x00013d00   0x0000001c   Code   RO         3864    i.user_event_handler  app_usbd.o
    0x00013d1c   0x00013d1c   0x00000016   Code   RO         4475    i.user_event_handler  app_usbd_hid.o
    0x00013d32   0x00013d32   0x00000002   PAD
    0x00013d34   0x00013d34   0x00000018   Code   RO         3865    i.user_event_state_proc  app_usbd.o
    0x00013d4c   0x00013d4c   0x0000001e   Code   RO         3408    i.usr_event         app_button.o
    0x00013d6a   0x00013d6a   0x00000002   PAD
    0x00013d6c   0x00013d6c   0x00000044   Code   RO         5797    i.vt100_bgcolor_set  nrf_cli.o
    0x00013db0   0x00013db0   0x00000058   Code   RO         5798    i.vt100_color_set   nrf_cli.o
    0x00013e08   0x00013e08   0x00000018   Code   RO         5799    i.vt100_colors_restore  nrf_cli.o
    0x00013e20   0x00013e20   0x00000010   Code   RO         3346    i.wait_for_flash_ready  nrf_nvmc.o
    0x00013e30   0x00013e30   0x000001b0   Data   RO           18    .constdata          main.o
    0x00013fe0   0x00013fe0   0x00000008   Data   RO          486    .constdata          boards.o
    0x00013fe8   0x00013fe8   0x0000002c   Data   RO          628    .constdata          bsp.o
    0x00014014   0x00014014   0x00000048   Data   RO          734    .constdata          bsp_cli.o
    0x0001405c   0x0001405c   0x00000001   Data   RO         1021    .constdata          nrf_drv_power.o
    0x0001405d   0x0001405d   0x00000003   PAD
    0x00014060   0x00014060   0x00000042   Data   RO         1622    .constdata          nrfx_gpiote.o
    0x000140a2   0x000140a2   0x00000002   PAD
    0x000140a4   0x000140a4   0x0000002e   Data   RO         2232    .constdata          nrfx_uart.o
    0x000140d2   0x000140d2   0x00000002   PAD
    0x000140d4   0x000140d4   0x00000030   Data   RO         2477    .constdata          nrfx_uarte.o
    0x00014104   0x00014104   0x000000d0   Data   RO         2773    .constdata          nrfx_usbd.o
    0x000141d4   0x000141d4   0x00000007   Data   RO         3410    .constdata          app_button.o
    0x000141db   0x000141db   0x00000001   PAD
    0x000141dc   0x000141dc   0x00000014   Data   RO         3670    .constdata          app_timer2.o
    0x000141f0   0x000141f0   0x00000045   Data   RO         3867    .constdata          app_usbd.o
    0x00014235   0x00014235   0x00000003   PAD
    0x00014238   0x00014238   0x00000051   Data   RO         4237    .constdata          app_usbd_core.o
    0x00014289   0x00014289   0x00000003   PAD
    0x0001428c   0x0001428c   0x00000014   Data   RO         4394    .constdata          app_usbd_dummy.o
    0x000142a0   0x000142a0   0x0000003c   Data   RO         4611    .constdata          app_usbd_hid_kbd.o
    0x000142dc   0x000142dc   0x00000034   Data   RO         4817    .constdata          app_usbd_hid_mouse.o
    0x00014310   0x00014310   0x0000006a   Data   RO         4988    .constdata          app_usbd_string_desc.o
    0x0001437a   0x0001437a   0x00000006   PAD
    0x00014380   0x00014380   0x00000006   Data   RO         5125    .constdata          drv_rtc.o
    0x00014386   0x00014386   0x00000002   PAD
    0x00014388   0x00014388   0x00000038   Data   RO         5647    .constdata          nrf_balloc.o
    0x000143c0   0x000143c0   0x000001b2   Data   RO         5800    .constdata          nrf_cli.o
    0x00014572   0x00014572   0x00000002   PAD
    0x00014574   0x00014574   0x00000014   Data   RO         6218    .constdata          nrf_cli_uart.o
    0x00014588   0x00014588   0x00000010   Data   RO         6334    .constdata          nrf_fprintf_format.o
    0x00014598   0x00014598   0x00000038   Data   RO         6546    .constdata          nrf_queue.o
    0x000145d0   0x000145d0   0x0000012c   Data   RO         6815    .constdata          nrf_strerror.o
    0x000146fc   0x000146fc   0x00000004   PAD
    0x00014700   0x00014700   0x00000016   Data   RO         6852    .constdata          nrf_log_backend_rtt.o
    0x00014716   0x00014716   0x00000002   PAD
    0x00014718   0x00014718   0x0000016c   Data   RO         7058    .constdata          nrf_log_frontend.o
    0x00014884   0x00014884   0x00000017   Data   RO         7764    .constdata          nrf_gzp.o
    0x0001489b   0x0001489b   0x00000001   PAD
    0x0001489c   0x0001489c   0x00000030   Data   RO         8554    .constdata          gzll_nrf52840_sd_resources_arm.lib(nrf_link_core.o)
    0x000148cc   0x000148cc   0x00000081   Data   RO         8733    .constdata          mc_w.l(ctype_o.o)
    0x0001494d   0x0001494d   0x00000003   PAD
    0x00014950   0x00014950   0x00000004   Data   RO         8734    .constdata          mc_w.l(ctype_o.o)
    0x00014954   0x00014954   0x0000000d   Data   RO           19    .conststring        main.o
    0x00014961   0x00014961   0x00000003   PAD
    0x00014964   0x00014964   0x00000031   Data   RO          735    .conststring        bsp_cli.o
    0x00014995   0x00014995   0x00000003   PAD
    0x00014998   0x00014998   0x00000515   Data   RO         5359    .conststring        hardfault_implementation.o
    0x00014ead   0x00014ead   0x00000003   PAD
    0x00014eb0   0x00014eb0   0x000000e3   Data   RO         5648    .conststring        nrf_balloc.o
    0x00014f93   0x00014f93   0x00000001   PAD
    0x00014f94   0x00014f94   0x000002b8   Data   RO         5801    .conststring        nrf_cli.o
    0x0001524c   0x0001524c   0x000000a6   Data   RO         6547    .conststring        nrf_queue.o
    0x000152f2   0x000152f2   0x00000002   PAD
    0x000152f4   0x000152f4   0x000003bf   Data   RO         6816    .conststring        nrf_strerror.o
    0x000156b3   0x000156b3   0x00000001   PAD
    0x000156b4   0x000156b4   0x00000265   Data   RO         7059    .conststring        nrf_log_frontend.o
    0x00015919   0x00015919   0x00000003   PAD
    0x0001591c   0x0001591c   0x00000048   Data   RO         7345    .conststring        nrf_log_str_formatter.o
    0x00015964   0x00015964   0x000000e3   Data   RO           20    .conststrlit        main.o
    0x00015a47   0x00015a47   0x00000001   PAD
    0x00015a48   0x00015a48   0x00000053   Data   RO          629    .conststrlit        bsp.o
    0x00015a9b   0x00015a9b   0x00000001   PAD
    0x00015a9c   0x00015a9c   0x00000006   Data   RO          882    .conststrlit        nrf_drv_clock.o
    0x00015aa2   0x00015aa2   0x00000002   PAD
    0x00015aa4   0x00015aa4   0x00000006   Data   RO         1429    .conststrlit        nrfx_clock.o
    0x00015aaa   0x00015aaa   0x00000002   PAD
    0x00015aac   0x00015aac   0x00000007   Data   RO         1623    .conststrlit        nrfx_gpiote.o
    0x00015ab3   0x00015ab3   0x00000001   PAD
    0x00015ab4   0x00015ab4   0x00000004   Data   RO         2070    .conststrlit        nrfx_prs.o
    0x00015ab8   0x00015ab8   0x00000005   Data   RO         2233    .conststrlit        nrfx_uart.o
    0x00015abd   0x00015abd   0x00000003   PAD
    0x00015ac0   0x00015ac0   0x00000006   Data   RO         2478    .conststrlit        nrfx_uarte.o
    0x00015ac6   0x00015ac6   0x00000002   PAD
    0x00015ac8   0x00015ac8   0x00000005   Data   RO         2774    .conststrlit        nrfx_usbd.o
    0x00015acd   0x00015acd   0x00000003   PAD
    0x00015ad0   0x00015ad0   0x00000031   Data   RO         3411    .conststrlit        app_button.o
    0x00015b01   0x00015b01   0x00000003   PAD
    0x00015b04   0x00015b04   0x0000001e   Data   RO         3671    .conststrlit        app_timer2.o
    0x00015b22   0x00015b22   0x00000002   PAD
    0x00015b24   0x00015b24   0x00000021   Data   RO         3868    .conststrlit        app_usbd.o
    0x00015b45   0x00015b45   0x00000003   PAD
    0x00015b48   0x00015b48   0x0000000e   Data   RO         4238    .conststrlit        app_usbd_core.o
    0x00015b56   0x00015b56   0x00000002   PAD
    0x00015b58   0x00015b58   0x0000000b   Data   RO         4395    .conststrlit        app_usbd_dummy.o
    0x00015b63   0x00015b63   0x00000001   PAD
    0x00015b64   0x00015b64   0x0000000a   Data   RO         5360    .conststrlit        hardfault_implementation.o
    0x00015b6e   0x00015b6e   0x00000002   PAD
    0x00015b70   0x00015b70   0x00000009   Data   RO         6219    .conststrlit        nrf_cli_uart.o
    0x00015b79   0x00015b79   0x00000003   PAD
    0x00015b7c   0x00015b7c   0x00000009   Data   RO         6457    .conststrlit        nrf_pwr_mgmt.o
    0x00015b85   0x00015b85   0x00000003   PAD
    0x00015b88   0x00015b88   0x00000009   Data   RO         6764    .conststrlit        nrf_sortlist.o
    0x00015b91   0x00015b91   0x00000003   PAD
    0x00015b94   0x00015b94   0x00000010   Data   RO         6967    .conststrlit        nrf_log_default_backends.o
    0x00015ba4   0x00015ba4   0x00000024   Data   RO         7060    .conststrlit        nrf_log_frontend.o
    0x00015bc8   0x00015bc8   0x00000020   Data   RO         8823    Region$$Table       anon$$obj.o
    0x00015be8   0x00015be8   0x00000008   Data   RO          737    cli_command         bsp_cli.o
    0x00015bf0   0x00015bf0   0x00000008   Data   RO         5649    cli_command         nrf_balloc.o
    0x00015bf8   0x00015bf8   0x00000020   Data   RO         5803    cli_command         nrf_cli.o
    0x00015c18   0x00015c18   0x00000008   Data   RO         6548    cli_command         nrf_queue.o
    0x00015c20   0x00015c20   0x00000008   Data   RO         7062    cli_command         nrf_log_frontend.o
    0x00015c28   0x00015c28   0x00000010   Data   RO           22    log_backends        main.o
    0x00015c38   0x00015c38   0x00000010   Data   RO         6969    log_backends        nrf_log_default_backends.o
    0x00015c48   0x00015c48   0x00000020   Data   RO           23    log_const_data      main.o
    0x00015c68   0x00015c68   0x00000018   Data   RO          631    log_const_data      bsp.o
    0x00015c80   0x00015c80   0x00000008   Data   RO          883    log_const_data      nrf_drv_clock.o
    0x00015c88   0x00015c88   0x00000008   Data   RO         1431    log_const_data      nrfx_clock.o
    0x00015c90   0x00015c90   0x00000008   Data   RO         1624    log_const_data      nrfx_gpiote.o
    0x00015c98   0x00015c98   0x00000008   Data   RO         2072    log_const_data      nrfx_prs.o
    0x00015ca0   0x00015ca0   0x00000008   Data   RO         2234    log_const_data      nrfx_uart.o
    0x00015ca8   0x00015ca8   0x00000008   Data   RO         2479    log_const_data      nrfx_uarte.o
    0x00015cb0   0x00015cb0   0x00000008   Data   RO         2776    log_const_data      nrfx_usbd.o
    0x00015cb8   0x00015cb8   0x00000010   Data   RO         3413    log_const_data      app_button.o
    0x00015cc8   0x00015cc8   0x00000010   Data   RO         3673    log_const_data      app_timer2.o
    0x00015cd8   0x00015cd8   0x00000010   Data   RO         3870    log_const_data      app_usbd.o
    0x00015ce8   0x00015ce8   0x00000008   Data   RO         4240    log_const_data      app_usbd_core.o
    0x00015cf0   0x00015cf0   0x00000008   Data   RO         4397    log_const_data      app_usbd_dummy.o
    0x00015cf8   0x00015cf8   0x00000008   Data   RO         5362    log_const_data      hardfault_implementation.o
    0x00015d00   0x00015d00   0x00000008   Data   RO         6220    log_const_data      nrf_cli_uart.o
    0x00015d08   0x00015d08   0x00000008   Data   RO         6459    log_const_data      nrf_pwr_mgmt.o
    0x00015d10   0x00015d10   0x00000008   Data   RO         6765    log_const_data      nrf_sortlist.o
    0x00015d18   0x00015d18   0x00000010   Data   RO         7064    log_const_data      nrf_log_frontend.o
    0x00015d28   0x00015d28   0x0000001c   Data   RO           26    nrf_balloc          main.o
    0x00015d44   0x00015d44   0x0000001c   Data   RO         7067    nrf_balloc          nrf_log_frontend.o
    0x00015d60   0x00015d60   0x0000001c   Data   RO           27    nrf_queue           main.o


    Execution Region RW_IRAM1 (Exec base: 0x20000000, Load base: 0x00015d7c, Size: 0x00003c88, Max: 0x00040000, ABSOLUTE, COMPRESSED[0x00000100])

    Exec Addr    Load Addr    Size         Type   Attr      Idx    E Section Name        Object

    0x20000000   COMPRESSED   0x000000b8   Data   RW           21    .data               main.o
    0x200000b8   COMPRESSED   0x00000095   Data   RW          630    .data               bsp.o
    0x2000014d   COMPRESSED   0x00000003   PAD
    0x20000150   COMPRESSED   0x00000004   Data   RW          736    .data               bsp_cli.o
    0x20000154   COMPRESSED   0x00000001   Data   RW         1022    .data               nrf_drv_power.o
    0x20000155   COMPRESSED   0x00000003   PAD
    0x20000158   COMPRESSED   0x00000012   Data   RW         1103    .data               nrf_drv_uart.o
    0x2000016a   COMPRESSED   0x00000002   PAD
    0x2000016c   COMPRESSED   0x00000009   Data   RW         1430    .data               nrfx_clock.o
    0x20000175   COMPRESSED   0x00000003   PAD
    0x20000178   COMPRESSED   0x00000010   Data   RW         1919    .data               nrfx_power.o
    0x20000188   COMPRESSED   0x00000008   Data   RW         2071    .data               nrfx_prs.o
    0x20000190   COMPRESSED   0x0000001c   Data   RW         2775    .data               nrfx_usbd.o
    0x200001ac   COMPRESSED   0x0000000c   Data   RW         3303    .data               nrf_ecb.o
    0x200001b8   COMPRESSED   0x00000040   Data   RW         3412    .data               app_button.o
    0x200001f8   COMPRESSED   0x00000038   Data   RW         3672    .data               app_timer2.o
    0x20000230   COMPRESSED   0x0000003c   Data   RW         3869    .data               app_usbd.o
    0x2000026c   COMPRESSED   0x00000010   Data   RW         4239    .data               app_usbd_core.o
    0x2000027c   COMPRESSED   0x00000004   Data   RW         4396    .data               app_usbd_dummy.o
    0x20000280   COMPRESSED   0x00000014   Data   RW         4612    .data               app_usbd_hid_kbd.o
    0x20000294   COMPRESSED   0x00000014   Data   RW         4818    .data               app_usbd_hid_mouse.o
    0x200002a8   COMPRESSED   0x0000001c   Data   RW         4989    .data               app_usbd_string_desc.o
    0x200002c4   COMPRESSED   0x00000004   Data   RW         5037    .data               app_util_platform.o
    0x200002c8   COMPRESSED   0x0000000c   Data   RW         5126    .data               drv_rtc.o
    0x200002d4   COMPRESSED   0x00000068   Data   RW         5361    .data               hardfault_implementation.o
    0x2000033c   COMPRESSED   0x00000004   Data   RW         5802    .data               nrf_cli.o
    0x20000340   COMPRESSED   0x00000001   Data   RW         6853    .data               nrf_log_backend_rtt.o
    0x20000341   COMPRESSED   0x00000003   PAD
    0x20000344   COMPRESSED   0x00000008   Data   RW         6968    .data               nrf_log_default_backends.o
    0x2000034c   COMPRESSED   0x00000038   Data   RW         7061    .data               nrf_log_frontend.o
    0x20000384   COMPRESSED   0x00000040   Data   RW         7346    .data               nrf_log_str_formatter.o
    0x200003c4   COMPRESSED   0x00000006   Data   RW         7765    .data               nrf_gzp.o
    0x200003ca   COMPRESSED   0x0000000c   Data   RW         7897    .data               nrf_gzp_host.o
    0x200003d6   COMPRESSED   0x00000002   PAD
    0x200003d8   COMPRESSED   0x00000004   Data   RW         8099    .data               system_nrf52840.o
    0x200003dc   COMPRESSED   0x0000002c   Data   RW         8222    .data               gzll_nrf52840_sd_resources_arm.lib(nrf_gzll.o)
    0x20000408   COMPRESSED   0x0000000c   Data   RW         8379    .data               gzll_nrf52840_sd_resources_arm.lib(nrf_impala.o)
    0x20000414   COMPRESSED   0x0000000c   Data   RW         8484    .data               gzll_nrf52840_sd_resources_arm.lib(nrf_channel_manager.o)
    0x20000420   COMPRESSED   0x00000008   Data   RW         8509    .data               gzll_nrf52840_sd_resources_arm.lib(nrf_flywheel.o)
    0x20000428   COMPRESSED   0x0000000c   Data   RW         8555    .data               gzll_nrf52840_sd_resources_arm.lib(nrf_link_core.o)
    0x20000434   COMPRESSED   0x00000008   Data   RW         8637    .data               gzll_nrf52840_sd_resources_arm.lib(nrf_packet_manager.o)
    0x2000043c   COMPRESSED   0x0000000c   Data   RW         8680    .data               gzll_nrf52840_sd_resources_arm.lib(nrf_state_machine.o)
    0x20000448   COMPRESSED   0x00000004   Data   RW         8703    .data               gzll_nrf52840_sd_resources_arm.lib(nrf_fifo.o)
    0x2000044c   COMPRESSED   0x00000004   Data   RW          738    cli_sorted_cmd_ptrs  bsp_cli.o
    0x20000450   COMPRESSED   0x00000004   Data   RW         5650    cli_sorted_cmd_ptrs  nrf_balloc.o
    0x20000454   COMPRESSED   0x00000010   Data   RW         5804    cli_sorted_cmd_ptrs  nrf_cli.o
    0x20000464   COMPRESSED   0x00000004   Data   RW         6549    cli_sorted_cmd_ptrs  nrf_queue.o
    0x20000468   COMPRESSED   0x00000004   Data   RW         7063    cli_sorted_cmd_ptrs  nrf_log_frontend.o
    0x2000046c   COMPRESSED   0x00000010   Data   RW           24    log_dynamic_data    main.o
    0x2000047c   COMPRESSED   0x0000000c   Data   RW          632    log_dynamic_data    bsp.o
    0x20000488   COMPRESSED   0x00000004   Data   RW          884    log_dynamic_data    nrf_drv_clock.o
    0x2000048c   COMPRESSED   0x00000004   Data   RW         1432    log_dynamic_data    nrfx_clock.o
    0x20000490   COMPRESSED   0x00000004   Data   RW         1625    log_dynamic_data    nrfx_gpiote.o
    0x20000494   COMPRESSED   0x00000004   Data   RW         2073    log_dynamic_data    nrfx_prs.o
    0x20000498   COMPRESSED   0x00000004   Data   RW         2235    log_dynamic_data    nrfx_uart.o
    0x2000049c   COMPRESSED   0x00000004   Data   RW         2480    log_dynamic_data    nrfx_uarte.o
    0x200004a0   COMPRESSED   0x00000004   Data   RW         2777    log_dynamic_data    nrfx_usbd.o
    0x200004a4   COMPRESSED   0x00000008   Data   RW         3414    log_dynamic_data    app_button.o
    0x200004ac   COMPRESSED   0x00000008   Data   RW         3674    log_dynamic_data    app_timer2.o
    0x200004b4   COMPRESSED   0x00000008   Data   RW         3871    log_dynamic_data    app_usbd.o
    0x200004bc   COMPRESSED   0x00000004   Data   RW         4241    log_dynamic_data    app_usbd_core.o
    0x200004c0   COMPRESSED   0x00000004   Data   RW         4398    log_dynamic_data    app_usbd_dummy.o
    0x200004c4   COMPRESSED   0x00000004   Data   RW         5363    log_dynamic_data    hardfault_implementation.o
    0x200004c8   COMPRESSED   0x00000004   Data   RW         6221    log_dynamic_data    nrf_cli_uart.o
    0x200004cc   COMPRESSED   0x00000004   Data   RW         6460    log_dynamic_data    nrf_pwr_mgmt.o
    0x200004d0   COMPRESSED   0x00000004   Data   RW         6766    log_dynamic_data    nrf_sortlist.o
    0x200004d4   COMPRESSED   0x00000008   Data   RW         7065    log_dynamic_data    nrf_log_frontend.o
    0x200004dc   COMPRESSED   0x00000010   Data   RW           25    log_filter_data     main.o
    0x200004ec   COMPRESSED   0x0000000c   Data   RW          633    log_filter_data     bsp.o
    0x200004f8   COMPRESSED   0x00000004   Data   RW          885    log_filter_data     nrf_drv_clock.o
    0x200004fc   COMPRESSED   0x00000004   Data   RW         1433    log_filter_data     nrfx_clock.o
    0x20000500   COMPRESSED   0x00000004   Data   RW         1626    log_filter_data     nrfx_gpiote.o
    0x20000504   COMPRESSED   0x00000004   Data   RW         2074    log_filter_data     nrfx_prs.o
    0x20000508   COMPRESSED   0x00000004   Data   RW         2236    log_filter_data     nrfx_uart.o
    0x2000050c   COMPRESSED   0x00000004   Data   RW         2481    log_filter_data     nrfx_uarte.o
    0x20000510   COMPRESSED   0x00000004   Data   RW         2778    log_filter_data     nrfx_usbd.o
    0x20000514   COMPRESSED   0x00000008   Data   RW         3415    log_filter_data     app_button.o
    0x2000051c   COMPRESSED   0x00000008   Data   RW         3675    log_filter_data     app_timer2.o
    0x20000524   COMPRESSED   0x00000008   Data   RW         3872    log_filter_data     app_usbd.o
    0x2000052c   COMPRESSED   0x00000004   Data   RW         4242    log_filter_data     app_usbd_core.o
    0x20000530   COMPRESSED   0x00000004   Data   RW         4399    log_filter_data     app_usbd_dummy.o
    0x20000534   COMPRESSED   0x00000004   Data   RW         5364    log_filter_data     hardfault_implementation.o
    0x20000538   COMPRESSED   0x00000004   Data   RW         6222    log_filter_data     nrf_cli_uart.o
    0x2000053c   COMPRESSED   0x00000004   Data   RW         6461    log_filter_data     nrf_pwr_mgmt.o
    0x20000540   COMPRESSED   0x00000004   Data   RW         6767    log_filter_data     nrf_sortlist.o
    0x20000544   COMPRESSED   0x00000008   Data   RW         7066    log_filter_data     nrf_log_frontend.o
    0x2000054c        -       0x00000510   Zero   RW           17    .bss                main.o
    0x20000a5c        -       0x0000000c   Zero   RW          627    .bss                bsp.o
    0x20000a68        -       0x00000014   Zero   RW          880    .bss                nrf_drv_clock.o
    0x20000a7c        -       0x0000006c   Zero   RW         1621    .bss                nrfx_gpiote.o
    0x20000ae8        -       0x0000002c   Zero   RW         2231    .bss                nrfx_uart.o
    0x20000b14        -       0x00000024   Zero   RW         2476    .bss                nrfx_uarte.o
    0x20000b38        -       0x00000238   Zero   RW         2772    .bss                nrfx_usbd.o
    0x20000d70        -       0x00000030   Zero   RW         3302    .bss                nrf_ecb.o
    0x20000da0        -       0x00000020   Zero   RW         3409    .bss                app_button.o
    0x20000dc0        -       0x00000020   Zero   RW         3500    .bss                app_error.o
    0x20000de0        -       0x00000058   Zero   RW         3669    .bss                app_timer2.o
    0x20000e38        -       0x000001a4   Zero   RW         3866    .bss                app_usbd.o
    0x20000fdc        -       0x00000064   Zero   RW         4236    .bss                app_usbd_core.o
    0x20001040        -       0x00000040   Zero   RW         6851    .bss                nrf_log_backend_rtt.o
    0x20001080        -       0x0000057c   Zero   RW         7057    .bss                nrf_log_frontend.o
    0x200015fc        -       0x00000288   Zero   RW         7423    .bss                segger_rtt.o
    0x20001884        -       0x0000002d   Zero   RW         7763    .bss                nrf_gzp.o
    0x200018b1        -       0x0000000d   Zero   RW         7896    .bss                nrf_gzp_host.o
    0x200018be   COMPRESSED   0x00000002   PAD
    0x200018c0        -       0x0000000c   Zero   RW         8221    .bss                gzll_nrf52840_sd_resources_arm.lib(nrf_gzll.o)
    0x200018cc        -       0x00000070   Zero   RW         8378    .bss                gzll_nrf52840_sd_resources_arm.lib(nrf_impala.o)
    0x2000193c        -       0x0000001c   Zero   RW         8553    .bss                gzll_nrf52840_sd_resources_arm.lib(nrf_link_core.o)
    0x20001958        -       0x000000d8   Zero   RW         8595    .bss                gzll_nrf52840_sd_resources_arm.lib(nrf_notification_manager.o)
    0x20001a30        -       0x00000084   Zero   RW         8636    .bss                gzll_nrf52840_sd_resources_arm.lib(nrf_packet_manager.o)
    0x20001ab4        -       0x000001d4   Zero   RW         8702    .bss                gzll_nrf52840_sd_resources_arm.lib(nrf_fifo.o)
    0x20001c88        -       0x00002000   Zero   RW         8080    STACK               arm_startup_nrf52840.o


==============================================================================

Image component sizes


      Code (inc. data)   RO Data    RW Data    ZI Data      Debug   Object Name

       826        104         72         80         32      18463   app_button.o
       136          4          0          0         32       3362   app_error.o
        26          0          0          0          0        556   app_error_handler_keil.o
       360        128          0          0          0       1558   app_error_weak.o
      1136        120         66         72         88      19171   app_timer2.o
      3676        400        118         76        420      89378   app_usbd.o
      2264        144        103         24        100      59294   app_usbd_core.o
       630         10         39         12          0      20933   app_usbd_dummy.o
      1388         16          0          0          0      31500   app_usbd_hid.o
      3166         76         60         20          0      52011   app_usbd_hid_kbd.o
      3090         72         52         20          0      35157   app_usbd_hid_mouse.o
       184         16        106         28          0       3387   app_usbd_string_desc.o
        64         10          0          4          0       3362   app_util_platform.o
        36          8        512          0       8192        916   arm_startup_nrf52840.o
       492         38          8          0          0      53804   boards.o
      1462        120        151        173         12      13514   bsp.o
       100         24        129          8          0      23121   bsp_cli.o
      1010        102          6         12          0      50889   drv_rtc.o
        52         14          0          0          0        604   hardfault_handler_keil.o
       712        276       1319        112          0      30394   hardfault_implementation.o
      1966        350        776        216       1296     184163   main.o
       352          0          0          0          0       5909   nrf_atfifo.o
       458          0          0          0          0      10925   nrf_atomic.o
       438         32        291          4          0      21448   nrf_balloc.o
     10572        894       1162         20          0      84968   nrf_cli.o
       862         34         37          8          0      21081   nrf_cli_uart.o
       462         42         14          8         20      14025   nrf_drv_clock.o
        82         10          1          1          0       6239   nrf_drv_power.o
       252         42          0         18          0      17688   nrf_drv_uart.o
       180         44          0         12         48       2905   nrf_ecb.o
        70          0          0          0          0       2005   nrf_fprintf.o
      1030          6         16          0          0       7134   nrf_fprintf_format.o
       728         58         23          6         45      10671   nrf_gzp.o
      1390        116       4096         12         13      20287   nrf_gzp_host.o
        84          0          0          0          0       1348   nrf_gzp_host_nrf5x.o
       168         16         22          1         64       5626   nrf_log_backend_rtt.o
       242          0          0          0          0      10929   nrf_log_backend_serial.o
         0          0         32          8          0       2489   nrf_log_default_backends.o
      4516        754       1065         76       1404      66456   nrf_log_frontend.o
       626        112         72         64          0       5956   nrf_log_str_formatter.o
       514          0          0          0          0       8147   nrf_memobj.o
         0          0          0          0          0       1472   nrf_nvic.o
       176          8          0          0          0       2625   nrf_nvmc.o
         2          0         17          8          0       5789   nrf_pwr_mgmt.o
       734         58        230          4          0      17131   nrf_queue.o
       732          0          0          0          0       7358   nrf_ringbuf.o
       110          0         17          8          0       4170   nrf_sortlist.o
        92         10       1259          0          0       2715   nrf_strerror.o
       248          0          0          0          0       3040   nrfx_atomic.o
       492         48         14         17          0      47565   nrfx_clock.o
      1826        120         81          8        108      64911   nrfx_gpiote.o
       558         56          0         16          0      18753   nrfx_power.o
       134         14         12         16          0       4627   nrfx_prs.o
        78          8          0          0          0       5019   nrfx_systick.o
      2030         66         59          8         44      39590   nrfx_uart.o
      2006         70         62          8         36      35492   nrfx_uarte.o
      6786        628        221         36        568     126496   nrfx_usbd.o
       350          6          0          0        648       7199   segger_rtt.o
       892        102          0          4          0       5971   system_nrf52840.o

    ----------------------------------------------------------------------
     63168       5386      12436       1244      13172    1421696   Object Totals
         0          0         32          0          0          0   (incl. Generated)
       120          0         84         16          2          0   (incl. Padding)

    ----------------------------------------------------------------------

      Code (inc. data)   RO Data    RW Data    ZI Data      Debug   Library Member Name

         4          0          0          0          0        116   nrf_assert_internal.o
       216         52          0         12          0        848   nrf_channel_manager.o
       674        110          0          4        468       1368   nrf_fifo.o
       566         90          0          8          0       1228   nrf_flywheel.o
      1538        180          0         44         12       3544   nrf_gzll.o
      4088        500          0         12        112       8200   nrf_impala.o
      3020        392         48         12         28       3580   nrf_link_core.o
       324         34          0          0        216        508   nrf_notification_manager.o
      1086        116          0          8        132       3400   nrf_packet_manager.o
        92         32          0         12          0        588   nrf_state_machine.o
        56          8          0          0          0         84   __0sscanf.o
        86          0          0          0          0          0   __dczerorl2.o
        28          0          0          0          0         68   _chval.o
       812          4          0          0          0        112   _scanf.o
       332          0          0          0          0         96   _scanf_int.o
        64          0          0          0          0         84   _sgetc.o
         8          4        133          0          0         68   ctype_o.o
         0          0          0          0          0          0   entry.o
         0          0          0          0          0          0   entry10a.o
         0          0          0          0          0          0   entry11a.o
         8          4          0          0          0          0   entry2.o
         4          0          0          0          0          0   entry5.o
         0          0          0          0          0          0   entry7b.o
         0          0          0          0          0          0   entry8b.o
         8          4          0          0          0          0   entry9a.o
        30          0          0          0          0          0   handlers.o
        36          8          0          0          0         68   init.o
        18          0          0          0          0         76   isspace_o.o
        30          0          0          0          0         68   llshl.o
        32          0          0          0          0         68   llushr.o
        26          0          0          0          0         80   memcmp.o
        64          0          0          0          0         76   memmovea.o
        36          0          0          0          0        108   memseta.o
       156          0          0          0          0         88   qsort.o
        40          8          0          0          0         84   scanf_char.o
        28          0          0          0          0         76   strcmp.o
        18          0          0          0          0         68   strcpy.o
        14          0          0          0          0         68   strlen.o
        30          0          0          0          0         80   strncmp.o
        98          0          0          0          0         92   uldiv.o

    ----------------------------------------------------------------------
     13680       1546        184        112        968      24992   Library Totals
        10          0          3          0          0          0   (incl. Padding)

    ----------------------------------------------------------------------

      Code (inc. data)   RO Data    RW Data    ZI Data      Debug   Library Name

     11608       1506         48        112        968      23380   gzll_nrf52840_sd_resources_arm.lib
      2062         40        133          0          0       1612   mc_w.l

    ----------------------------------------------------------------------
     13680       1546        184        112        968      24992   Library Totals

    ----------------------------------------------------------------------

==============================================================================


      Code (inc. data)   RO Data    RW Data    ZI Data      Debug   

     76848       6932      12620       1356      14140    1351092   Grand Totals
     76848       6932      12620        256      14140    1351092   ELF Image Totals (compressed)
     76848       6932      12620        256          0          0   ROM Totals

==============================================================================

    Total RO  Size (Code + RO Data)                89468 (  87.37kB)
    Total RW  Size (RW Data + ZI Data)             15496 (  15.13kB)
    Total ROM Size (Code + RO Data + RW Data)      89724 (  87.62kB)

==============================================================================

